start dxgi_module=00006ffffe280000 dxgi_path_chars=28 dxgi_path=C:\windows\system32\dxgi.dll
call=CreateDXGIFactory hr=0x00000000 factory=00007f8c413a42d0
call=CreateDXGIFactory1 hr=0x00000000 factory=00007f8c413a42d0
call=CreateDXGIFactory2 hr=0x00000000 factory=00007f8c413a42d0
adapter_interface version=4 hr=0x00000000 adapter=00007f8c413a64b0
adapter_interface_matrix adapter0=1 adapter1=1 adapter2=1 adapter3=1 adapter4=1
com_identity factory_qi_iunknown=1 adapter_getparent_factory=1 result=PASS
adapter_enum_output_zero hr=0x00000000 output=00007f8c41398330
output_interface version=6 hr=0x00000000 output=00007f8c41398330
com_identity output_getparent_adapter hr=0x00000000 same_adapter=1
interface name=IDXGIFactory hr=0x00000000 ptr=00007f8c413a42d0
interface name=IDXGIFactory1 hr=0x00000000 ptr=00007f8c413a42d0
interface name=IDXGIFactory2 hr=0x00000000 ptr=00007f8c413a42d0
interface name=IDXGIFactory3 hr=0x00000000 ptr=00007f8c413a42d0
interface name=IDXGIFactory4 hr=0x00000000 ptr=00007f8c413a42d0
interface name=IDXGIFactory5 hr=0x00000000 ptr=00007f8c413a42d0
interface name=IDXGIFactory6 hr=0x00000000 ptr=00007f8c413a42d0
interface name=IDXGIFactory7 hr=0x00000000 ptr=00007f8c413a42d0
interface name=IDXGIFactoryMedia hr=0x80004002 ptr=0000000000000000
call=D3D12CreateDevice hr=0x00000000 device=00007f8c418e7010
call=CreateCommandQueue hr=0x00000000 queue=00007f8c40a1b210
call=CreateSwapChainForHwnd hr=0x00000000 swapchain=00007f8c208f8890
call=QueryInterface_IDXGISwapChain3 hr=0x00000000 swapchain3=00007f8c208f8890
com_identity swapchain_getparent_factory hr=0x00000000 same_factory=1
interface name=IDXGISwapChainMedia hr=0x80004002 ptr=0000000000000000
interface name=IDXGISwapChain hr=0x00000000 ptr=00007f8c208f8890
interface name=IDXGISwapChain1 hr=0x00000000 ptr=00007f8c208f8890
interface name=IDXGISwapChain2 hr=0x00000000 ptr=00007f8c208f8890
interface name=IDXGISwapChain3 hr=0x00000000 ptr=00007f8c208f8890
interface name=IDXGISwapChain4 hr=0x00000000 ptr=00007f8c208f8890
test_case=D frames=15 target_fps=0 source_index_policy=local_increment_once_per_source_present allocator_policy=per_backbuffer
timing qpc_frequency=10000000 target_fps=0
present frame=0 source_index=0 allocator_index=0 expected_next=1 observed_next=1 qpc=3105519718558 duration_ticks=159 hr=0x00000000
present frame=1 source_index=1 allocator_index=1 expected_next=2 observed_next=2 qpc=3105519719988 duration_ticks=17 hr=0x00000000
present frame=2 source_index=2 allocator_index=2 expected_next=0 observed_next=0 qpc=3105519720262 duration_ticks=5 hr=0x00000000
present frame=3 source_index=0 allocator_index=0 expected_next=1 observed_next=1 qpc=3105519801837 duration_ticks=8302 hr=0x00000000
present frame=4 source_index=1 allocator_index=1 expected_next=2 observed_next=2 qpc=3105519811639 duration_ticks=927 hr=0x00000000
present frame=5 source_index=2 allocator_index=2 expected_next=0 observed_next=0 qpc=3105519812941 duration_ticks=2374 hr=0x00000000
present frame=6 source_index=0 allocator_index=0 expected_next=1 observed_next=1 qpc=3105519816166 duration_ticks=833 hr=0x00000000
present frame=7 source_index=1 allocator_index=1 expected_next=2 observed_next=2 qpc=3105519817788 duration_ticks=28012 hr=0x00000000
present frame=8 source_index=2 allocator_index=2 expected_next=0 observed_next=0 qpc=3105519846375 duration_ticks=56516 hr=0x00000000
present frame=9 source_index=0 allocator_index=0 expected_next=1 observed_next=1 qpc=3105519903609 duration_ticks=91212 hr=0x00000000
present frame=10 source_index=1 allocator_index=1 expected_next=2 observed_next=2 qpc=3105519995348 duration_ticks=163764 hr=0x00000000
present frame=11 source_index=2 allocator_index=2 expected_next=0 observed_next=0 qpc=3105520159846 duration_ticks=166193 hr=0x00000000
present frame=12 source_index=0 allocator_index=0 expected_next=1 observed_next=1 qpc=3105520326958 duration_ticks=164951 hr=0x00000000
present frame=13 source_index=1 allocator_index=1 expected_next=2 observed_next=2 qpc=3105520492576 duration_ticks=167460 hr=0x00000000
present frame=14 source_index=2 allocator_index=2 expected_next=0 observed_next=0 qpc=3105520660936 duration_ticks=164919 hr=0x00000000
complete frames=15 elapsed_ticks=1115358
frame_statistics hr=0x00000000 present_count=15 present_refresh=15 sync_refresh=15
last_present_count hr=0x00000000 count=15
memory_sample hr=0x00000000 current_working_set=81559552 current_private=44376715264 max_sampled_working_set=81559552 max_sampled_private=44376715264 sample_interval_frames=30
bookkeeping_result case=D invariant_mismatches=0 result=PASS
