start dxgi_module=00006ffffe280000 dxgi_path_chars=28 dxgi_path=C:\windows\system32\dxgi.dll
call=CreateDXGIFactory hr=0x00000000 factory=00007fe1b76c7f00
call=CreateDXGIFactory1 hr=0x00000000 factory=00007fe1b76c7f00
call=CreateDXGIFactory2 hr=0x00000000 factory=00007fe1b76c7f00
adapter_interface version=4 hr=0x00000000 adapter=00007fe196de2d70
adapter_interface_matrix adapter0=1 adapter1=1 adapter2=1 adapter3=1 adapter4=1
com_identity factory_qi_iunknown=1 adapter_getparent_factory=1 result=PASS
adapter_enum_output_zero hr=0x00000000 output=00007fe196db8380
output_interface version=6 hr=0x00000000 output=00007fe196db8380
com_identity output_getparent_adapter hr=0x00000000 same_adapter=1
interface name=IDXGIFactory hr=0x00000000 ptr=00007fe1b76c7f00
interface name=IDXGIFactory1 hr=0x00000000 ptr=00007fe1b76c7f00
interface name=IDXGIFactory2 hr=0x00000000 ptr=00007fe1b76c7f00
interface name=IDXGIFactory3 hr=0x00000000 ptr=00007fe1b76c7f00
interface name=IDXGIFactory4 hr=0x00000000 ptr=00007fe1b76c7f00
interface name=IDXGIFactory5 hr=0x00000000 ptr=00007fe1b76c7f00
interface name=IDXGIFactory6 hr=0x00000000 ptr=00007fe1b76c7f00
interface name=IDXGIFactory7 hr=0x00000000 ptr=00007fe1b76c7f00
interface name=IDXGIFactoryMedia hr=0x80004002 ptr=0000000000000000
call=D3D12CreateDevice hr=0x00000000 device=00007fe1b692c210
call=CreateCommandQueue hr=0x00000000 queue=00007fe1c006b610
call=CreateSwapChainForHwnd hr=0x00000000 swapchain=00007fe1b7559460
call=QueryInterface_IDXGISwapChain3 hr=0x00000000 swapchain3=00007fe1b7559460
com_identity swapchain_getparent_factory hr=0x00000000 same_factory=1
interface name=IDXGISwapChainMedia hr=0x80004002 ptr=0000000000000000
interface name=IDXGISwapChain hr=0x00000000 ptr=00007fe1b7559460
interface name=IDXGISwapChain1 hr=0x00000000 ptr=00007fe1b7559460
interface name=IDXGISwapChain2 hr=0x00000000 ptr=00007fe1b7559460
interface name=IDXGISwapChain3 hr=0x00000000 ptr=00007fe1b7559460
interface name=IDXGISwapChain4 hr=0x00000000 ptr=00007fe1b7559460
test_case=A frames=15 target_fps=0 source_index_policy=GetCurrentBackBufferIndex_each_frame allocator_policy=per_backbuffer
timing qpc_frequency=10000000 target_fps=0
present frame=0 source_index=0 allocator_index=0 expected_next=1 observed_next=1 qpc=3105500758254 duration_ticks=128 hr=0x00000000
present frame=1 source_index=1 allocator_index=1 expected_next=2 observed_next=2 qpc=3105500759415 duration_ticks=11 hr=0x00000000
present frame=2 source_index=2 allocator_index=2 expected_next=0 observed_next=0 qpc=3105500759625 duration_ticks=5 hr=0x00000000
present frame=3 source_index=0 allocator_index=0 expected_next=1 observed_next=1 qpc=3105500905382 duration_ticks=52 hr=0x00000000
present frame=4 source_index=1 allocator_index=1 expected_next=2 observed_next=2 qpc=3105500906042 duration_ticks=9 hr=0x00000000
present frame=5 source_index=2 allocator_index=2 expected_next=0 observed_next=0 qpc=3105500906232 duration_ticks=5 hr=0x00000000
present frame=6 source_index=0 allocator_index=0 expected_next=1 observed_next=1 qpc=3105500910706 duration_ticks=1512 hr=0x00000000
present frame=7 source_index=1 allocator_index=1 expected_next=2 observed_next=2 qpc=3105500912484 duration_ticks=1607 hr=0x00000000
present frame=8 source_index=2 allocator_index=2 expected_next=0 observed_next=0 qpc=3105500914275 duration_ticks=1610 hr=0x00000000
present frame=9 source_index=0 allocator_index=0 expected_next=1 observed_next=1 qpc=3105500916158 duration_ticks=2025 hr=0x00000000
present frame=10 source_index=1 allocator_index=1 expected_next=2 observed_next=2 qpc=3105500918426 duration_ticks=2560 hr=0x00000000
present frame=11 source_index=2 allocator_index=2 expected_next=0 observed_next=0 qpc=3105500921189 duration_ticks=1694 hr=0x00000000
present frame=12 source_index=0 allocator_index=0 expected_next=1 observed_next=1 qpc=3105500923046 duration_ticks=1661 hr=0x00000000
present frame=13 source_index=1 allocator_index=1 expected_next=2 observed_next=2 qpc=3105500924988 duration_ticks=1637 hr=0x00000000
present frame=14 source_index=2 allocator_index=2 expected_next=0 observed_next=0 qpc=3105500926795 duration_ticks=1631 hr=0x00000000
complete frames=15 elapsed_ticks=177234
frame_statistics hr=0x00000000 present_count=15 present_refresh=15 sync_refresh=15
last_present_count hr=0x00000000 count=15
memory_sample hr=0x00000000 current_working_set=80601088 current_private=44395614208 max_sampled_working_set=80601088 max_sampled_private=44395614208 sample_interval_frames=30
bookkeeping_result case=A invariant_mismatches=0 result=PASS
