start dxgi_module=00006ffffe280000 dxgi_path_chars=28 dxgi_path=C:\windows\system32\dxgi.dll
call=CreateDXGIFactory hr=0x00000000 factory=00007f9cad7daa60
call=CreateDXGIFactory1 hr=0x00000000 factory=00007f9cad7daa60
call=CreateDXGIFactory2 hr=0x00000000 factory=00007f9cad7daa60
adapter_interface version=4 hr=0x00000000 adapter=00007f9cad7dace0
adapter_interface_matrix adapter0=1 adapter1=1 adapter2=1 adapter3=1 adapter4=1
com_identity factory_qi_iunknown=1 adapter_getparent_factory=1 result=PASS
adapter_enum_output_zero hr=0x00000000 output=00007f9cad7daef0
output_interface version=6 hr=0x00000000 output=00007f9cad7daef0
com_identity output_getparent_adapter hr=0x00000000 same_adapter=1
interface name=IDXGIFactory hr=0x00000000 ptr=00007f9cad7daa60
interface name=IDXGIFactory1 hr=0x00000000 ptr=00007f9cad7daa60
interface name=IDXGIFactory2 hr=0x00000000 ptr=00007f9cad7daa60
interface name=IDXGIFactory3 hr=0x00000000 ptr=00007f9cad7daa60
interface name=IDXGIFactory4 hr=0x00000000 ptr=00007f9cad7daa60
interface name=IDXGIFactory5 hr=0x00000000 ptr=00007f9cad7daa60
interface name=IDXGIFactory6 hr=0x00000000 ptr=00007f9cad7daa60
interface name=IDXGIFactory7 hr=0x00000000 ptr=00007f9cad7daa60
interface name=IDXGIFactoryMedia hr=0x80004002 ptr=0000000000000000
call=D3D12CreateDevice hr=0x00000000 device=00007f9cce0a0a10
call=CreateCommandQueue hr=0x00000000 queue=00007f9ccd18ca10
call=CreateSwapChainForHwnd hr=0x00000000 swapchain=00007f9c9d206df0
call=QueryInterface_IDXGISwapChain3 hr=0x00000000 swapchain3=00007f9c9d206df0
com_identity swapchain_getparent_factory hr=0x00000000 same_factory=1
interface name=IDXGISwapChainMedia hr=0x80004002 ptr=0000000000000000
interface name=IDXGISwapChain hr=0x00000000 ptr=00007f9c9d206df0
interface name=IDXGISwapChain1 hr=0x00000000 ptr=00007f9c9d206df0
interface name=IDXGISwapChain2 hr=0x00000000 ptr=00007f9c9d206df0
interface name=IDXGISwapChain3 hr=0x00000000 ptr=00007f9c9d206df0
interface name=IDXGISwapChain4 hr=0x00000000 ptr=00007f9c9d206df0
test_case=E frames=15 target_fps=0 source_index_policy=local_increment_once_per_source_present allocator_policy=three_frame_context_ring
timing qpc_frequency=10000000 target_fps=0
present frame=0 source_index=0 allocator_index=0 expected_next=1 observed_next=1 qpc=3105526980317 duration_ticks=480 hr=0x00000000
present frame=1 source_index=1 allocator_index=1 expected_next=2 observed_next=2 qpc=3105526982395 duration_ticks=15 hr=0x00000000
present frame=2 source_index=2 allocator_index=2 expected_next=0 observed_next=0 qpc=3105526983163 duration_ticks=40 hr=0x00000000
present frame=3 source_index=0 allocator_index=0 expected_next=1 observed_next=1 qpc=3105527104332 duration_ticks=55 hr=0x00000000
present frame=4 source_index=1 allocator_index=1 expected_next=2 observed_next=2 qpc=3105527105162 duration_ticks=3623 hr=0x00000000
present frame=5 source_index=2 allocator_index=2 expected_next=0 observed_next=0 qpc=3105527112607 duration_ticks=214 hr=0x00000000
present frame=6 source_index=0 allocator_index=0 expected_next=1 observed_next=1 qpc=3105527113471 duration_ticks=16 hr=0x00000000
present frame=7 source_index=1 allocator_index=1 expected_next=2 observed_next=2 qpc=3105527113714 duration_ticks=4145 hr=0x00000000
present frame=8 source_index=2 allocator_index=2 expected_next=0 observed_next=0 qpc=3105527121281 duration_ticks=16 hr=0x00000000
present frame=9 source_index=0 allocator_index=0 expected_next=1 observed_next=1 qpc=3105527121584 duration_ticks=716 hr=0x00000000
present frame=10 source_index=1 allocator_index=1 expected_next=2 observed_next=2 qpc=3105527122847 duration_ticks=814 hr=0x00000000
present frame=11 source_index=2 allocator_index=2 expected_next=0 observed_next=0 qpc=3105527126177 duration_ticks=8 hr=0x00000000
present frame=12 source_index=0 allocator_index=0 expected_next=1 observed_next=1 qpc=3105527126605 duration_ticks=1832 hr=0x00000000
present frame=13 source_index=1 allocator_index=1 expected_next=2 observed_next=2 qpc=3105527129250 duration_ticks=725 hr=0x00000000
present frame=14 source_index=2 allocator_index=2 expected_next=0 observed_next=0 qpc=3105527130452 duration_ticks=5 hr=0x00000000
complete frames=15 elapsed_ticks=158505
frame_statistics hr=0x00000000 present_count=15 present_refresh=15 sync_refresh=15
last_present_count hr=0x00000000 count=15
memory_sample hr=0x00000000 current_working_set=85569536 current_private=44398731264 max_sampled_working_set=85569536 max_sampled_private=44398731264 sample_interval_frames=30
bookkeeping_result case=E invariant_mismatches=0 result=PASS
