start dxgi_module=00006fffff070000 dxgi_path_chars=84 dxgi_path=Z:\var\folders\4l\yp39dwhd7rg2y9xscgvhkyqw0000gn\T\fg-step8d1-copy-E.SBn7Pp\dxgi.dll
call=CreateDXGIFactory hr=0x00000000 factory=000000000080e7c0
call=CreateDXGIFactory1 hr=0x00000000 factory=000000000080e7c0
call=CreateDXGIFactory2 hr=0x00000000 factory=000000000080e7c0
adapter_interface version=4 hr=0x00000000 adapter=00000000008129a0
adapter_interface_matrix adapter0=1 adapter1=1 adapter2=1 adapter3=1 adapter4=1
com_identity factory_qi_iunknown=1 adapter_getparent_factory=1 result=PASS
adapter_enum_output_zero hr=0x00000000 output=00000000008129e0
output_interface version=6 hr=0x00000000 output=00000000008129e0
com_identity output_getparent_adapter hr=0x00000000 same_adapter=1
interface name=IDXGIFactory hr=0x00000000 ptr=000000000080e7c0
interface name=IDXGIFactory1 hr=0x00000000 ptr=000000000080e7c0
interface name=IDXGIFactory2 hr=0x00000000 ptr=000000000080e7c0
interface name=IDXGIFactory3 hr=0x00000000 ptr=000000000080e7c0
interface name=IDXGIFactory4 hr=0x00000000 ptr=000000000080e7c0
interface name=IDXGIFactory5 hr=0x00000000 ptr=000000000080e7c0
interface name=IDXGIFactory6 hr=0x00000000 ptr=000000000080e7c0
interface name=IDXGIFactory7 hr=0x00000000 ptr=000000000080e7c0
interface name=IDXGIFactoryMedia hr=0x80004002 ptr=0000000000000000
call=D3D12CreateDevice hr=0x00000000 device=00007fae5e88c010
call=CreateCommandQueue hr=0x00000000 queue=00007fae5e124210
call=CreateSwapChainForHwnd hr=0x00000000 swapchain=0000000000813160
call=QueryInterface_IDXGISwapChain3 hr=0x00000000 swapchain3=0000000000813160
com_identity swapchain_getparent_factory hr=0x00000000 same_factory=1
interface name=IDXGISwapChainMedia hr=0x80004002 ptr=0000000000000000
interface name=IDXGISwapChain hr=0x00000000 ptr=0000000000813160
interface name=IDXGISwapChain1 hr=0x00000000 ptr=0000000000813160
interface name=IDXGISwapChain2 hr=0x00000000 ptr=0000000000813160
interface name=IDXGISwapChain3 hr=0x00000000 ptr=0000000000813160
interface name=IDXGISwapChain4 hr=0x00000000 ptr=0000000000813160
test_case=E frames=15 target_fps=0 source_index_policy=local_increment_once_per_source_present allocator_policy=three_frame_context_ring
timing qpc_frequency=10000000 target_fps=0
present frame=0 source_index=0 allocator_index=0 expected_next=1 observed_next=1 qpc=3105594096197 duration_ticks=21289 hr=0x00000000
present frame=1 source_index=1 allocator_index=1 expected_next=2 observed_next=2 qpc=3105594120169 duration_ticks=3946 hr=0x00000000
present frame=2 source_index=2 allocator_index=2 expected_next=0 observed_next=0 qpc=3105594124324 duration_ticks=3647 hr=0x00000000
present frame=3 source_index=0 allocator_index=0 expected_next=1 observed_next=1 qpc=3105594251767 duration_ticks=6401 hr=0x00000000
present frame=4 source_index=1 allocator_index=1 expected_next=2 observed_next=2 qpc=3105594259251 duration_ticks=5028 hr=0x00000000
present frame=5 source_index=2 allocator_index=2 expected_next=0 observed_next=0 qpc=3105594264497 duration_ticks=4786 hr=0x00000000
present frame=6 source_index=0 allocator_index=0 expected_next=1 observed_next=1 qpc=3105594269457 duration_ticks=3462 hr=0x00000000
present frame=7 source_index=1 allocator_index=1 expected_next=2 observed_next=2 qpc=3105594273155 duration_ticks=4443 hr=0x00000000
present frame=8 source_index=2 allocator_index=2 expected_next=0 observed_next=0 qpc=3105594277785 duration_ticks=3532 hr=0x00000000
present frame=9 source_index=0 allocator_index=0 expected_next=1 observed_next=1 qpc=3105594281466 duration_ticks=3796 hr=0x00000000
present frame=10 source_index=1 allocator_index=1 expected_next=2 observed_next=2 qpc=3105594285501 duration_ticks=4282 hr=0x00000000
present frame=11 source_index=2 allocator_index=2 expected_next=0 observed_next=0 qpc=3105594289955 duration_ticks=3211 hr=0x00000000
present frame=12 source_index=0 allocator_index=0 expected_next=1 observed_next=1 qpc=3105594293392 duration_ticks=4282 hr=0x00000000
present frame=13 source_index=1 allocator_index=1 expected_next=2 observed_next=2 qpc=3105594297872 duration_ticks=3573 hr=0x00000000
present frame=14 source_index=2 allocator_index=2 expected_next=0 observed_next=0 qpc=3105594301702 duration_ticks=3223 hr=0x00000000
complete frames=15 elapsed_ticks=216290
frame_statistics hr=0x00000000 present_count=15 present_refresh=15 sync_refresh=15
last_present_count hr=0x00000000 count=15
memory_sample hr=0x00000000 current_working_set=90615808 current_private=44408315904 max_sampled_working_set=90615808 max_sampled_private=44408315904 sample_interval_frames=30
bookkeeping_result case=E invariant_mismatches=0 result=PASS
