start dxgi_module=00006fffff070000 dxgi_path_chars=84 dxgi_path=Z:\var\folders\4l\yp39dwhd7rg2y9xscgvhkyqw0000gn\T\fg-step8d1-copy-C.oBm3Zz\dxgi.dll
call=CreateDXGIFactory hr=0x00000000 factory=000000000080e7c0
call=CreateDXGIFactory1 hr=0x00000000 factory=000000000080e7c0
call=CreateDXGIFactory2 hr=0x00000000 factory=000000000080e7c0
adapter_interface version=4 hr=0x00000000 adapter=00000000008129a0
adapter_interface_matrix adapter0=1 adapter1=1 adapter2=1 adapter3=1 adapter4=1
com_identity factory_qi_iunknown=1 adapter_getparent_factory=1 result=PASS
adapter_enum_output_zero hr=0x00000000 output=00000000008129e0
output_interface version=6 hr=0x00000000 output=00000000008129e0
com_identity output_getparent_adapter hr=0x00000000 same_adapter=1
interface name=IDXGIFactory hr=0x00000000 ptr=000000000080e7c0
interface name=IDXGIFactory1 hr=0x00000000 ptr=000000000080e7c0
interface name=IDXGIFactory2 hr=0x00000000 ptr=000000000080e7c0
interface name=IDXGIFactory3 hr=0x00000000 ptr=000000000080e7c0
interface name=IDXGIFactory4 hr=0x00000000 ptr=000000000080e7c0
interface name=IDXGIFactory5 hr=0x00000000 ptr=000000000080e7c0
interface name=IDXGIFactory6 hr=0x00000000 ptr=000000000080e7c0
interface name=IDXGIFactory7 hr=0x00000000 ptr=000000000080e7c0
interface name=IDXGIFactoryMedia hr=0x80004002 ptr=0000000000000000
call=D3D12CreateDevice hr=0x00000000 device=00007ff04b064e10
call=CreateCommandQueue hr=0x00000000 queue=00007ff04a87fe10
call=CreateSwapChainForHwnd hr=0x00000000 swapchain=0000000000813160
call=QueryInterface_IDXGISwapChain3 hr=0x00000000 swapchain3=0000000000813160
com_identity swapchain_getparent_factory hr=0x00000000 same_factory=1
interface name=IDXGISwapChainMedia hr=0x80004002 ptr=0000000000000000
interface name=IDXGISwapChain hr=0x00000000 ptr=0000000000813160
interface name=IDXGISwapChain1 hr=0x00000000 ptr=0000000000813160
interface name=IDXGISwapChain2 hr=0x00000000 ptr=0000000000813160
interface name=IDXGISwapChain3 hr=0x00000000 ptr=0000000000813160
interface name=IDXGISwapChain4 hr=0x00000000 ptr=0000000000813160
test_case=C frames=15 target_fps=0 source_index_policy=local_increment_once_per_source_present allocator_policy=three_frame_context_ring
timing qpc_frequency=10000000 target_fps=0
present frame=0 source_index=0 allocator_index=0 expected_next=1 observed_next=1 qpc=3105581518193 duration_ticks=16614 hr=0x00000000
present frame=1 source_index=1 allocator_index=1 expected_next=2 observed_next=2 qpc=3105581538617 duration_ticks=6658 hr=0x00000000
present frame=2 source_index=2 allocator_index=2 expected_next=0 observed_next=0 qpc=3105581545562 duration_ticks=3251 hr=0x00000000
present frame=3 source_index=0 allocator_index=0 expected_next=1 observed_next=1 qpc=3105581599377 duration_ticks=15285 hr=0x00000000
present frame=4 source_index=1 allocator_index=1 expected_next=2 observed_next=2 qpc=3105581615674 duration_ticks=5046 hr=0x00000000
present frame=5 source_index=2 allocator_index=2 expected_next=0 observed_next=0 qpc=3105581620959 duration_ticks=5351 hr=0x00000000
present frame=6 source_index=0 allocator_index=0 expected_next=1 observed_next=1 qpc=3105581627165 duration_ticks=3045 hr=0x00000000
present frame=7 source_index=1 allocator_index=1 expected_next=2 observed_next=2 qpc=3105581630370 duration_ticks=5478 hr=0x00000000
present frame=8 source_index=2 allocator_index=2 expected_next=0 observed_next=0 qpc=3105581636084 duration_ticks=5255 hr=0x00000000
present frame=9 source_index=0 allocator_index=0 expected_next=1 observed_next=1 qpc=3105581641788 duration_ticks=4971 hr=0x00000000
present frame=10 source_index=1 allocator_index=1 expected_next=2 observed_next=2 qpc=3105581646973 duration_ticks=4086 hr=0x00000000
present frame=11 source_index=2 allocator_index=2 expected_next=0 observed_next=0 qpc=3105581651380 duration_ticks=4382 hr=0x00000000
present frame=12 source_index=0 allocator_index=0 expected_next=1 observed_next=1 qpc=3105581656005 duration_ticks=2497 hr=0x00000000
present frame=13 source_index=1 allocator_index=1 expected_next=2 observed_next=2 qpc=3105581658654 duration_ticks=27501 hr=0x00000000
present frame=14 source_index=2 allocator_index=2 expected_next=0 observed_next=0 qpc=3105581686637 duration_ticks=144335 hr=0x00000000
complete frames=15 elapsed_ticks=320061
frame_statistics hr=0x00000000 present_count=15 present_refresh=15 sync_refresh=15
last_present_count hr=0x00000000 count=15
memory_sample hr=0x00000000 current_working_set=90853376 current_private=44407836672 max_sampled_working_set=90853376 max_sampled_private=44407836672 sample_interval_frames=30
bookkeeping_result case=C invariant_mismatches=0 result=PASS
