start dxgi_module=00006fffff070000 dxgi_path_chars=91 dxgi_path=Z:\var\folders\4l\yp39dwhd7rg2y9xscgvhkyqw0000gn\T\fg-step8d1-passthrough-B.BkLv1x\dxgi.dll
call=CreateDXGIFactory hr=0x00000000 factory=00000000007d0290
call=CreateDXGIFactory1 hr=0x00000000 factory=00000000007d0290
call=CreateDXGIFactory2 hr=0x00000000 factory=00000000007d0290
adapter_interface version=4 hr=0x00000000 adapter=0000000000812ac0
adapter_interface_matrix adapter0=1 adapter1=1 adapter2=1 adapter3=1 adapter4=1
com_identity factory_qi_iunknown=1 adapter_getparent_factory=1 result=PASS
adapter_enum_output_zero hr=0x00000000 output=0000000000812b00
output_interface version=6 hr=0x00000000 output=0000000000812b00
com_identity output_getparent_adapter hr=0x00000000 same_adapter=1
interface name=IDXGIFactory hr=0x00000000 ptr=00000000007d0290
interface name=IDXGIFactory1 hr=0x00000000 ptr=00000000007d0290
interface name=IDXGIFactory2 hr=0x00000000 ptr=00000000007d0290
interface name=IDXGIFactory3 hr=0x00000000 ptr=00000000007d0290
interface name=IDXGIFactory4 hr=0x00000000 ptr=00000000007d0290
interface name=IDXGIFactory5 hr=0x00000000 ptr=00000000007d0290
interface name=IDXGIFactory6 hr=0x00000000 ptr=00000000007d0290
interface name=IDXGIFactory7 hr=0x00000000 ptr=00000000007d0290
interface name=IDXGIFactoryMedia hr=0x80004002 ptr=0000000000000000
call=D3D12CreateDevice hr=0x00000000 device=00007f79b408ca10
call=CreateCommandQueue hr=0x00000000 queue=00007f79b51cee10
call=CreateSwapChainForHwnd hr=0x00000000 swapchain=0000000000812b40
call=QueryInterface_IDXGISwapChain3 hr=0x00000000 swapchain3=0000000000812b40
com_identity swapchain_getparent_factory hr=0x00000000 same_factory=1
interface name=IDXGISwapChainMedia hr=0x80004002 ptr=0000000000000000
interface name=IDXGISwapChain hr=0x00000000 ptr=0000000000812b40
interface name=IDXGISwapChain1 hr=0x00000000 ptr=0000000000812b40
interface name=IDXGISwapChain2 hr=0x00000000 ptr=0000000000812b40
interface name=IDXGISwapChain3 hr=0x00000000 ptr=0000000000812b40
interface name=IDXGISwapChain4 hr=0x00000000 ptr=0000000000812b40
test_case=B frames=15 target_fps=0 source_index_policy=local_increment_once_per_source_present allocator_policy=single_reused_allocator
timing qpc_frequency=10000000 target_fps=0
present frame=0 source_index=0 allocator_index=0 expected_next=1 observed_next=1 qpc=3105538906219 duration_ticks=9944 hr=0x00000000
present frame=1 source_index=1 allocator_index=0 expected_next=2 observed_next=2 qpc=3105538984840 duration_ticks=5745 hr=0x00000000
present frame=2 source_index=2 allocator_index=0 expected_next=0 observed_next=0 qpc=3105538991795 duration_ticks=3495 hr=0x00000000
present frame=3 source_index=0 allocator_index=0 expected_next=1 observed_next=1 qpc=3105539022192 duration_ticks=3791 hr=0x00000000
present frame=4 source_index=1 allocator_index=0 expected_next=2 observed_next=2 qpc=3105539028218 duration_ticks=6032 hr=0x00000000
present frame=5 source_index=2 allocator_index=0 expected_next=0 observed_next=0 qpc=3105539161856 duration_ticks=3686 hr=0x00000000
present frame=6 source_index=0 allocator_index=0 expected_next=1 observed_next=1 qpc=3105539337470 duration_ticks=3187 hr=0x00000000
present frame=7 source_index=1 allocator_index=0 expected_next=2 observed_next=2 qpc=3105539493215 duration_ticks=3132 hr=0x00000000
present frame=8 source_index=2 allocator_index=0 expected_next=0 observed_next=0 qpc=3105539659637 duration_ticks=2671 hr=0x00000000
present frame=9 source_index=0 allocator_index=0 expected_next=1 observed_next=1 qpc=3105539826702 duration_ticks=3162 hr=0x00000000
present frame=10 source_index=1 allocator_index=0 expected_next=2 observed_next=2 qpc=3105539993127 duration_ticks=2662 hr=0x00000000
present frame=11 source_index=2 allocator_index=0 expected_next=0 observed_next=0 qpc=3105540159770 duration_ticks=2911 hr=0x00000000
present frame=12 source_index=0 allocator_index=0 expected_next=1 observed_next=1 qpc=3105540326237 duration_ticks=3110 hr=0x00000000
present frame=13 source_index=1 allocator_index=0 expected_next=2 observed_next=2 qpc=3105540492960 duration_ticks=3277 hr=0x00000000
present frame=14 source_index=2 allocator_index=0 expected_next=0 observed_next=0 qpc=3105540658292 duration_ticks=2781 hr=0x00000000
complete frames=15 elapsed_ticks=1763314
frame_statistics hr=0x00000000 present_count=15 present_refresh=15 sync_refresh=15
last_present_count hr=0x00000000 count=15
memory_sample hr=0x00000000 current_working_set=89726976 current_private=44390563840 max_sampled_working_set=89726976 max_sampled_private=44390563840 sample_interval_frames=30
bookkeeping_result case=B invariant_mismatches=0 result=PASS
