start dxgi_module=00006fffff070000 dxgi_path_chars=91 dxgi_path=Z:\var\folders\4l\yp39dwhd7rg2y9xscgvhkyqw0000gn\T\fg-step8d1-passthrough-E.60J65M\dxgi.dll
call=CreateDXGIFactory hr=0x00000000 factory=00000000007d0290
call=CreateDXGIFactory1 hr=0x00000000 factory=00000000007d0290
call=CreateDXGIFactory2 hr=0x00000000 factory=00000000007d0290
adapter_interface version=4 hr=0x00000000 adapter=00000000008122c0
adapter_interface_matrix adapter0=1 adapter1=1 adapter2=1 adapter3=1 adapter4=1
com_identity factory_qi_iunknown=1 adapter_getparent_factory=1 result=PASS
adapter_enum_output_zero hr=0x00000000 output=0000000000812b00
output_interface version=6 hr=0x00000000 output=0000000000812b00
com_identity output_getparent_adapter hr=0x00000000 same_adapter=1
interface name=IDXGIFactory hr=0x00000000 ptr=00000000007d0290
interface name=IDXGIFactory1 hr=0x00000000 ptr=00000000007d0290
interface name=IDXGIFactory2 hr=0x00000000 ptr=00000000007d0290
interface name=IDXGIFactory3 hr=0x00000000 ptr=00000000007d0290
interface name=IDXGIFactory4 hr=0x00000000 ptr=00000000007d0290
interface name=IDXGIFactory5 hr=0x00000000 ptr=00000000007d0290
interface name=IDXGIFactory6 hr=0x00000000 ptr=00000000007d0290
interface name=IDXGIFactory7 hr=0x00000000 ptr=00000000007d0290
interface name=IDXGIFactoryMedia hr=0x80004002 ptr=0000000000000000
call=D3D12CreateDevice hr=0x00000000 device=00007ff45c83ba10
call=CreateCommandQueue hr=0x00000000 queue=00007ff45e84c010
call=CreateSwapChainForHwnd hr=0x00000000 swapchain=0000000000812b40
call=QueryInterface_IDXGISwapChain3 hr=0x00000000 swapchain3=0000000000812b40
com_identity swapchain_getparent_factory hr=0x00000000 same_factory=1
interface name=IDXGISwapChainMedia hr=0x80004002 ptr=0000000000000000
interface name=IDXGISwapChain hr=0x00000000 ptr=0000000000812b40
interface name=IDXGISwapChain1 hr=0x00000000 ptr=0000000000812b40
interface name=IDXGISwapChain2 hr=0x00000000 ptr=0000000000812b40
interface name=IDXGISwapChain3 hr=0x00000000 ptr=0000000000812b40
interface name=IDXGISwapChain4 hr=0x00000000 ptr=0000000000812b40
test_case=E frames=15 target_fps=0 source_index_policy=local_increment_once_per_source_present allocator_policy=three_frame_context_ring
timing qpc_frequency=10000000 target_fps=0
present frame=0 source_index=0 allocator_index=0 expected_next=1 observed_next=1 qpc=3105561745472 duration_ticks=7640 hr=0x00000000
present frame=1 source_index=1 allocator_index=1 expected_next=2 observed_next=2 qpc=3105561756749 duration_ticks=1410 hr=0x00000000
present frame=2 source_index=2 allocator_index=2 expected_next=0 observed_next=0 qpc=3105561758414 duration_ticks=1436 hr=0x00000000
present frame=3 source_index=0 allocator_index=0 expected_next=1 observed_next=1 qpc=3105561847083 duration_ticks=2695 hr=0x00000000
present frame=4 source_index=1 allocator_index=1 expected_next=2 observed_next=2 qpc=3105561850117 duration_ticks=1841 hr=0x00000000
present frame=5 source_index=2 allocator_index=2 expected_next=0 observed_next=0 qpc=3105561852194 duration_ticks=6599 hr=0x00000000
present frame=6 source_index=0 allocator_index=0 expected_next=1 observed_next=1 qpc=3105561859019 duration_ticks=1958 hr=0x00000000
present frame=7 source_index=1 allocator_index=1 expected_next=2 observed_next=2 qpc=3105561861139 duration_ticks=2354 hr=0x00000000
present frame=8 source_index=2 allocator_index=2 expected_next=0 observed_next=0 qpc=3105561863723 duration_ticks=1561 hr=0x00000000
present frame=9 source_index=0 allocator_index=0 expected_next=1 observed_next=1 qpc=3105561865460 duration_ticks=1658 hr=0x00000000
present frame=10 source_index=1 allocator_index=1 expected_next=2 observed_next=2 qpc=3105561868082 duration_ticks=1902 hr=0x00000000
present frame=11 source_index=2 allocator_index=2 expected_next=0 observed_next=0 qpc=3105561870232 duration_ticks=1602 hr=0x00000000
present frame=12 source_index=0 allocator_index=0 expected_next=1 observed_next=1 qpc=3105561872189 duration_ticks=2346 hr=0x00000000
present frame=13 source_index=1 allocator_index=1 expected_next=2 observed_next=2 qpc=3105561874778 duration_ticks=1335 hr=0x00000000
present frame=14 source_index=2 allocator_index=2 expected_next=0 observed_next=0 qpc=3105561876384 duration_ticks=1828 hr=0x00000000
complete frames=15 elapsed_ticks=140106
frame_statistics hr=0x00000000 present_count=15 present_refresh=15 sync_refresh=15
last_present_count hr=0x00000000 count=15
memory_sample hr=0x00000000 current_working_set=89026560 current_private=44390539264 max_sampled_working_set=89026560 max_sampled_private=44390539264 sample_interval_frames=30
bookkeeping_result case=E invariant_mismatches=0 result=PASS
