start dxgi_module=00006fffff070000 dxgi_path_chars=89 dxgi_path=Z:\var\folders\4l\yp39dwhd7rg2y9xscgvhkyqw0000gn\T\fg-step8d1-synthetic-A.ArW3r7\dxgi.dll
call=CreateDXGIFactory hr=0x00000000 factory=00000000007d0290
call=CreateDXGIFactory1 hr=0x00000000 factory=00000000007d0290
call=CreateDXGIFactory2 hr=0x00000000 factory=00000000007d0290
adapter_interface version=4 hr=0x00000000 adapter=0000000000812a10
adapter_interface_matrix adapter0=1 adapter1=1 adapter2=1 adapter3=1 adapter4=1
com_identity factory_qi_iunknown=1 adapter_getparent_factory=1 result=PASS
adapter_enum_output_zero hr=0x00000000 output=0000000000812a50
output_interface version=6 hr=0x00000000 output=0000000000812a50
com_identity output_getparent_adapter hr=0x00000000 same_adapter=1
interface name=IDXGIFactory hr=0x00000000 ptr=00000000007d0290
interface name=IDXGIFactory1 hr=0x00000000 ptr=00000000007d0290
interface name=IDXGIFactory2 hr=0x00000000 ptr=00000000007d0290
interface name=IDXGIFactory3 hr=0x00000000 ptr=00000000007d0290
interface name=IDXGIFactory4 hr=0x00000000 ptr=00000000007d0290
interface name=IDXGIFactory5 hr=0x00000000 ptr=00000000007d0290
interface name=IDXGIFactory6 hr=0x00000000 ptr=00000000007d0290
interface name=IDXGIFactory7 hr=0x00000000 ptr=00000000007d0290
interface name=IDXGIFactoryMedia hr=0x80004002 ptr=0000000000000000
call=D3D12CreateDevice hr=0x00000000 device=00007fa1bd8efa10
call=CreateCommandQueue hr=0x00000000 queue=00007fa1bd917c10
call=CreateSwapChainForHwnd hr=0x00000000 swapchain=0000000000812a90
call=QueryInterface_IDXGISwapChain3 hr=0x00000000 swapchain3=0000000000812a90
com_identity swapchain_getparent_factory hr=0x00000000 same_factory=1
interface name=IDXGISwapChainMedia hr=0x80004002 ptr=0000000000000000
interface name=IDXGISwapChain hr=0x00000000 ptr=0000000000812a90
interface name=IDXGISwapChain1 hr=0x00000000 ptr=0000000000812a90
interface name=IDXGISwapChain2 hr=0x00000000 ptr=0000000000812a90
interface name=IDXGISwapChain3 hr=0x00000000 ptr=0000000000812a90
interface name=IDXGISwapChain4 hr=0x00000000 ptr=0000000000812a90
test_case=A frames=15 target_fps=0 source_index_policy=GetCurrentBackBufferIndex_each_frame allocator_policy=per_backbuffer
timing qpc_frequency=10000000 target_fps=0
present frame=0 source_index=0 allocator_index=0 expected_next=2 observed_next=2 qpc=3105600163295 duration_ticks=19773 hr=0x00000000
present frame=1 source_index=2 allocator_index=2 expected_next=1 observed_next=1 qpc=3105600188076 duration_ticks=65251 hr=0x00000000
present frame=2 source_index=1 allocator_index=1 expected_next=0 observed_next=0 qpc=3105600253883 duration_ticks=4336 hr=0x00000000
present frame=3 source_index=0 allocator_index=0 expected_next=2 observed_next=2 qpc=3105600258533 duration_ticks=5739 hr=0x00000000
present frame=4 source_index=2 allocator_index=2 expected_next=1 observed_next=1 qpc=3105600264449 duration_ticks=4213 hr=0x00000000
present frame=5 source_index=1 allocator_index=1 expected_next=0 observed_next=0 qpc=3105600268841 duration_ticks=4986 hr=0x00000000
present frame=6 source_index=0 allocator_index=0 expected_next=2 observed_next=2 qpc=3105600274058 duration_ticks=4142 hr=0x00000000
present frame=7 source_index=2 allocator_index=2 expected_next=1 observed_next=1 qpc=3105600278429 duration_ticks=3739 hr=0x00000000
present frame=8 source_index=1 allocator_index=1 expected_next=0 observed_next=0 qpc=3105600282346 duration_ticks=6021 hr=0x00000000
present frame=9 source_index=0 allocator_index=0 expected_next=2 observed_next=2 qpc=3105600288555 duration_ticks=4553 hr=0x00000000
present frame=10 source_index=2 allocator_index=2 expected_next=1 observed_next=1 qpc=3105600293280 duration_ticks=4696 hr=0x00000000
present frame=11 source_index=1 allocator_index=1 expected_next=0 observed_next=0 qpc=3105600298182 duration_ticks=4121 hr=0x00000000
present frame=12 source_index=0 allocator_index=0 expected_next=2 observed_next=2 qpc=3105600302514 duration_ticks=4723 hr=0x00000000
present frame=13 source_index=2 allocator_index=2 expected_next=1 observed_next=1 qpc=3105600307470 duration_ticks=6005 hr=0x00000000
present frame=14 source_index=1 allocator_index=1 expected_next=0 observed_next=0 qpc=3105600313761 duration_ticks=4746 hr=0x00000000
complete frames=15 elapsed_ticks=162398
frame_statistics hr=0x00000000 present_count=30 present_refresh=30 sync_refresh=30
last_present_count hr=0x00000000 count=30
memory_sample hr=0x00000000 current_working_set=84246528 current_private=44394844160 max_sampled_working_set=84246528 max_sampled_private=44394844160 sample_interval_frames=30
bookkeeping_result case=A invariant_mismatches=0 result=PASS
