objc[86571]: Class _NSZombie_CFReadStream is implemented in both ?? (0x7feba01bde50) and ?? (0x7feb8f9313d0). This may cause spurious casting failures and mysterious crashes. One of the duplicates must be removed or renamed.
instance_extensions=18
instance_ext VK_KHR_surface specVersion=25
instance_ext VK_EXT_metal_surface specVersion=1
instance_ext VK_KHR_portability_enumeration specVersion=0
instance_ext VK_EXT_metal_objects specVersion=0
[mvk-info] MoltenVK version 1.4.3, supporting Vulkan version 1.4.357.
	The following 164 Vulkan extensions are supported:
	VK_KHR_16bit_storage v1
	VK_KHR_8bit_storage v1
	VK_KHR_bind_memory2 v1
	VK_KHR_buffer_device_address v1
	VK_KHR_calibrated_timestamps v1
	VK_KHR_copy_commands2 v1
	VK_KHR_create_renderpass2 v1
	VK_KHR_dedicated_allocation v3
	VK_KHR_acceleration_structure v13
	VK_EXT_mesh_shader v1
	VK_KHR_deferred_host_operations v4
	VK_KHR_ray_query v1
	VK_KHR_ray_tracing_pipeline v1
	VK_KHR_depth_stencil_resolve v1
	VK_KHR_descriptor_update_template v1
	VK_KHR_device_group v4
	VK_KHR_device_group_creation v1
	VK_KHR_draw_indirect_count v1
	VK_KHR_driver_properties v1
	VK_KHR_dynamic_rendering v1
	VK_KHR_dynamic_rendering_local_read v1
	VK_KHR_external_fence v1
	VK_KHR_external_fence_capabilities v1
	VK_KHR_external_memory v1
	VK_KHR_external_memory_capabilities v1
	VK_KHR_external_semaphore v1
	VK_KHR_external_semaphore_capabilities v1
	VK_KHR_format_feature_flags2 v2
	VK_KHR_fragment_shader_barycentric v1
	VK_KHR_get_memory_requirements2 v1
	VK_KHR_get_physical_device_properties2 v2
	VK_KHR_get_surface_capabilities2 v1
	VK_KHR_global_priority v1
	VK_KHR_image_format_list v1
	VK_KHR_imageless_framebuffer v1
	VK_KHR_incremental_present v2
	VK_KHR_index_type_uint8 v1
	VK_KHR_line_rasterization v1
	VK_KHR_load_store_op_none v1
	VK_KHR_maintenance1 v2
	VK_KHR_maintenance2 v1
	VK_KHR_maintenance3 v1
	VK_KHR_maintenance4 v2
	VK_KHR_maintenance5 v1
	VK_KHR_maintenance6 v1
	VK_KHR_maintenance7 v1
	VK_KHR_maintenance8 v1
	VK_KHR_maintenance9 v1
	VK_KHR_map_memory2 v1
	VK_KHR_multiview v1
	VK_KHR_portability_subset v1
	VK_KHR_present_id v1
	VK_KHR_present_id2 v1
	VK_KHR_present_wait v1
	VK_KHR_present_wait2 v1
	VK_KHR_push_descriptor v2
	VK_KHR_relaxed_block_layout v1
	VK_KHR_robustness2 v1
	VK_KHR_sampler_mirror_clamp_to_edge v3
	VK_KHR_sampler_ycbcr_conversion v14
	VK_KHR_separate_depth_stencil_layouts v1
	VK_KHR_shader_draw_parameters v1
	VK_KHR_shader_expect_assume v1
	VK_KHR_shader_float_controls v4
	VK_KHR_shader_float_controls2 v1
	VK_KHR_shader_float16_int8 v1
	VK_KHR_shader_fma v1
	VK_KHR_shader_integer_dot_product v1
	VK_KHR_shader_maximal_reconvergence v1
	VK_KHR_shader_non_semantic_info v1
	VK_KHR_shader_quad_control v1
	VK_KHR_shader_relaxed_extended_instruction v1
	VK_KHR_shader_subgroup_extended_types v1
	VK_KHR_shader_subgroup_rotate v2
	VK_KHR_shader_subgroup_uniform_control_flow v1
	VK_KHR_shader_terminate_invocation v1
	VK_KHR_spirv_1_4 v1
	VK_KHR_storage_buffer_storage_class v1
	VK_KHR_surface v25
	VK_KHR_surface_maintenance1 v1
	VK_KHR_surface_protected_capabilities v1
	VK_KHR_swapchain v70
	VK_KHR_swapchain_maintenance1 v1
	VK_KHR_swapchain_mutable_format v1
	VK_KHR_synchronization2 v1
	VK_KHR_timeline_semaphore v2
	VK_KHR_uniform_buffer_standard_layout v1
	VK_KHR_variable_pointers v1
	VK_KHR_vertex_attribute_divisor v1
	VK_KHR_vulkan_memory_model v3
	VK_KHR_zero_initialize_workgroup_memory v1
	VK_EXT_4444_formats v1
	VK_EXT_buffer_device_address v2
	VK_EXT_calibrated_timestamps v2
	VK_EXT_conservative_rasterization v1
	VK_EXT_debug_marker v4
	VK_EXT_debug_report v10
	VK_EXT_debug_utils v2
	VK_EXT_depth_clip_control v1
	VK_EXT_descriptor_indexing v2
	VK_EXT_extended_dynamic_state v1
	VK_EXT_extended_dynamic_state2 v1
	VK_EXT_extended_dynamic_state3 v2
	VK_EXT_external_memory_host v1
	VK_EXT_external_memory_metal v1
	VK_EXT_fragment_shader_interlock v1
	VK_EXT_global_priority v2
	VK_EXT_global_priority_query v1
	VK_EXT_hdr_metadata v3
	VK_EXT_headless_surface v1
	VK_EXT_host_image_copy v1
	VK_EXT_host_query_reset v1
	VK_EXT_image_2d_view_of_3d v1
	VK_EXT_image_robustness v1
	VK_EXT_index_type_uint8 v1
	VK_EXT_inline_uniform_block v1
	VK_EXT_layer_settings v2
	VK_EXT_legacy_dithering v2
	VK_EXT_line_rasterization v1
	VK_EXT_load_store_op_none v1
	VK_EXT_memory_budget v1
	VK_EXT_metal_objects v2
	VK_EXT_metal_surface v1
	VK_EXT_multi_draw v1
	VK_EXT_nested_command_buffer v1
	VK_EXT_non_seamless_cube_map v1
	VK_EXT_pipeline_creation_cache_control v3
	VK_EXT_pipeline_creation_feedback v1
	VK_EXT_pipeline_robustness v1
	VK_EXT_post_depth_coverage v1
	VK_EXT_primitive_topology_list_restart v1
	VK_EXT_private_data v1
	VK_EXT_provoking_vertex v1
	VK_EXT_robustness2 v1
	VK_EXT_sample_locations v1
	VK_EXT_sampler_filter_minmax v2
	VK_EXT_scalar_block_layout v1
	VK_EXT_separate_stencil_usage v1
	VK_EXT_shader_atomic_float v1
	VK_EXT_shader_demote_to_helper_invocation v1
	VK_EXT_shader_image_atomic_int64 v1
	VK_EXT_shader_stencil_export v1
	VK_EXT_shader_subgroup_ballot v1
	VK_EXT_shader_subgroup_vote v1
	VK_EXT_shader_viewport_index_layer v1
	VK_EXT_subgroup_size_control v2
	VK_EXT_surface_maintenance1 v1
	VK_EXT_swapchain_colorspace v5
	VK_EXT_swapchain_maintenance1 v1
	VK_EXT_texel_buffer_alignment v1
	VK_EXT_texture_compression_astc_hdr v1
	VK_EXT_tooling_info v1
	VK_EXT_vertex_attribute_divisor v3
	VK_EXT_ycbcr_2plane_444_formats v1
	VK_AMD_gpu_shader_half_float v2
	VK_AMD_negative_viewport_height v1
	VK_AMD_shader_image_load_store_lod v1
	VK_AMD_shader_trinary_minmax v1
	VK_GOOGLE_display_timing v1
	VK_IMG_format_pvrtc v1
	VK_INTEL_shader_integer_functions2 v1
	VK_MVK_macos_surface v3
	VK_MVK_moltenvk v37
	VK_NV_fragment_shader_barycentric v1
[mvk-info] GPU device:
	model: Apple M3
	type: Integrated
	vendorID: 0x106b
	deviceID: 0x1b000209
	pipelineCacheUUID: 13E3C967-1B00-0209-0000-000100000000
	GPU memory available: 12124 MB
	GPU memory used: 0 MB
	Metal Shading Language 4.0
	supports the following GPU Features:
		GPU Family Metal 4
		GPU Family Apple 9
		GPU Family Mac 1
		GPU Family Mac 2
		Read-Write Texture Tier 2
[mvk-info] Created VkInstance for Vulkan version 1.3.357, as requested by app, with the following 2 Vulkan extensions enabled:
	VK_KHR_surface v25
	VK_EXT_metal_surface v1
device=Apple M3 vendor=0x106b deviceId=0x1b000209 api=1.3.357 driverId=14 driver=MoltenVK driverInfo=1.4.3
device_ext VK_KHR_swapchain specVersion=70
device_ext VK_KHR_present_id specVersion=1
device_ext VK_KHR_present_wait specVersion=1
device_ext VK_KHR_present_wait2 specVersion=1
device_ext VK_KHR_present_id2 specVersion=1
device_ext VK_EXT_swapchain_maintenance1 specVersion=1
device_ext VK_KHR_swapchain_maintenance1 specVersion=1
device_ext VK_GOOGLE_display_timing specVersion=1
device_ext VK_EXT_metal_objects specVersion=2
device_ext VK_KHR_portability_subset specVersion=1
device_ext VK_EXT_present_timing specVersion=0
queue_family=0 flags=0xf count=1 present=yes result=0
features presentId=1 presentWait=1 presentWait2=1 swapchainMaintenance1=1 timelineSemaphore=1
surface imageCount min=2 max=3 extent=640x360 minExtent=1x1 maxExtent=16384x16384 usage=0x1f transforms=0x1 compositeAlpha=0xd
present_modes=2 FIFO(2) IMMEDIATE(0)
surface_formats=60 format=44 colorspace=0 format=50 colorspace=0 format=97 colorspace=0 format=64 colorspace=0 format=58 colorspace=0 format=44 colorspace=1000104001 format=50 colorspace=1000104001 format=97 colorspace=1000104001 format=64 colorspace=1000104001 format=58 colorspace=1000104001 format=44 colorspace=1000104004 format=50 colorspace=1000104004 format=97 colorspace=1000104004 format=64 colorspace=1000104004 format=58 colorspace=1000104004 format=44 colorspace=1000104006 format=50 colorspace=1000104006 format=97 colorspace=1000104006 format=64 colorspace=1000104006 format=58 colorspace=1000104006 format=44 colorspace=1000104012 format=50 colorspace=1000104012 format=97 colorspace=1000104012 format=64 colorspace=1000104012 format=58 colorspace=1000104012 format=44 colorspace=1000104013 format=50 colorspace=1000104013 format=97 colorspace=1000104013 format=64 colorspace=1000104013 format=58 colorspace=1000104013 format=44 colorspace=1000104002 format=50 colorspace=1000104002 format=97 colorspace=1000104002 format=64 colorspace=1000104002 format=58 colorspace=1000104002 format=44 colorspace=1000104014 format=50 colorspace=1000104014 format=97 colorspace=1000104014 format=64 colorspace=1000104014 format=58 colorspace=1000104014 format=44 colorspace=1000104007 format=50 colorspace=1000104007 format=97 colorspace=1000104007 format=64 colorspace=1000104007 format=58 colorspace=1000104007 format=44 colorspace=1000104010 format=50 colorspace=1000104010 format=97 colorspace=1000104010 format=64 colorspace=1000104010 format=58 colorspace=1000104010 format=44 colorspace=1000104008 format=50 colorspace=1000104008 format=97 colorspace=1000104008 format=64 colorspace=1000104008 format=58 colorspace=1000104008 format=44 colorspace=1000104003 format=50 colorspace=1000104003 format=97 colorspace=1000104003 format=64 colorspace=1000104003 format=58 colorspace=1000104003
[mvk-info] Vulkan semaphores using Metal implicit guarantees within a single queue.
[mvk-info] Descriptor sets binding resources using Metal3 argument buffers.
[mvk-info] Created VkDevice to run on GPU Apple M3 with the following 3 Vulkan extensions enabled:
	VK_KHR_portability_subset v1
	VK_KHR_swapchain v70
	VK_EXT_metal_objects v2
[mvk-info] Created 3 swapchain images with size (640, 360) and contents scale 1.0 in layer (null) (0x7feba0716e00) on screen Built-in Retina Display.
swapchain mode=FIFO requested=3 actual_images=3 extent=640x360 format=44
metal_device=Apple M3 same_default=yes metal_queue=present queue_device_match=yes
exportable_image_create=0 format=VK_FORMAT_B8G8R8A8_UNORM extent=256x144
image_memory_allocate=0 allocation_size=198656 memory_type=0
texture_export=present device_match=yes size=256x144 pixelFormat=80 sampleCount=1 type=2 identity_stable=yes
exportable_timeline_semaphore_create=0
shared_event_export=present initial=0
metal_to_vulkan_signal result=0 value=7 event_value=7
vulkan_to_metal_signal result=0 event_value=9
import_shared_event_semaphore_create=0
metal_to_imported_vulkan_wait result=0 value=11 event_value=11
[mvk-info] Destroyed VkDevice on GPU Apple M3 with 3 Vulkan extensions enabled.
[mvk-info] Destroyed VkPhysicalDevice for GPU Apple M3 with 0 MB of GPU memory still allocated.
[mvk-info] Destroying VkInstance for Vulkan version 1.3.357 with 2 Vulkan extensions enabled.
2026-10-04 21:28:12.554 interop-arc-broken[86571:4745480] *** -[NSKVONotifying_NSWindow release]: message sent to deallocated instance 0x7feba012ece0
