start dxgi_module=00006ffffe280000 dxgi_path_chars=28 dxgi_path=C:\windows\system32\dxgi.dll
call=CreateDXGIFactory hr=0x00000000 factory=00007f84c278c0f0
call=CreateDXGIFactory1 hr=0x00000000 factory=00007f84c278c0f0
call=CreateDXGIFactory2 hr=0x00000000 factory=00007f84c278c0f0
adapter_interface version=4 hr=0x00000000 adapter=00007f84c27f7f80
adapter_interface_matrix adapter0=1 adapter1=1 adapter2=1 adapter3=1 adapter4=1
com_identity factory_qi_iunknown=1 adapter_getparent_factory=1 result=PASS
adapter_enum_output_zero hr=0x00000000 output=00007f84c2770e00
output_interface version=6 hr=0x00000000 output=00007f84c2770e00
com_identity output_getparent_adapter hr=0x00000000 same_adapter=1
interface name=IDXGIFactory hr=0x00000000 ptr=00007f84c278c0f0
interface name=IDXGIFactory1 hr=0x00000000 ptr=00007f84c278c0f0
interface name=IDXGIFactory2 hr=0x00000000 ptr=00007f84c278c0f0
interface name=IDXGIFactory3 hr=0x00000000 ptr=00007f84c278c0f0
interface name=IDXGIFactory4 hr=0x00000000 ptr=00007f84c278c0f0
interface name=IDXGIFactory5 hr=0x00000000 ptr=00007f84c278c0f0
interface name=IDXGIFactory6 hr=0x00000000 ptr=00007f84c278c0f0
interface name=IDXGIFactory7 hr=0x00000000 ptr=00007f84c278c0f0
interface name=IDXGIFactoryMedia hr=0x80004002 ptr=0000000000000000
call=D3D12CreateDevice hr=0x00000000 device=00007f84c288bc10
call=CreateCommandQueue hr=0x00000000 queue=00007f84c40aa610
call=CreateSwapChainForHwnd hr=0x00000000 swapchain=00007f84b39d2220
call=QueryInterface_IDXGISwapChain3 hr=0x00000000 swapchain3=00007f84b39d2220
com_identity swapchain_getparent_factory hr=0x00000000 same_factory=1
interface name=IDXGISwapChainMedia hr=0x80004002 ptr=0000000000000000
interface name=IDXGISwapChain hr=0x00000000 ptr=00007f84b39d2220
interface name=IDXGISwapChain1 hr=0x00000000 ptr=00007f84b39d2220
interface name=IDXGISwapChain2 hr=0x00000000 ptr=00007f84b39d2220
interface name=IDXGISwapChain3 hr=0x00000000 ptr=00007f84b39d2220
interface name=IDXGISwapChain4 hr=0x00000000 ptr=00007f84b39d2220
test_case=C frames=15 target_fps=0 source_index_policy=local_increment_once_per_source_present allocator_policy=three_frame_context_ring
timing qpc_frequency=10000000 target_fps=0
present frame=0 source_index=0 allocator_index=0 expected_next=1 observed_next=1 qpc=3095709488362 duration_ticks=171 hr=0x00000000
present frame=1 source_index=1 allocator_index=1 expected_next=2 observed_next=2 qpc=3095709489694 duration_ticks=14 hr=0x00000000
present frame=2 source_index=2 allocator_index=2 expected_next=0 observed_next=0 qpc=3095709489935 duration_ticks=7 hr=0x00000000
present frame=3 source_index=0 allocator_index=0 expected_next=1 observed_next=1 qpc=3095709570556 duration_ticks=41 hr=0x00000000
present frame=4 source_index=1 allocator_index=1 expected_next=2 observed_next=2 qpc=3095709571881 duration_ticks=3194 hr=0x00000000
present frame=5 source_index=2 allocator_index=2 expected_next=0 observed_next=0 qpc=3095709577048 duration_ticks=1079 hr=0x00000000
present frame=6 source_index=0 allocator_index=0 expected_next=1 observed_next=1 qpc=3095709579187 duration_ticks=680 hr=0x00000000
present frame=7 source_index=1 allocator_index=1 expected_next=2 observed_next=2 qpc=3095709582419 duration_ticks=743 hr=0x00000000
present frame=8 source_index=2 allocator_index=2 expected_next=0 observed_next=0 qpc=3095709584840 duration_ticks=1891 hr=0x00000000
present frame=9 source_index=0 allocator_index=0 expected_next=1 observed_next=1 qpc=3095709587222 duration_ticks=1346 hr=0x00000000
present frame=10 source_index=1 allocator_index=1 expected_next=2 observed_next=2 qpc=3095709589013 duration_ticks=2487 hr=0x00000000
present frame=11 source_index=2 allocator_index=2 expected_next=0 observed_next=0 qpc=3095709592751 duration_ticks=1100 hr=0x00000000
present frame=12 source_index=0 allocator_index=0 expected_next=1 observed_next=1 qpc=3095709594342 duration_ticks=1661 hr=0x00000000
present frame=13 source_index=1 allocator_index=1 expected_next=2 observed_next=2 qpc=3095709596412 duration_ticks=11964 hr=0x00000000
present frame=14 source_index=2 allocator_index=2 expected_next=0 observed_next=0 qpc=3095709608704 duration_ticks=8 hr=0x00000000
complete frames=15 elapsed_ticks=127550
frame_statistics hr=0x00000000 present_count=15 present_refresh=15 sync_refresh=15
last_present_count hr=0x00000000 count=15
memory_sample hr=0x00000000 current_working_set=88215552 current_private=44367278080 max_sampled_working_set=88215552 max_sampled_private=44367278080 sample_interval_frames=30
bookkeeping_result case=C invariant_mismatches=0 result=PASS
