start dxgi_module=00006ffffe280000 dxgi_path_chars=28 dxgi_path=C:\windows\system32\dxgi.dll
call=CreateDXGIFactory hr=0x00000000 factory=00007fac868dcad0
call=CreateDXGIFactory1 hr=0x00000000 factory=00007fac868dcad0
call=CreateDXGIFactory2 hr=0x00000000 factory=00007fac868dcad0
adapter_interface version=4 hr=0x00000000 adapter=00007fac868e9b90
adapter_interface_matrix adapter0=1 adapter1=1 adapter2=1 adapter3=1 adapter4=1
com_identity factory_qi_iunknown=1 adapter_getparent_factory=1 result=PASS
adapter_enum_output_zero hr=0x00000000 output=00007fac868fcb30
output_interface version=6 hr=0x00000000 output=00007fac868fcb30
com_identity output_getparent_adapter hr=0x00000000 same_adapter=1
interface name=IDXGIFactory hr=0x00000000 ptr=00007fac868dcad0
interface name=IDXGIFactory1 hr=0x00000000 ptr=00007fac868dcad0
interface name=IDXGIFactory2 hr=0x00000000 ptr=00007fac868dcad0
interface name=IDXGIFactory3 hr=0x00000000 ptr=00007fac868dcad0
interface name=IDXGIFactory4 hr=0x00000000 ptr=00007fac868dcad0
interface name=IDXGIFactory5 hr=0x00000000 ptr=00007fac868dcad0
interface name=IDXGIFactory6 hr=0x00000000 ptr=00007fac868dcad0
interface name=IDXGIFactory7 hr=0x00000000 ptr=00007fac868dcad0
interface name=IDXGIFactoryMedia hr=0x80004002 ptr=0000000000000000
call=D3D12CreateDevice hr=0x00000000 device=00007fac970d2010
call=CreateCommandQueue hr=0x00000000 queue=00007fac86042010
call=CreateSwapChainForHwnd hr=0x00000000 swapchain=00007fac75f205c0
call=QueryInterface_IDXGISwapChain3 hr=0x00000000 swapchain3=00007fac75f205c0
com_identity swapchain_getparent_factory hr=0x00000000 same_factory=1
interface name=IDXGISwapChainMedia hr=0x80004002 ptr=0000000000000000
interface name=IDXGISwapChain hr=0x00000000 ptr=00007fac75f205c0
interface name=IDXGISwapChain1 hr=0x00000000 ptr=00007fac75f205c0
interface name=IDXGISwapChain2 hr=0x00000000 ptr=00007fac75f205c0
interface name=IDXGISwapChain3 hr=0x00000000 ptr=00007fac75f205c0
interface name=IDXGISwapChain4 hr=0x00000000 ptr=00007fac75f205c0
test_case=D frames=15 target_fps=0 source_index_policy=local_increment_once_per_source_present allocator_policy=per_backbuffer
timing qpc_frequency=10000000 target_fps=0
present frame=0 source_index=0 allocator_index=0 expected_next=1 observed_next=1 qpc=3095714917382 duration_ticks=163 hr=0x00000000
present frame=1 source_index=1 allocator_index=1 expected_next=2 observed_next=2 qpc=3095714918805 duration_ticks=14 hr=0x00000000
present frame=2 source_index=2 allocator_index=2 expected_next=0 observed_next=0 qpc=3095714919089 duration_ticks=6 hr=0x00000000
present frame=3 source_index=0 allocator_index=0 expected_next=1 observed_next=1 qpc=3095714996625 duration_ticks=1429 hr=0x00000000
present frame=4 source_index=1 allocator_index=1 expected_next=2 observed_next=2 qpc=3095715000405 duration_ticks=3356 hr=0x00000000
present frame=5 source_index=2 allocator_index=2 expected_next=0 observed_next=0 qpc=3095715005790 duration_ticks=3331 hr=0x00000000
present frame=6 source_index=0 allocator_index=0 expected_next=1 observed_next=1 qpc=3095715009605 duration_ticks=1602 hr=0x00000000
present frame=7 source_index=1 allocator_index=1 expected_next=2 observed_next=2 qpc=3095715011683 duration_ticks=1170 hr=0x00000000
present frame=8 source_index=2 allocator_index=2 expected_next=0 observed_next=0 qpc=3095715013303 duration_ticks=1457 hr=0x00000000
present frame=9 source_index=0 allocator_index=0 expected_next=1 observed_next=1 qpc=3095715015084 duration_ticks=2240 hr=0x00000000
present frame=10 source_index=1 allocator_index=1 expected_next=2 observed_next=2 qpc=3095715017783 duration_ticks=3601 hr=0x00000000
present frame=11 source_index=2 allocator_index=2 expected_next=0 observed_next=0 qpc=3095715021909 duration_ticks=1361 hr=0x00000000
present frame=12 source_index=0 allocator_index=0 expected_next=1 observed_next=1 qpc=3095715023421 duration_ticks=2230 hr=0x00000000
present frame=13 source_index=1 allocator_index=1 expected_next=2 observed_next=2 qpc=3095715025892 duration_ticks=1592 hr=0x00000000
present frame=14 source_index=2 allocator_index=2 expected_next=0 observed_next=0 qpc=3095715028248 duration_ticks=1545 hr=0x00000000
complete frames=15 elapsed_ticks=119987
frame_statistics hr=0x00000000 present_count=15 present_refresh=15 sync_refresh=15
last_present_count hr=0x00000000 count=15
memory_sample hr=0x00000000 current_working_set=87449600 current_private=44384059392 max_sampled_working_set=87449600 max_sampled_private=44384059392 sample_interval_frames=30
bookkeeping_result case=D invariant_mismatches=0 result=PASS
