start dxgi_module=00006fffff070000 dxgi_path_chars=84 dxgi_path=Z:\var\folders\4l\yp39dwhd7rg2y9xscgvhkyqw0000gn\T\fg-step8d1-copy-B.yaLMjQ\dxgi.dll
call=CreateDXGIFactory hr=0x00000000 factory=000000000080e790
call=CreateDXGIFactory1 hr=0x00000000 factory=000000000080e790
call=CreateDXGIFactory2 hr=0x00000000 factory=000000000080e790
adapter_interface version=4 hr=0x00000000 adapter=0000000000812970
adapter_interface_matrix adapter0=1 adapter1=1 adapter2=1 adapter3=1 adapter4=1
com_identity factory_qi_iunknown=1 adapter_getparent_factory=1 result=PASS
adapter_enum_output_zero hr=0x00000000 output=00000000008129b0
output_interface version=6 hr=0x00000000 output=00000000008129b0
com_identity output_getparent_adapter hr=0x00000000 same_adapter=1
interface name=IDXGIFactory hr=0x00000000 ptr=000000000080e790
interface name=IDXGIFactory1 hr=0x00000000 ptr=000000000080e790
interface name=IDXGIFactory2 hr=0x00000000 ptr=000000000080e790
interface name=IDXGIFactory3 hr=0x00000000 ptr=000000000080e790
interface name=IDXGIFactory4 hr=0x00000000 ptr=000000000080e790
interface name=IDXGIFactory5 hr=0x00000000 ptr=000000000080e790
interface name=IDXGIFactory6 hr=0x00000000 ptr=000000000080e790
interface name=IDXGIFactory7 hr=0x00000000 ptr=000000000080e790
interface name=IDXGIFactoryMedia hr=0x80004002 ptr=0000000000000000
call=D3D12CreateDevice hr=0x00000000 device=00007fc23204e010
call=CreateCommandQueue hr=0x00000000 queue=00007fc2308e8010
call=CreateSwapChainForHwnd hr=0x00000000 swapchain=0000000000813130
call=QueryInterface_IDXGISwapChain3 hr=0x00000000 swapchain3=0000000000813130
com_identity swapchain_getparent_factory hr=0x00000000 same_factory=1
interface name=IDXGISwapChainMedia hr=0x80004002 ptr=0000000000000000
interface name=IDXGISwapChain hr=0x00000000 ptr=0000000000813130
interface name=IDXGISwapChain1 hr=0x00000000 ptr=0000000000813130
interface name=IDXGISwapChain2 hr=0x00000000 ptr=0000000000813130
interface name=IDXGISwapChain3 hr=0x00000000 ptr=0000000000813130
interface name=IDXGISwapChain4 hr=0x00000000 ptr=0000000000813130
test_case=B frames=15 target_fps=0 source_index_policy=local_increment_once_per_source_present allocator_policy=single_reused_allocator
timing qpc_frequency=10000000 target_fps=0
present frame=0 source_index=0 allocator_index=0 expected_next=1 observed_next=1 qpc=3095760352780 duration_ticks=18567 hr=0x00000000
present frame=1 source_index=1 allocator_index=0 expected_next=2 observed_next=2 qpc=3095760440705 duration_ticks=5288 hr=0x00000000
present frame=2 source_index=2 allocator_index=0 expected_next=0 observed_next=0 qpc=3095760446770 duration_ticks=4842 hr=0x00000000
present frame=3 source_index=0 allocator_index=0 expected_next=1 observed_next=1 qpc=3095760452761 duration_ticks=3229 hr=0x00000000
present frame=4 source_index=1 allocator_index=0 expected_next=2 observed_next=2 qpc=3095760472058 duration_ticks=2658 hr=0x00000000
present frame=5 source_index=2 allocator_index=0 expected_next=0 observed_next=0 qpc=3095760475351 duration_ticks=2473 hr=0x00000000
present frame=6 source_index=0 allocator_index=0 expected_next=1 observed_next=1 qpc=3095760478870 duration_ticks=2756 hr=0x00000000
present frame=7 source_index=1 allocator_index=0 expected_next=2 observed_next=2 qpc=3095760483444 duration_ticks=2699 hr=0x00000000
present frame=8 source_index=2 allocator_index=0 expected_next=0 observed_next=0 qpc=3095760487069 duration_ticks=2734 hr=0x00000000
present frame=9 source_index=0 allocator_index=0 expected_next=1 observed_next=1 qpc=3095760491669 duration_ticks=2600 hr=0x00000000
present frame=10 source_index=1 allocator_index=0 expected_next=2 observed_next=2 qpc=3095760496092 duration_ticks=2802 hr=0x00000000
present frame=11 source_index=2 allocator_index=0 expected_next=0 observed_next=0 qpc=3095760499575 duration_ticks=2723 hr=0x00000000
present frame=12 source_index=0 allocator_index=0 expected_next=1 observed_next=1 qpc=3095760504543 duration_ticks=2724 hr=0x00000000
present frame=13 source_index=1 allocator_index=0 expected_next=2 observed_next=2 qpc=3095760507442 duration_ticks=2794 hr=0x00000000
present frame=14 source_index=2 allocator_index=0 expected_next=0 observed_next=0 qpc=3095760512829 duration_ticks=2612 hr=0x00000000
complete frames=15 elapsed_ticks=169712
frame_statistics hr=0x00000000 present_count=15 present_refresh=15 sync_refresh=15
last_present_count hr=0x00000000 count=15
memory_sample hr=0x00000000 current_working_set=86491136 current_private=44388376576 max_sampled_working_set=86491136 max_sampled_private=44388376576 sample_interval_frames=30
bookkeeping_result case=B invariant_mismatches=0 result=PASS
