start dxgi_module=00006fffff070000 dxgi_path_chars=84 dxgi_path=Z:\var\folders\4l\yp39dwhd7rg2y9xscgvhkyqw0000gn\T\fg-step8d1-copy-C.JBKUQu\dxgi.dll
call=CreateDXGIFactory hr=0x00000000 factory=000000000080e790
call=CreateDXGIFactory1 hr=0x00000000 factory=000000000080e790
call=CreateDXGIFactory2 hr=0x00000000 factory=000000000080e790
adapter_interface version=4 hr=0x00000000 adapter=0000000000812970
adapter_interface_matrix adapter0=1 adapter1=1 adapter2=1 adapter3=1 adapter4=1
com_identity factory_qi_iunknown=1 adapter_getparent_factory=1 result=PASS
adapter_enum_output_zero hr=0x00000000 output=00000000008129b0
output_interface version=6 hr=0x00000000 output=00000000008129b0
com_identity output_getparent_adapter hr=0x00000000 same_adapter=1
interface name=IDXGIFactory hr=0x00000000 ptr=000000000080e790
interface name=IDXGIFactory1 hr=0x00000000 ptr=000000000080e790
interface name=IDXGIFactory2 hr=0x00000000 ptr=000000000080e790
interface name=IDXGIFactory3 hr=0x00000000 ptr=000000000080e790
interface name=IDXGIFactory4 hr=0x00000000 ptr=000000000080e790
interface name=IDXGIFactory5 hr=0x00000000 ptr=000000000080e790
interface name=IDXGIFactory6 hr=0x00000000 ptr=000000000080e790
interface name=IDXGIFactory7 hr=0x00000000 ptr=000000000080e790
interface name=IDXGIFactoryMedia hr=0x80004002 ptr=0000000000000000
call=D3D12CreateDevice hr=0x00000000 device=00007fd593835010
call=CreateCommandQueue hr=0x00000000 queue=00007fd59385f810
call=CreateSwapChainForHwnd hr=0x00000000 swapchain=0000000000813130
call=QueryInterface_IDXGISwapChain3 hr=0x00000000 swapchain3=0000000000813130
com_identity swapchain_getparent_factory hr=0x00000000 same_factory=1
interface name=IDXGISwapChainMedia hr=0x80004002 ptr=0000000000000000
interface name=IDXGISwapChain hr=0x00000000 ptr=0000000000813130
interface name=IDXGISwapChain1 hr=0x00000000 ptr=0000000000813130
interface name=IDXGISwapChain2 hr=0x00000000 ptr=0000000000813130
interface name=IDXGISwapChain3 hr=0x00000000 ptr=0000000000813130
interface name=IDXGISwapChain4 hr=0x00000000 ptr=0000000000813130
test_case=C frames=15 target_fps=0 source_index_policy=local_increment_once_per_source_present allocator_policy=three_frame_context_ring
timing qpc_frequency=10000000 target_fps=0
present frame=0 source_index=0 allocator_index=0 expected_next=1 observed_next=1 qpc=3095765997390 duration_ticks=18757 hr=0x00000000
present frame=1 source_index=1 allocator_index=1 expected_next=2 observed_next=2 qpc=3095766018894 duration_ticks=3119 hr=0x00000000
present frame=2 source_index=2 allocator_index=2 expected_next=0 observed_next=0 qpc=3095766022268 duration_ticks=3126 hr=0x00000000
present frame=3 source_index=0 allocator_index=0 expected_next=1 observed_next=1 qpc=3095766085937 duration_ticks=7283 hr=0x00000000
present frame=4 source_index=1 allocator_index=1 expected_next=2 observed_next=2 qpc=3095766093572 duration_ticks=4460 hr=0x00000000
present frame=5 source_index=2 allocator_index=2 expected_next=0 observed_next=0 qpc=3095766106376 duration_ticks=3749 hr=0x00000000
present frame=6 source_index=0 allocator_index=0 expected_next=1 observed_next=1 qpc=3095766110557 duration_ticks=4190 hr=0x00000000
present frame=7 source_index=1 allocator_index=1 expected_next=2 observed_next=2 qpc=3095766115164 duration_ticks=3298 hr=0x00000000
present frame=8 source_index=2 allocator_index=2 expected_next=0 observed_next=0 qpc=3095766118715 duration_ticks=2521 hr=0x00000000
present frame=9 source_index=0 allocator_index=0 expected_next=1 observed_next=1 qpc=3095766121414 duration_ticks=2416 hr=0x00000000
present frame=10 source_index=1 allocator_index=1 expected_next=2 observed_next=2 qpc=3095766123965 duration_ticks=154560 hr=0x00000000
present frame=11 source_index=2 allocator_index=2 expected_next=0 observed_next=0 qpc=3095766278832 duration_ticks=165168 hr=0x00000000
present frame=12 source_index=0 allocator_index=0 expected_next=1 observed_next=1 qpc=3095766444407 duration_ticks=165334 hr=0x00000000
present frame=13 source_index=1 allocator_index=1 expected_next=2 observed_next=2 qpc=3095766610210 duration_ticks=169363 hr=0x00000000
present frame=14 source_index=2 allocator_index=2 expected_next=0 observed_next=0 qpc=3095766780186 duration_ticks=163255 hr=0x00000000
complete frames=15 elapsed_ticks=953520
frame_statistics hr=0x00000000 present_count=15 present_refresh=15 sync_refresh=15
last_present_count hr=0x00000000 count=15
memory_sample hr=0x00000000 current_working_set=92356608 current_private=44404097024 max_sampled_working_set=92356608 max_sampled_private=44404097024 sample_interval_frames=30
bookkeeping_result case=C invariant_mismatches=0 result=PASS
