start dxgi_module=00006fffff070000 dxgi_path_chars=84 dxgi_path=Z:\var\folders\4l\yp39dwhd7rg2y9xscgvhkyqw0000gn\T\fg-step8d1-copy-D.SW77Ox\dxgi.dll
call=CreateDXGIFactory hr=0x00000000 factory=000000000080e790
call=CreateDXGIFactory1 hr=0x00000000 factory=000000000080e790
call=CreateDXGIFactory2 hr=0x00000000 factory=000000000080e790
adapter_interface version=4 hr=0x00000000 adapter=0000000000812970
adapter_interface_matrix adapter0=1 adapter1=1 adapter2=1 adapter3=1 adapter4=1
com_identity factory_qi_iunknown=1 adapter_getparent_factory=1 result=PASS
adapter_enum_output_zero hr=0x00000000 output=00000000008129b0
output_interface version=6 hr=0x00000000 output=00000000008129b0
com_identity output_getparent_adapter hr=0x00000000 same_adapter=1
interface name=IDXGIFactory hr=0x00000000 ptr=000000000080e790
interface name=IDXGIFactory1 hr=0x00000000 ptr=000000000080e790
interface name=IDXGIFactory2 hr=0x00000000 ptr=000000000080e790
interface name=IDXGIFactory3 hr=0x00000000 ptr=000000000080e790
interface name=IDXGIFactory4 hr=0x00000000 ptr=000000000080e790
interface name=IDXGIFactory5 hr=0x00000000 ptr=000000000080e790
interface name=IDXGIFactory6 hr=0x00000000 ptr=000000000080e790
interface name=IDXGIFactory7 hr=0x00000000 ptr=000000000080e790
interface name=IDXGIFactoryMedia hr=0x80004002 ptr=0000000000000000
call=D3D12CreateDevice hr=0x00000000 device=00007fa1330e6e10
call=CreateCommandQueue hr=0x00000000 queue=00007fa12303d010
call=CreateSwapChainForHwnd hr=0x00000000 swapchain=0000000000813130
call=QueryInterface_IDXGISwapChain3 hr=0x00000000 swapchain3=0000000000813130
com_identity swapchain_getparent_factory hr=0x00000000 same_factory=1
interface name=IDXGISwapChainMedia hr=0x80004002 ptr=0000000000000000
interface name=IDXGISwapChain hr=0x00000000 ptr=0000000000813130
interface name=IDXGISwapChain1 hr=0x00000000 ptr=0000000000813130
interface name=IDXGISwapChain2 hr=0x00000000 ptr=0000000000813130
interface name=IDXGISwapChain3 hr=0x00000000 ptr=0000000000813130
interface name=IDXGISwapChain4 hr=0x00000000 ptr=0000000000813130
test_case=D frames=15 target_fps=0 source_index_policy=local_increment_once_per_source_present allocator_policy=per_backbuffer
timing qpc_frequency=10000000 target_fps=0
present frame=0 source_index=0 allocator_index=0 expected_next=1 observed_next=1 qpc=3095772837710 duration_ticks=18138 hr=0x00000000
present frame=1 source_index=1 allocator_index=1 expected_next=2 observed_next=2 qpc=3095772858957 duration_ticks=3586 hr=0x00000000
present frame=2 source_index=2 allocator_index=2 expected_next=0 observed_next=0 qpc=3095772862770 duration_ticks=3056 hr=0x00000000
present frame=3 source_index=0 allocator_index=0 expected_next=1 observed_next=1 qpc=3095772916187 duration_ticks=15845 hr=0x00000000
present frame=4 source_index=1 allocator_index=1 expected_next=2 observed_next=2 qpc=3095772932360 duration_ticks=3739 hr=0x00000000
present frame=5 source_index=2 allocator_index=2 expected_next=0 observed_next=0 qpc=3095772936318 duration_ticks=5896 hr=0x00000000
present frame=6 source_index=0 allocator_index=0 expected_next=1 observed_next=1 qpc=3095772943245 duration_ticks=5457 hr=0x00000000
present frame=7 source_index=1 allocator_index=1 expected_next=2 observed_next=2 qpc=3095772948876 duration_ticks=18093 hr=0x00000000
present frame=8 source_index=2 allocator_index=2 expected_next=0 observed_next=0 qpc=3095772967173 duration_ticks=141600 hr=0x00000000
present frame=9 source_index=0 allocator_index=0 expected_next=1 observed_next=1 qpc=3095773109005 duration_ticks=167824 hr=0x00000000
present frame=10 source_index=1 allocator_index=1 expected_next=2 observed_next=2 qpc=3095773277050 duration_ticks=167538 hr=0x00000000
present frame=11 source_index=2 allocator_index=2 expected_next=0 observed_next=0 qpc=3095773444875 duration_ticks=164965 hr=0x00000000
present frame=12 source_index=0 allocator_index=0 expected_next=1 observed_next=1 qpc=3095773610109 duration_ticks=168690 hr=0x00000000
present frame=13 source_index=1 allocator_index=1 expected_next=2 observed_next=2 qpc=3095773779050 duration_ticks=163643 hr=0x00000000
present frame=14 source_index=2 allocator_index=2 expected_next=0 observed_next=0 qpc=3095773943036 duration_ticks=168371 hr=0x00000000
complete frames=15 elapsed_ticks=1280653
frame_statistics hr=0x00000000 present_count=15 present_refresh=15 sync_refresh=15
last_present_count hr=0x00000000 count=15
memory_sample hr=0x00000000 current_working_set=91234304 current_private=44270931968 max_sampled_working_set=91234304 max_sampled_private=44270931968 sample_interval_frames=30
bookkeeping_result case=D invariant_mismatches=0 result=PASS
