start dxgi_module=00006fffff070000 dxgi_path_chars=91 dxgi_path=Z:\var\folders\4l\yp39dwhd7rg2y9xscgvhkyqw0000gn\T\fg-step8d1-passthrough-E.tNj7As\dxgi.dll
call=CreateDXGIFactory hr=0x00000000 factory=00000000007d0290
call=CreateDXGIFactory1 hr=0x00000000 factory=00000000007d0290
call=CreateDXGIFactory2 hr=0x00000000 factory=00000000007d0290
adapter_interface version=4 hr=0x00000000 adapter=000000000080b7a0
adapter_interface_matrix adapter0=1 adapter1=1 adapter2=1 adapter3=1 adapter4=1
com_identity factory_qi_iunknown=1 adapter_getparent_factory=1 result=PASS
adapter_enum_output_zero hr=0x00000000 output=0000000000812230
output_interface version=6 hr=0x00000000 output=0000000000812230
com_identity output_getparent_adapter hr=0x00000000 same_adapter=1
interface name=IDXGIFactory hr=0x00000000 ptr=00000000007d0290
interface name=IDXGIFactory1 hr=0x00000000 ptr=00000000007d0290
interface name=IDXGIFactory2 hr=0x00000000 ptr=00000000007d0290
interface name=IDXGIFactory3 hr=0x00000000 ptr=00000000007d0290
interface name=IDXGIFactory4 hr=0x00000000 ptr=00000000007d0290
interface name=IDXGIFactory5 hr=0x00000000 ptr=00000000007d0290
interface name=IDXGIFactory6 hr=0x00000000 ptr=00000000007d0290
interface name=IDXGIFactory7 hr=0x00000000 ptr=00000000007d0290
interface name=IDXGIFactoryMedia hr=0x80004002 ptr=0000000000000000
call=D3D12CreateDevice hr=0x00000000 device=00007fdbe40e2010
call=CreateCommandQueue hr=0x00000000 queue=00007fdbe313c210
call=CreateSwapChainForHwnd hr=0x00000000 swapchain=0000000000812a40
call=QueryInterface_IDXGISwapChain3 hr=0x00000000 swapchain3=0000000000812a40
com_identity swapchain_getparent_factory hr=0x00000000 same_factory=1
interface name=IDXGISwapChainMedia hr=0x80004002 ptr=0000000000000000
interface name=IDXGISwapChain hr=0x00000000 ptr=0000000000812a40
interface name=IDXGISwapChain1 hr=0x00000000 ptr=0000000000812a40
interface name=IDXGISwapChain2 hr=0x00000000 ptr=0000000000812a40
interface name=IDXGISwapChain3 hr=0x00000000 ptr=0000000000812a40
interface name=IDXGISwapChain4 hr=0x00000000 ptr=0000000000812a40
test_case=E frames=15 target_fps=0 source_index_policy=local_increment_once_per_source_present allocator_policy=three_frame_context_ring
timing qpc_frequency=10000000 target_fps=0
present frame=0 source_index=0 allocator_index=0 expected_next=1 observed_next=1 qpc=3095748179152 duration_ticks=6521 hr=0x00000000
present frame=1 source_index=1 allocator_index=1 expected_next=2 observed_next=2 qpc=3095748190014 duration_ticks=1361 hr=0x00000000
present frame=2 source_index=2 allocator_index=2 expected_next=0 observed_next=0 qpc=3095748191715 duration_ticks=1825 hr=0x00000000
present frame=3 source_index=0 allocator_index=0 expected_next=1 observed_next=1 qpc=3095748254724 duration_ticks=7886 hr=0x00000000
present frame=4 source_index=1 allocator_index=1 expected_next=2 observed_next=2 qpc=3095748262939 duration_ticks=2083 hr=0x00000000
present frame=5 source_index=2 allocator_index=2 expected_next=0 observed_next=0 qpc=3095748265240 duration_ticks=2212 hr=0x00000000
present frame=6 source_index=0 allocator_index=0 expected_next=1 observed_next=1 qpc=3095748267679 duration_ticks=1731 hr=0x00000000
present frame=7 source_index=1 allocator_index=1 expected_next=2 observed_next=2 qpc=3095748269616 duration_ticks=1248 hr=0x00000000
present frame=8 source_index=2 allocator_index=2 expected_next=0 observed_next=0 qpc=3095748271022 duration_ticks=1365 hr=0x00000000
present frame=9 source_index=0 allocator_index=0 expected_next=1 observed_next=1 qpc=3095748272541 duration_ticks=1209 hr=0x00000000
present frame=10 source_index=1 allocator_index=1 expected_next=2 observed_next=2 qpc=3095748273911 duration_ticks=1526 hr=0x00000000
present frame=11 source_index=2 allocator_index=2 expected_next=0 observed_next=0 qpc=3095748275585 duration_ticks=1160 hr=0x00000000
present frame=12 source_index=0 allocator_index=0 expected_next=1 observed_next=1 qpc=3095748276876 duration_ticks=33114 hr=0x00000000
present frame=13 source_index=1 allocator_index=1 expected_next=2 observed_next=2 qpc=3095748310135 duration_ticks=132717 hr=0x00000000
present frame=14 source_index=2 allocator_index=2 expected_next=0 observed_next=0 qpc=3095748443087 duration_ticks=166735 hr=0x00000000
complete frames=15 elapsed_ticks=437720
frame_statistics hr=0x00000000 present_count=15 present_refresh=15 sync_refresh=15
last_present_count hr=0x00000000 count=15
memory_sample hr=0x00000000 current_working_set=83935232 current_private=44388442112 max_sampled_working_set=83935232 max_sampled_private=44388442112 sample_interval_frames=30
bookkeeping_result case=E invariant_mismatches=0 result=PASS
