info:  Maximum supported feature level: D3D_FEATURE_LEVEL_11_1
info:  Using feature level D3D_FEATURE_LEVEL_11_0
info:  DXMT framegen enablement inputs changed: requested=1 occluded=0 source_supported=1 layer_owner=0 source_sequence=0
info:  DXMT framegen session reactivation: enabled=1 layer_owner=1 source_sequence=1
info:  DXMT framegen session reactivation: enabled=1 layer_owner=1 source_sequence=2
info:  DXMT framegen session reactivation: enabled=1 layer_owner=1 source_sequence=3
info:  DXMT framegen session reactivation: enabled=1 layer_owner=1 source_sequence=4
info:  DXMT framegen session reactivation: enabled=1 layer_owner=1 source_sequence=5
info:  DXMT framegen session reactivation: enabled=1 layer_owner=1 source_sequence=6
info:  DXMT framegen session reactivation: enabled=1 layer_owner=1 source_sequence=7
info:  DXMT framegen session reactivation: enabled=1 layer_owner=1 source_sequence=8
info:  DXMT framegen session reactivation: enabled=1 layer_owner=1 source_sequence=9
info:  DXMT framegen session reactivation: enabled=1 layer_owner=1 source_sequence=10
info:  DXMT framegen session reactivation: enabled=1 layer_owner=1 source_sequence=11
info:  DXMT framegen session reactivation: enabled=1 layer_owner=1 source_sequence=12
info:  DXMT framegen session reactivation: enabled=1 layer_owner=1 source_sequence=13
info:  DXMT framegen session reactivation: enabled=1 layer_owner=1 source_sequence=14
info:  DXMT framegen session reactivation: enabled=1 layer_owner=1 source_sequence=15
info:  DXMT framegen session reactivation: enabled=1 layer_owner=1 source_sequence=16
info:  DXMT framegen session reactivation: enabled=1 layer_owner=1 source_sequence=17
info:  DXMT framegen session reactivation: enabled=1 layer_owner=1 source_sequence=18
info:  DXMT framegen session reactivation: enabled=1 layer_owner=1 source_sequence=19
info:  DXMT framegen session reactivation: enabled=1 layer_owner=1 source_sequence=20
info:  DXMT framegen session reactivation: enabled=1 layer_owner=1 source_sequence=21
info:  DXMT framegen session reactivation: enabled=1 layer_owner=1 source_sequence=22
info:  DXMT framegen session reactivation: enabled=1 layer_owner=1 source_sequence=23
info:  DXMT framegen session reactivation: enabled=1 layer_owner=1 source_sequence=24
info:  DXMT framegen session reactivation: enabled=1 layer_owner=1 source_sequence=25
info:  DXMT framegen session reactivation: enabled=1 layer_owner=1 source_sequence=26
info:  DXMT framegen session reactivation: enabled=1 layer_owner=1 source_sequence=27
info:  DXMT framegen session reactivation: enabled=1 layer_owner=1 source_sequence=28
info:  DXMT framegen session reactivation: enabled=1 layer_owner=1 source_sequence=29
info:  DXMT framegen session reactivation: enabled=1 layer_owner=1 source_sequence=30
info:  DXMT framegen session reactivation: enabled=1 layer_owner=1 source_sequence=31
info:  DXMT framegen session reactivation: enabled=1 layer_owner=1 source_sequence=32
info:  DXMT framegen session reactivation: enabled=1 layer_owner=1 source_sequence=33
info:  DXMT framegen session reactivation: enabled=1 layer_owner=1 source_sequence=34
info:  DXMT framegen session reactivation: enabled=1 layer_owner=1 source_sequence=35
info:  DXMT framegen session reactivation: enabled=1 layer_owner=1 source_sequence=36
info:  DXMT framegen session reactivation: enabled=1 layer_owner=1 source_sequence=37
info:  DXMT framegen session reactivation: enabled=1 layer_owner=1 source_sequence=38
info:  DXMT framegen session reactivation: enabled=1 layer_owner=1 source_sequence=39
info:  DXMT framegen session reactivation: enabled=1 layer_owner=1 source_sequence=40
info:  DXMT framegen session reactivation: enabled=1 layer_owner=1 source_sequence=41
info:  DXMT framegen session reactivation: enabled=1 layer_owner=1 source_sequence=42
info:  DXMT framegen session reactivation: enabled=1 layer_owner=1 source_sequence=43
info:  DXMT framegen session reactivation: enabled=1 layer_owner=1 source_sequence=44
info:  DXMT framegen session reactivation: enabled=1 layer_owner=1 source_sequence=45
info:  DXMT framegen session reactivation: enabled=1 layer_owner=1 source_sequence=46
info:  DXMT framegen session reactivation: enabled=1 layer_owner=1 source_sequence=47
info:  DXMT framegen session reactivation: enabled=1 layer_owner=1 source_sequence=48
info:  DXMT framegen session reactivation: enabled=1 layer_owner=1 source_sequence=49
info:  DXMT framegen session reactivation: enabled=1 layer_owner=1 source_sequence=50
info:  DXMT framegen session reactivation: enabled=1 layer_owner=1 source_sequence=51
info:  DXMT framegen session reactivation: enabled=1 layer_owner=1 source_sequence=52
info:  DXMT framegen session reactivation: enabled=1 layer_owner=1 source_sequence=53
info:  DXMT framegen session reactivation: enabled=1 layer_owner=1 source_sequence=54
info:  DXMT framegen session reactivation: enabled=1 layer_owner=1 source_sequence=55
info:  DXMT framegen session reactivation: enabled=1 layer_owner=1 source_sequence=56
info:  DXMT framegen session reactivation: enabled=1 layer_owner=1 source_sequence=57
info:  DXMT framegen session reactivation: enabled=1 layer_owner=1 source_sequence=58
info:  DXMT framegen session reactivation: enabled=1 layer_owner=1 source_sequence=59
info:  DXMT framegen session reactivation: enabled=1 layer_owner=1 source_sequence=60
info:  DXMT framegen session reactivation: enabled=1 layer_owner=1 source_sequence=61
info:  DXMT framegen session reactivation: enabled=1 layer_owner=1 source_sequence=62
info:  DXMT framegen session reactivation: enabled=1 layer_owner=1 source_sequence=63
info:  DXMT framegen session reactivation: enabled=1 layer_owner=1 source_sequence=64
info:  DXMT framegen session reactivation: enabled=1 layer_owner=1 source_sequence=65
info:  DXMT framegen session reactivation: enabled=1 layer_owner=1 source_sequence=66
info:  DXMT framegen session reactivation: enabled=1 layer_owner=1 source_sequence=67
info:  DXMT framegen session reactivation: enabled=1 layer_owner=1 source_sequence=68
info:  DXMT framegen session reactivation: enabled=1 layer_owner=1 source_sequence=69
info:  DXMT framegen session reactivation: enabled=1 layer_owner=1 source_sequence=70
info:  DXMT framegen session reactivation: enabled=1 layer_owner=1 source_sequence=71
info:  DXMT framegen session reactivation: enabled=1 layer_owner=1 source_sequence=72
info:  DXMT framegen session reactivation: enabled=1 layer_owner=1 source_sequence=73
info:  DXMT framegen session reactivation: enabled=1 layer_owner=1 source_sequence=74
info:  DXMT framegen session reactivation: enabled=1 layer_owner=1 source_sequence=75
info:  DXMT framegen session reactivation: enabled=1 layer_owner=1 source_sequence=76
info:  DXMT framegen session reactivation: enabled=1 layer_owner=1 source_sequence=77
info:  DXMT framegen session reactivation: enabled=1 layer_owner=1 source_sequence=78
info:  DXMT framegen session reactivation: enabled=1 layer_owner=1 source_sequence=79
info:  DXMT framegen session reactivation: enabled=1 layer_owner=1 source_sequence=80
info:  DXMT framegen session reactivation: enabled=1 layer_owner=1 source_sequence=81
info:  DXMT framegen session reactivation: enabled=1 layer_owner=1 source_sequence=82
info:  DXMT framegen session reactivation: enabled=1 layer_owner=1 source_sequence=83
info:  DXMT framegen session reactivation: enabled=1 layer_owner=1 source_sequence=84
info:  DXMT framegen session reactivation: enabled=1 layer_owner=1 source_sequence=85
info:  DXMT framegen session reactivation: enabled=1 layer_owner=1 source_sequence=86
info:  DXMT framegen session reactivation: enabled=1 layer_owner=1 source_sequence=87
info:  DXMT framegen session reactivation: enabled=1 layer_owner=1 source_sequence=88
info:  DXMT framegen session reactivation: enabled=1 layer_owner=1 source_sequence=89
info:  DXMT framegen session reactivation: enabled=1 layer_owner=1 source_sequence=90
info:  DXMT framegen session reactivation: enabled=1 layer_owner=1 source_sequence=91
info:  DXMT framegen session reactivation: enabled=1 layer_owner=1 source_sequence=92
info:  DXMT framegen session reactivation: enabled=1 layer_owner=1 source_sequence=93
info:  DXMT framegen session reactivation: enabled=1 layer_owner=1 source_sequence=94
info:  DXMT framegen session reactivation: enabled=1 layer_owner=1 source_sequence=95
info:  DXMT framegen session reactivation: enabled=1 layer_owner=1 source_sequence=96
info:  DXMT framegen session reactivation: enabled=1 layer_owner=1 source_sequence=97
info:  DXMT framegen session reactivation: enabled=1 layer_owner=1 source_sequence=98
info:  DXMT framegen session reactivation: enabled=1 layer_owner=1 source_sequence=99
info:  DXMT framegen session reactivation: enabled=1 layer_owner=1 source_sequence=100
info:  DXMT framegen session reactivation: enabled=1 layer_owner=1 source_sequence=101
info:  DXMT framegen session reactivation: enabled=1 layer_owner=1 source_sequence=102
info:  DXMT framegen session reactivation: enabled=1 layer_owner=1 source_sequence=103
info:  DXMT framegen session reactivation: enabled=1 layer_owner=1 source_sequence=104
info:  DXMT framegen session reactivation: enabled=1 layer_owner=1 source_sequence=105
info:  DXMT framegen session reactivation: enabled=1 layer_owner=1 source_sequence=106
info:  DXMT framegen session reactivation: enabled=1 layer_owner=1 source_sequence=107
info:  DXMT framegen session reactivation: enabled=1 layer_owner=1 source_sequence=108
info:  DXMT framegen session reactivation: enabled=1 layer_owner=1 source_sequence=109
info:  DXMT framegen session reactivation: enabled=1 layer_owner=1 source_sequence=110
info:  DXMT framegen session reactivation: enabled=1 layer_owner=1 source_sequence=111
info:  DXMT framegen session reactivation: enabled=1 layer_owner=1 source_sequence=112
info:  DXMT framegen session reactivation: enabled=1 layer_owner=1 source_sequence=113
info:  DXMT framegen session reactivation: enabled=1 layer_owner=1 source_sequence=114
info:  DXMT framegen session reactivation: enabled=1 layer_owner=1 source_sequence=115
info:  DXMT framegen session reactivation: enabled=1 layer_owner=1 source_sequence=116
info:  DXMT framegen session reactivation: enabled=1 layer_owner=1 source_sequence=117
info:  DXMT framegen session reactivation: enabled=1 layer_owner=1 source_sequence=118
info:  DXMT framegen session reactivation: enabled=1 layer_owner=1 source_sequence=119
info:  DXMT framegen session reactivation: enabled=1 layer_owner=1 source_sequence=120
info:  DXMT framegen session reactivation: enabled=1 layer_owner=1 source_sequence=121
info:  DXMT framegen session reactivation: enabled=1 layer_owner=1 source_sequence=122
info:  DXMT framegen session reactivation: enabled=1 layer_owner=1 source_sequence=123
info:  DXMT framegen session reactivation: enabled=1 layer_owner=1 source_sequence=124
info:  DXMT framegen session reactivation: enabled=1 layer_owner=1 source_sequence=125
info:  DXMT framegen session reactivation: enabled=1 layer_owner=1 source_sequence=126
info:  DXMT framegen session reactivation: enabled=1 layer_owner=1 source_sequence=127
info:  DXMT framegen session reactivation: enabled=1 layer_owner=1 source_sequence=128
info:  DXMT framegen session reactivation: enabled=1 layer_owner=1 source_sequence=129
info:  DXMT framegen session reactivation: enabled=1 layer_owner=1 source_sequence=130
info:  DXMT framegen session reactivation: enabled=1 layer_owner=1 source_sequence=131
info:  DXMT framegen session reactivation: enabled=1 layer_owner=1 source_sequence=132
info:  DXMT framegen session reactivation: enabled=1 layer_owner=1 source_sequence=133
info:  DXMT framegen session reactivation: enabled=1 layer_owner=1 source_sequence=134
info:  DXMT framegen session reactivation: enabled=1 layer_owner=1 source_sequence=135
info:  DXMT framegen session reactivation: enabled=1 layer_owner=1 source_sequence=136
info:  DXMT framegen session reactivation: enabled=1 layer_owner=1 source_sequence=137
info:  DXMT framegen session reactivation: enabled=1 layer_owner=1 source_sequence=138
info:  DXMT framegen session reactivation: enabled=1 layer_owner=1 source_sequence=139
info:  DXMT framegen session reactivation: enabled=1 layer_owner=1 source_sequence=140
info:  DXMT framegen session reactivation: enabled=1 layer_owner=1 source_sequence=141
info:  DXMT framegen session reactivation: enabled=1 layer_owner=1 source_sequence=142
info:  DXMT framegen session reactivation: enabled=1 layer_owner=1 source_sequence=143
info:  DXMT framegen session reactivation: enabled=1 layer_owner=1 source_sequence=144
info:  DXMT framegen session reactivation: enabled=1 layer_owner=1 source_sequence=145
info:  DXMT framegen session reactivation: enabled=1 layer_owner=1 source_sequence=146
info:  DXMT framegen session reactivation: enabled=1 layer_owner=1 source_sequence=147
info:  DXMT framegen session reactivation: enabled=1 layer_owner=1 source_sequence=148
info:  DXMT framegen session reactivation: enabled=1 layer_owner=1 source_sequence=149
info:  DXMT framegen session reactivation: enabled=1 layer_owner=1 source_sequence=150
info:  DXMT framegen session reactivation: enabled=1 layer_owner=1 source_sequence=151
info:  DXMT framegen session reactivation: enabled=1 layer_owner=1 source_sequence=152
info:  DXMT framegen session reactivation: enabled=1 layer_owner=1 source_sequence=153
info:  DXMT framegen session reactivation: enabled=1 layer_owner=1 source_sequence=154
info:  DXMT framegen session reactivation: enabled=1 layer_owner=1 source_sequence=155
info:  DXMT framegen session reactivation: enabled=1 layer_owner=1 source_sequence=156
info:  DXMT framegen session reactivation: enabled=1 layer_owner=1 source_sequence=157
info:  DXMT framegen session reactivation: enabled=1 layer_owner=1 source_sequence=158
info:  DXMT framegen session reactivation: enabled=1 layer_owner=1 source_sequence=159
info:  DXMT framegen session reactivation: enabled=1 layer_owner=1 source_sequence=160
info:  DXMT framegen session reactivation: enabled=1 layer_owner=1 source_sequence=161
info:  DXMT framegen session reactivation: enabled=1 layer_owner=1 source_sequence=162
info:  DXMT framegen session reactivation: enabled=1 layer_owner=1 source_sequence=163
info:  DXMT framegen session reactivation: enabled=1 layer_owner=1 source_sequence=164
info:  DXMT framegen session reactivation: enabled=1 layer_owner=1 source_sequence=165
info:  DXMT framegen session reactivation: enabled=1 layer_owner=1 source_sequence=166
info:  DXMT framegen session reactivation: enabled=1 layer_owner=1 source_sequence=167
info:  DXMT framegen session reactivation: enabled=1 layer_owner=1 source_sequence=168
info:  DXMT framegen session reactivation: enabled=1 layer_owner=1 source_sequence=169
info:  DXMT framegen session reactivation: enabled=1 layer_owner=1 source_sequence=170
info:  DXMT framegen session reactivation: enabled=1 layer_owner=1 source_sequence=171
info:  DXMT framegen session reactivation: enabled=1 layer_owner=1 source_sequence=172
info:  DXMT framegen session reactivation: enabled=1 layer_owner=1 source_sequence=173
info:  DXMT framegen session reactivation: enabled=1 layer_owner=1 source_sequence=174
info:  DXMT framegen session reactivation: enabled=1 layer_owner=1 source_sequence=175
info:  DXMT framegen session reactivation: enabled=1 layer_owner=1 source_sequence=176
info:  DXMT framegen session reactivation: enabled=1 layer_owner=1 source_sequence=177
info:  DXMT framegen session reactivation: enabled=1 layer_owner=1 source_sequence=178
info:  DXMT framegen session reactivation: enabled=1 layer_owner=1 source_sequence=179
info:  DXMT framegen session reactivation: enabled=1 layer_owner=1 source_sequence=180
info:  DXMT framegen session reactivation: enabled=1 layer_owner=1 source_sequence=181
info:  DXMT framegen session reactivation: enabled=1 layer_owner=1 source_sequence=182
info:  DXMT framegen session reactivation: enabled=1 layer_owner=1 source_sequence=183
info:  DXMT framegen session reactivation: enabled=1 layer_owner=1 source_sequence=184
info:  DXMT framegen session reactivation: enabled=1 layer_owner=1 source_sequence=185
info:  DXMT framegen session reactivation: enabled=1 layer_owner=1 source_sequence=186
info:  DXMT framegen session reactivation: enabled=1 layer_owner=1 source_sequence=187
info:  DXMT framegen session reactivation: enabled=1 layer_owner=1 source_sequence=188
info:  DXMT framegen session reactivation: enabled=1 layer_owner=1 source_sequence=189
info:  DXMT framegen session reactivation: enabled=1 layer_owner=1 source_sequence=190
info:  DXMT framegen session reactivation: enabled=1 layer_owner=1 source_sequence=191
info:  DXMT framegen session reactivation: enabled=1 layer_owner=1 source_sequence=192
info:  DXMT framegen session reactivation: enabled=1 layer_owner=1 source_sequence=193
info:  DXMT framegen session reactivation: enabled=1 layer_owner=1 source_sequence=194
info:  DXMT framegen session reactivation: enabled=1 layer_owner=1 source_sequence=195
info:  DXMT framegen session reactivation: enabled=1 layer_owner=1 source_sequence=196
info:  DXMT framegen session reactivation: enabled=1 layer_owner=1 source_sequence=197
info:  DXMT framegen session reactivation: enabled=1 layer_owner=1 source_sequence=198
info:  DXMT framegen session reactivation: enabled=1 layer_owner=1 source_sequence=199
info:  DXMT framegen session reactivation: enabled=1 layer_owner=1 source_sequence=200
info:  DXMT framegen session reactivation: enabled=1 layer_owner=1 source_sequence=201
info:  DXMT framegen session reactivation: enabled=1 layer_owner=1 source_sequence=202
info:  DXMT framegen session reactivation: enabled=1 layer_owner=1 source_sequence=203
info:  DXMT framegen session reactivation: enabled=1 layer_owner=1 source_sequence=204
info:  DXMT framegen session reactivation: enabled=1 layer_owner=1 source_sequence=205
info:  DXMT framegen session reactivation: enabled=1 layer_owner=1 source_sequence=206
info:  DXMT framegen session reactivation: enabled=1 layer_owner=1 source_sequence=207
info:  DXMT framegen session reactivation: enabled=1 layer_owner=1 source_sequence=208
info:  DXMT framegen session reactivation: enabled=1 layer_owner=1 source_sequence=209
info:  DXMT framegen session reactivation: enabled=1 layer_owner=1 source_sequence=210
info:  DXMT framegen session reactivation: enabled=1 layer_owner=1 source_sequence=211
info:  DXMT framegen session reactivation: enabled=1 layer_owner=1 source_sequence=212
info:  DXMT framegen session reactivation: enabled=1 layer_owner=1 source_sequence=213
info:  DXMT framegen session reactivation: enabled=1 layer_owner=1 source_sequence=214
info:  DXMT framegen session reactivation: enabled=1 layer_owner=1 source_sequence=215
info:  DXMT framegen session reactivation: enabled=1 layer_owner=1 source_sequence=216
info:  DXMT framegen session reactivation: enabled=1 layer_owner=1 source_sequence=217
info:  DXMT framegen session reactivation: enabled=1 layer_owner=1 source_sequence=218
info:  DXMT framegen session reactivation: enabled=1 layer_owner=1 source_sequence=219
info:  DXMT framegen session reactivation: enabled=1 layer_owner=1 source_sequence=220
info:  DXMT framegen session reactivation: enabled=1 layer_owner=1 source_sequence=221
info:  DXMT framegen session reactivation: enabled=1 layer_owner=1 source_sequence=222
info:  DXMT framegen session reactivation: enabled=1 layer_owner=1 source_sequence=223
info:  DXMT framegen session reactivation: enabled=1 layer_owner=1 source_sequence=224
info:  DXMT framegen session reactivation: enabled=1 layer_owner=1 source_sequence=225
info:  DXMT framegen session reactivation: enabled=1 layer_owner=1 source_sequence=226
info:  DXMT framegen session reactivation: enabled=1 layer_owner=1 source_sequence=227
info:  DXMT framegen session reactivation: enabled=1 layer_owner=1 source_sequence=228
info:  DXMT framegen session reactivation: enabled=1 layer_owner=1 source_sequence=229
info:  DXMT framegen session reactivation: enabled=1 layer_owner=1 source_sequence=230
info:  DXMT framegen session reactivation: enabled=1 layer_owner=1 source_sequence=231
info:  DXMT framegen session reactivation: enabled=1 layer_owner=1 source_sequence=232
info:  DXMT framegen session reactivation: enabled=1 layer_owner=1 source_sequence=233
info:  DXMT framegen session reactivation: enabled=1 layer_owner=1 source_sequence=234
info:  DXMT framegen session reactivation: enabled=1 layer_owner=1 source_sequence=235
info:  DXMT framegen session reactivation: enabled=1 layer_owner=1 source_sequence=236
info:  DXMT framegen session reactivation: enabled=1 layer_owner=1 source_sequence=237
info:  DXMT framegen session reactivation: enabled=1 layer_owner=1 source_sequence=238
info:  DXMT framegen session reactivation: enabled=1 layer_owner=1 source_sequence=239
info:  DXMT framegen session reactivation: enabled=1 layer_owner=1 source_sequence=240
info:  DXMT framegen session reactivation: enabled=1 layer_owner=1 source_sequence=241
info:  DXMT framegen session reactivation: enabled=1 layer_owner=1 source_sequence=242
info:  DXMT framegen session reactivation: enabled=1 layer_owner=1 source_sequence=243
info:  DXMT framegen session reactivation: enabled=1 layer_owner=1 source_sequence=244
info:  DXMT framegen session reactivation: enabled=1 layer_owner=1 source_sequence=245
info:  DXMT framegen session reactivation: enabled=1 layer_owner=1 source_sequence=246
info:  DXMT framegen session reactivation: enabled=1 layer_owner=1 source_sequence=247
info:  DXMT framegen session reactivation: enabled=1 layer_owner=1 source_sequence=248
info:  DXMT framegen session reactivation: enabled=1 layer_owner=1 source_sequence=249
info:  DXMT framegen session reactivation: enabled=1 layer_owner=1 source_sequence=250
info:  DXMT framegen session reactivation: enabled=1 layer_owner=1 source_sequence=251
info:  DXMT framegen session reactivation: enabled=1 layer_owner=1 source_sequence=252
info:  DXMT framegen session reactivation: enabled=1 layer_owner=1 source_sequence=253
info:  DXMT framegen session reactivation: enabled=1 layer_owner=1 source_sequence=254
info:  DXMT framegen session reactivation: enabled=1 layer_owner=1 source_sequence=255
info:  DXMT framegen session reactivation: enabled=1 layer_owner=1 source_sequence=256
info:  DXMT framegen session reactivation: enabled=1 layer_owner=1 source_sequence=257
info:  DXMT framegen session reactivation: enabled=1 layer_owner=1 source_sequence=258
info:  DXMT framegen session reactivation: enabled=1 layer_owner=1 source_sequence=259
info:  DXMT framegen session reactivation: enabled=1 layer_owner=1 source_sequence=260
info:  DXMT framegen session reactivation: enabled=1 layer_owner=1 source_sequence=261
info:  DXMT framegen session reactivation: enabled=1 layer_owner=1 source_sequence=262
info:  DXMT framegen session reactivation: enabled=1 layer_owner=1 source_sequence=263
info:  DXMT framegen session reactivation: enabled=1 layer_owner=1 source_sequence=264
info:  DXMT framegen session reactivation: enabled=1 layer_owner=1 source_sequence=265
info:  DXMT framegen session reactivation: enabled=1 layer_owner=1 source_sequence=266
info:  DXMT framegen session reactivation: enabled=1 layer_owner=1 source_sequence=267
info:  DXMT framegen session reactivation: enabled=1 layer_owner=1 source_sequence=268
info:  DXMT framegen session reactivation: enabled=1 layer_owner=1 source_sequence=269
info:  DXMT framegen session reactivation: enabled=1 layer_owner=1 source_sequence=270
info:  DXMT framegen session reactivation: enabled=1 layer_owner=1 source_sequence=271
info:  DXMT framegen session reactivation: enabled=1 layer_owner=1 source_sequence=272
info:  DXMT framegen session reactivation: enabled=1 layer_owner=1 source_sequence=273
info:  DXMT framegen session reactivation: enabled=1 layer_owner=1 source_sequence=274
info:  DXMT framegen session reactivation: enabled=1 layer_owner=1 source_sequence=275
info:  DXMT framegen session reactivation: enabled=1 layer_owner=1 source_sequence=276
info:  DXMT framegen session reactivation: enabled=1 layer_owner=1 source_sequence=277
info:  DXMT framegen session reactivation: enabled=1 layer_owner=1 source_sequence=278
info:  DXMT framegen session reactivation: enabled=1 layer_owner=1 source_sequence=279
info:  DXMT framegen session reactivation: enabled=1 layer_owner=1 source_sequence=280
info:  DXMT framegen session reactivation: enabled=1 layer_owner=1 source_sequence=281
info:  DXMT framegen session reactivation: enabled=1 layer_owner=1 source_sequence=282
info:  DXMT framegen session reactivation: enabled=1 layer_owner=1 source_sequence=283
info:  DXMT framegen session reactivation: enabled=1 layer_owner=1 source_sequence=284
info:  DXMT framegen session reactivation: enabled=1 layer_owner=1 source_sequence=285
info:  DXMT framegen session reactivation: enabled=1 layer_owner=1 source_sequence=286
info:  DXMT framegen session reactivation: enabled=1 layer_owner=1 source_sequence=287
info:  DXMT framegen session reactivation: enabled=1 layer_owner=1 source_sequence=288
info:  DXMT framegen session reactivation: enabled=1 layer_owner=1 source_sequence=289
info:  DXMT framegen enablement inputs changed: requested=1 occluded=0 source_supported=1 layer_owner=1 source_sequence=290
err:   DXMT framegen could not quiesce layer ownership; ordinary nextDrawable is forbidden
