info:  Maximum supported feature level: D3D_FEATURE_LEVEL_11_1
info:  Using feature level D3D_FEATURE_LEVEL_11_0
info:  DXMT framegen enablement inputs changed: requested=1 occluded=0 source_supported=1 layer_owner=0 source_sequence=0
info:  DXMT framegen session reactivation: enabled=1 layer_owner=1 source_sequence=1
info:  DXMT framegen session reactivation: enabled=1 layer_owner=1 source_sequence=2
info:  DXMT framegen session reactivation: enabled=1 layer_owner=1 source_sequence=3
info:  DXMT framegen session reactivation: enabled=1 layer_owner=1 source_sequence=4
info:  DXMT framegen session reactivation: enabled=1 layer_owner=1 source_sequence=5
info:  DXMT framegen session reactivation: enabled=1 layer_owner=1 source_sequence=6
info:  DXMT framegen session reactivation: enabled=1 layer_owner=1 source_sequence=7
info:  DXMT framegen session reactivation: enabled=1 layer_owner=1 source_sequence=8
info:  DXMT framegen session reactivation: enabled=1 layer_owner=1 source_sequence=9
info:  DXMT framegen session reactivation: enabled=1 layer_owner=1 source_sequence=10
info:  DXMT framegen session reactivation: enabled=1 layer_owner=1 source_sequence=11
info:  DXMT framegen session reactivation: enabled=1 layer_owner=1 source_sequence=12
info:  DXMT framegen session reactivation: enabled=1 layer_owner=1 source_sequence=13
info:  DXMT framegen session reactivation: enabled=1 layer_owner=1 source_sequence=14
info:  DXMT framegen session reactivation: enabled=1 layer_owner=1 source_sequence=15
info:  DXMT framegen session reactivation: enabled=1 layer_owner=1 source_sequence=16
info:  DXMT framegen session reactivation: enabled=1 layer_owner=1 source_sequence=17
info:  DXMT framegen session reactivation: enabled=1 layer_owner=1 source_sequence=18
info:  DXMT framegen session reactivation: enabled=1 layer_owner=1 source_sequence=19
info:  DXMT framegen session reactivation: enabled=1 layer_owner=1 source_sequence=20
info:  DXMT framegen session reactivation: enabled=1 layer_owner=1 source_sequence=21
info:  DXMT framegen session reactivation: enabled=1 layer_owner=1 source_sequence=22
info:  DXMT framegen session reactivation: enabled=1 layer_owner=1 source_sequence=23
info:  DXMT framegen session reactivation: enabled=1 layer_owner=1 source_sequence=24
info:  DXMT framegen session reactivation: enabled=1 layer_owner=1 source_sequence=25
info:  DXMT framegen session reactivation: enabled=1 layer_owner=1 source_sequence=26
info:  DXMT framegen session reactivation: enabled=1 layer_owner=1 source_sequence=27
info:  DXMT framegen session reactivation: enabled=1 layer_owner=1 source_sequence=28
info:  DXMT framegen session reactivation: enabled=1 layer_owner=1 source_sequence=29
info:  DXMT framegen session reactivation: enabled=1 layer_owner=1 source_sequence=30
info:  DXMT framegen session reactivation: enabled=1 layer_owner=1 source_sequence=31
info:  DXMT framegen session reactivation: enabled=1 layer_owner=1 source_sequence=32
info:  DXMT framegen session reactivation: enabled=1 layer_owner=1 source_sequence=33
info:  DXMT framegen session reactivation: enabled=1 layer_owner=1 source_sequence=34
info:  DXMT framegen session reactivation: enabled=1 layer_owner=1 source_sequence=35
info:  DXMT framegen session reactivation: enabled=1 layer_owner=1 source_sequence=36
info:  DXMT framegen session reactivation: enabled=1 layer_owner=1 source_sequence=37
info:  DXMT framegen session reactivation: enabled=1 layer_owner=1 source_sequence=38
info:  DXMT framegen session reactivation: enabled=1 layer_owner=1 source_sequence=39
info:  DXMT framegen session reactivation: enabled=1 layer_owner=1 source_sequence=40
info:  DXMT framegen session reactivation: enabled=1 layer_owner=1 source_sequence=41
info:  DXMT framegen session reactivation: enabled=1 layer_owner=1 source_sequence=42
info:  DXMT framegen session reactivation: enabled=1 layer_owner=1 source_sequence=43
info:  DXMT framegen session reactivation: enabled=1 layer_owner=1 source_sequence=44
info:  DXMT framegen session reactivation: enabled=1 layer_owner=1 source_sequence=45
info:  DXMT framegen session reactivation: enabled=1 layer_owner=1 source_sequence=46
info:  DXMT framegen session reactivation: enabled=1 layer_owner=1 source_sequence=47
info:  DXMT framegen session reactivation: enabled=1 layer_owner=1 source_sequence=48
info:  DXMT framegen session reactivation: enabled=1 layer_owner=1 source_sequence=49
info:  DXMT framegen session reactivation: enabled=1 layer_owner=1 source_sequence=50
info:  DXMT framegen session reactivation: enabled=1 layer_owner=1 source_sequence=51
info:  DXMT framegen session reactivation: enabled=1 layer_owner=1 source_sequence=52
info:  DXMT framegen session reactivation: enabled=1 layer_owner=1 source_sequence=53
info:  DXMT framegen session reactivation: enabled=1 layer_owner=1 source_sequence=54
info:  DXMT framegen session reactivation: enabled=1 layer_owner=1 source_sequence=55
info:  DXMT framegen session reactivation: enabled=1 layer_owner=1 source_sequence=56
info:  DXMT framegen session reactivation: enabled=1 layer_owner=1 source_sequence=57
info:  DXMT framegen session reactivation: enabled=1 layer_owner=1 source_sequence=58
info:  DXMT framegen session reactivation: enabled=1 layer_owner=1 source_sequence=59
info:  DXMT framegen session reactivation: enabled=1 layer_owner=1 source_sequence=60
info:  DXMT framegen session reactivation: enabled=1 layer_owner=1 source_sequence=61
info:  DXMT framegen session reactivation: enabled=1 layer_owner=1 source_sequence=62
info:  DXMT framegen session reactivation: enabled=1 layer_owner=1 source_sequence=63
info:  DXMT framegen session reactivation: enabled=1 layer_owner=1 source_sequence=64
info:  DXMT framegen session reactivation: enabled=1 layer_owner=1 source_sequence=65
info:  DXMT framegen session reactivation: enabled=1 layer_owner=1 source_sequence=66
info:  DXMT framegen session reactivation: enabled=1 layer_owner=1 source_sequence=67
info:  DXMT framegen session reactivation: enabled=1 layer_owner=1 source_sequence=68
info:  DXMT framegen session reactivation: enabled=1 layer_owner=1 source_sequence=69
info:  DXMT framegen session reactivation: enabled=1 layer_owner=1 source_sequence=70
info:  DXMT framegen session reactivation: enabled=1 layer_owner=1 source_sequence=71
info:  DXMT framegen session reactivation: enabled=1 layer_owner=1 source_sequence=72
info:  DXMT framegen session reactivation: enabled=1 layer_owner=1 source_sequence=73
info:  DXMT framegen session reactivation: enabled=1 layer_owner=1 source_sequence=74
info:  DXMT framegen session reactivation: enabled=1 layer_owner=1 source_sequence=75
info:  DXMT framegen session reactivation: enabled=1 layer_owner=1 source_sequence=76
info:  DXMT framegen session reactivation: enabled=1 layer_owner=1 source_sequence=77
info:  DXMT framegen session reactivation: enabled=1 layer_owner=1 source_sequence=78
info:  DXMT framegen session reactivation: enabled=1 layer_owner=1 source_sequence=79
info:  DXMT framegen session reactivation: enabled=1 layer_owner=1 source_sequence=80
info:  DXMT framegen session reactivation: enabled=1 layer_owner=1 source_sequence=81
info:  DXMT framegen session reactivation: enabled=1 layer_owner=1 source_sequence=82
info:  DXMT framegen session reactivation: enabled=1 layer_owner=1 source_sequence=83
info:  DXMT framegen session reactivation: enabled=1 layer_owner=1 source_sequence=84
info:  DXMT framegen session reactivation: enabled=1 layer_owner=1 source_sequence=85
info:  DXMT framegen session reactivation: enabled=1 layer_owner=1 source_sequence=86
info:  DXMT framegen session reactivation: enabled=1 layer_owner=1 source_sequence=87
info:  DXMT framegen session reactivation: enabled=1 layer_owner=1 source_sequence=88
info:  DXMT framegen session reactivation: enabled=1 layer_owner=1 source_sequence=89
info:  DXMT framegen session reactivation: enabled=1 layer_owner=1 source_sequence=90
info:  DXMT framegen session reactivation: enabled=1 layer_owner=1 source_sequence=91
info:  DXMT framegen session reactivation: enabled=1 layer_owner=1 source_sequence=92
info:  DXMT framegen session reactivation: enabled=1 layer_owner=1 source_sequence=93
info:  DXMT framegen session reactivation: enabled=1 layer_owner=1 source_sequence=94
info:  DXMT framegen session reactivation: enabled=1 layer_owner=1 source_sequence=95
info:  DXMT framegen session reactivation: enabled=1 layer_owner=1 source_sequence=96
info:  DXMT framegen session reactivation: enabled=1 layer_owner=1 source_sequence=97
info:  DXMT framegen session reactivation: enabled=1 layer_owner=1 source_sequence=98
info:  DXMT framegen session reactivation: enabled=1 layer_owner=1 source_sequence=99
info:  DXMT framegen session reactivation: enabled=1 layer_owner=1 source_sequence=100
info:  DXMT framegen session reactivation: enabled=1 layer_owner=1 source_sequence=101
info:  DXMT framegen session reactivation: enabled=1 layer_owner=1 source_sequence=102
info:  DXMT framegen session reactivation: enabled=1 layer_owner=1 source_sequence=103
info:  DXMT framegen session reactivation: enabled=1 layer_owner=1 source_sequence=104
info:  DXMT framegen session reactivation: enabled=1 layer_owner=1 source_sequence=105
info:  DXMT framegen session reactivation: enabled=1 layer_owner=1 source_sequence=106
info:  DXMT framegen session reactivation: enabled=1 layer_owner=1 source_sequence=107
info:  DXMT framegen session reactivation: enabled=1 layer_owner=1 source_sequence=108
info:  DXMT framegen session reactivation: enabled=1 layer_owner=1 source_sequence=109
info:  DXMT framegen session reactivation: enabled=1 layer_owner=1 source_sequence=110
info:  DXMT framegen session reactivation: enabled=1 layer_owner=1 source_sequence=111
info:  DXMT framegen session reactivation: enabled=1 layer_owner=1 source_sequence=112
info:  DXMT framegen session reactivation: enabled=1 layer_owner=1 source_sequence=113
info:  DXMT framegen session reactivation: enabled=1 layer_owner=1 source_sequence=114
info:  DXMT framegen session reactivation: enabled=1 layer_owner=1 source_sequence=115
info:  DXMT framegen session reactivation: enabled=1 layer_owner=1 source_sequence=116
info:  DXMT framegen session reactivation: enabled=1 layer_owner=1 source_sequence=117
info:  DXMT framegen session reactivation: enabled=1 layer_owner=1 source_sequence=118
info:  DXMT framegen session reactivation: enabled=1 layer_owner=1 source_sequence=119
info:  DXMT framegen session reactivation: enabled=1 layer_owner=1 source_sequence=120
info:  DXMT framegen session reactivation: enabled=1 layer_owner=1 source_sequence=121
info:  DXMT framegen session reactivation: enabled=1 layer_owner=1 source_sequence=122
info:  DXMT framegen session reactivation: enabled=1 layer_owner=1 source_sequence=123
info:  DXMT framegen session reactivation: enabled=1 layer_owner=1 source_sequence=124
info:  DXMT framegen session reactivation: enabled=1 layer_owner=1 source_sequence=125
info:  DXMT framegen session reactivation: enabled=1 layer_owner=1 source_sequence=126
info:  DXMT framegen enablement inputs changed: requested=1 occluded=0 source_supported=1 layer_owner=1 source_sequence=127
err:   DXMT framegen could not quiesce layer ownership; ordinary nextDrawable is forbidden
info:  DXMT framegen enablement inputs changed: requested=1 occluded=0 source_supported=1 layer_owner=0 source_sequence=128
info:  DXMT framegen session reactivation: enabled=1 layer_owner=1 source_sequence=128
info:  DXMT framegen enablement inputs changed: requested=1 occluded=0 source_supported=1 layer_owner=1 source_sequence=129
err:   DXMT framegen could not quiesce layer ownership; ordinary nextDrawable is forbidden
info:  DXMT framegen enablement inputs changed: requested=1 occluded=0 source_supported=1 layer_owner=0 source_sequence=130
info:  DXMT framegen session reactivation: enabled=1 layer_owner=1 source_sequence=130
info:  DXMT framegen enablement inputs changed: requested=1 occluded=0 source_supported=1 layer_owner=1 source_sequence=131
err:   DXMT framegen could not quiesce layer ownership; ordinary nextDrawable is forbidden
