The Meson build system
Version: 1.12.1
Source dir: /private/tmp/fgmetal-step11b1/dxvk-diagnostic
Build dir: /private/tmp/fgmetal-step11b1/build
Build type: cross build
Project name: dxvk
Project version: 3.1.1
C compiler for the host machine: x86_64-w64-mingw32-gcc (gcc 16.2.0 "x86_64-w64-mingw32-gcc (GCC) 16.2.0")
C linker for the host machine: x86_64-w64-mingw32-gcc ld.bfd 2.47.20260726
C++ compiler for the host machine: x86_64-w64-mingw32-g++ (gcc 16.2.0 "x86_64-w64-mingw32-g++ (GCC) 16.2.0")
C++ linker for the host machine: x86_64-w64-mingw32-g++ ld.bfd 2.47.20260726
C compiler for the build machine: cc (clang 21.0.0 "Apple clang version 21.0.0 (clang-2100.3.34.2)")
C linker for the build machine: cc ld64 27037.1
C++ compiler for the build machine: c++ (clang 21.0.0 "Apple clang version 21.0.0 (clang-2100.3.34.2)")
C++ linker for the build machine: c++ ld64 27037.1
Build machine cpu family: aarch64
Build machine cpu: aarch64
Host machine cpu family: x86_64
Host machine cpu: x86_64
Target machine cpu family: x86_64
Target machine cpu: x86_64
Check usable header "vulkan/vulkan.h" : NO 

../../../../../private/tmp/fgmetal-step11b1/dxvk-diagnostic/meson.build:43:2: ERROR: Problem encountered: Missing Vulkan-Headers

A full log can be found at /private/tmp/fgmetal-step11b1/build/meson-logs/meson-log.txt
