start dxgi_module=00006fffff080000 dxgi_path_chars=41 dxgi_path=Z:\private\tmp\step8d-two-final2\dxgi.dll
call=CreateDXGIFactory2 hr=0x00000000 factory=000000000080d6f0
interface name=IDXGIFactory hr=0x00000000 ptr=000000000080d6f0
interface name=IDXGIFactory1 hr=0x00000000 ptr=000000000080d6f0
interface name=IDXGIFactory2 hr=0x00000000 ptr=000000000080d6f0
interface name=IDXGIFactory3 hr=0x00000000 ptr=000000000080d6f0
interface name=IDXGIFactory4 hr=0x00000000 ptr=000000000080d6f0
interface name=IDXGIFactory5 hr=0x00000000 ptr=000000000080d6f0
interface name=IDXGIFactory6 hr=0x00000000 ptr=000000000080d6f0
interface name=IDXGIFactory7 hr=0x00000000 ptr=000000000080d6f0
interface name=IDXGIFactoryMedia hr=0x80004002 ptr=0000000000000000
call=D3D12CreateDevice hr=0x00000000 device=00007fdc1d037e10
call=CreateCommandQueue hr=0x00000000 queue=00007fdc1c865810
call=CreateSwapChainForHwnd hr=0x00000000 swapchain=0000000000812330
call=CreateSwapChainForHwnd_second hr=0x00000000 swapchain=00000000008123c0
call=QueryInterface_IDXGISwapChain3 hr=0x00000000 swapchain3=0000000000812330
interface name=IDXGISwapChain hr=0x00000000 ptr=0000000000812330
interface name=IDXGISwapChain1 hr=0x00000000 ptr=0000000000812330
interface name=IDXGISwapChain2 hr=0x00000000 ptr=0000000000812330
interface name=IDXGISwapChain3 hr=0x00000000 ptr=0000000000812330
interface name=IDXGISwapChain4 hr=0x00000000 ptr=0000000000812330
timing qpc_frequency=10000000 target_fps=30
present frame=0 index=0 qpc=3050050203588 duration_ticks=23374 hr=0x00000000
present second_chain frame=0 hr=0x00000000
present frame=1 index=2 qpc=3050050286412 duration_ticks=23219 hr=0x00000000
present second_chain frame=1 hr=0x00000000
present frame=2 index=1 qpc=3050050616842 duration_ticks=20070 hr=0x00000000
present second_chain frame=2 hr=0x00000000
present frame=3 index=0 qpc=3050050956995 duration_ticks=9618 hr=0x00000000
present second_chain frame=3 hr=0x00000000
present frame=4 index=2 qpc=3050051289952 duration_ticks=7665 hr=0x00000000
present second_chain frame=4 hr=0x00000000
present frame=5 index=1 qpc=3050051626400 duration_ticks=6276 hr=0x00000000
present second_chain frame=5 hr=0x00000000
present frame=6 index=0 qpc=3050051951531 duration_ticks=4364 hr=0x00000000
present second_chain frame=6 hr=0x00000000
present frame=7 index=2 qpc=3050052285721 duration_ticks=4971 hr=0x00000000
present second_chain frame=7 hr=0x00000000
present frame=8 index=1 qpc=3050052619675 duration_ticks=5787 hr=0x00000000
present second_chain frame=8 hr=0x00000000
present frame=9 index=0 qpc=3050052954722 duration_ticks=7035 hr=0x00000000
present second_chain frame=9 hr=0x00000000
present frame=10 index=2 qpc=3050053292927 duration_ticks=7425 hr=0x00000000
present second_chain frame=10 hr=0x00000000
present frame=11 index=1 qpc=3050053620556 duration_ticks=8265 hr=0x00000000
present second_chain frame=11 hr=0x00000000
present frame=12 index=0 qpc=3050053947958 duration_ticks=13493 hr=0x00000000
present second_chain frame=12 hr=0x00000000
present frame=13 index=2 qpc=3050054281363 duration_ticks=9423 hr=0x00000000
present second_chain frame=13 hr=0x00000000
present frame=14 index=1 qpc=3050054624936 duration_ticks=36421 hr=0x00000000
present second_chain frame=14 hr=0x00000000
present frame=15 index=0 qpc=3050054950576 duration_ticks=35966 hr=0x00000000
present second_chain frame=15 hr=0x00000000
present frame=16 index=2 qpc=3050055290806 duration_ticks=59198 hr=0x00000000
present second_chain frame=16 hr=0x00000000
present frame=17 index=1 qpc=3050055626157 duration_ticks=68181 hr=0x00000000
present second_chain frame=17 hr=0x00000000
present frame=18 index=0 qpc=3050055954987 duration_ticks=41073 hr=0x00000000
present second_chain frame=18 hr=0x00000000
present frame=19 index=2 qpc=3050056290459 duration_ticks=37217 hr=0x00000000
present second_chain frame=19 hr=0x00000000
present frame=20 index=1 qpc=3050056619051 duration_ticks=6519 hr=0x00000000
present second_chain frame=20 hr=0x00000000
present frame=21 index=0 qpc=3050056957375 duration_ticks=41477 hr=0x00000000
present second_chain frame=21 hr=0x00000000
present frame=22 index=2 qpc=3050057290821 duration_ticks=64212 hr=0x00000000
present second_chain frame=22 hr=0x00000000
present frame=23 index=1 qpc=3050057616722 duration_ticks=57039 hr=0x00000000
present second_chain frame=23 hr=0x00000000
present frame=24 index=0 qpc=3050057949671 duration_ticks=33341 hr=0x00000000
present second_chain frame=24 hr=0x00000000
present frame=25 index=2 qpc=3050058289435 duration_ticks=29901 hr=0x00000000
present second_chain frame=25 hr=0x00000000
present frame=26 index=1 qpc=3050058618707 duration_ticks=37720 hr=0x00000000
present second_chain frame=26 hr=0x00000000
present frame=27 index=0 qpc=3050058953582 duration_ticks=34107 hr=0x00000000
present second_chain frame=27 hr=0x00000000
present frame=28 index=2 qpc=3050059284197 duration_ticks=30367 hr=0x00000000
present second_chain frame=28 hr=0x00000000
present frame=29 index=1 qpc=3050059621011 duration_ticks=37883 hr=0x00000000
present second_chain frame=29 hr=0x00000000
present frame=30 index=0 qpc=3050059948559 duration_ticks=50290 hr=0x00000000
present second_chain frame=30 hr=0x00000000
present frame=31 index=2 qpc=3050060285015 duration_ticks=31198 hr=0x00000000
present second_chain frame=31 hr=0x00000000
present frame=32 index=1 qpc=3050060622922 duration_ticks=67215 hr=0x00000000
present second_chain frame=32 hr=0x00000000
present frame=33 index=0 qpc=3050060960128 duration_ticks=35916 hr=0x00000000
present second_chain frame=33 hr=0x00000000
present frame=34 index=2 qpc=3050061283429 duration_ticks=36287 hr=0x00000000
present second_chain frame=34 hr=0x00000000
present frame=35 index=1 qpc=3050061619328 duration_ticks=32995 hr=0x00000000
present second_chain frame=35 hr=0x00000000
present frame=36 index=0 qpc=3050061953395 duration_ticks=68718 hr=0x00000000
present second_chain frame=36 hr=0x00000000
present frame=37 index=2 qpc=3050062293804 duration_ticks=68632 hr=0x00000000
present second_chain frame=37 hr=0x00000000
present frame=38 index=1 qpc=3050062618139 duration_ticks=32594 hr=0x00000000
present second_chain frame=38 hr=0x00000000
present frame=39 index=0 qpc=3050062952922 duration_ticks=51937 hr=0x00000000
present second_chain frame=39 hr=0x00000000
present frame=40 index=2 qpc=3050063282602 duration_ticks=40258 hr=0x00000000
present second_chain frame=40 hr=0x00000000
present frame=41 index=1 qpc=3050063622230 duration_ticks=52161 hr=0x00000000
present second_chain frame=41 hr=0x00000000
present frame=42 index=0 qpc=3050063952019 duration_ticks=11148 hr=0x00000000
present second_chain frame=42 hr=0x00000000
present frame=43 index=2 qpc=3050064294642 duration_ticks=35091 hr=0x00000000
present second_chain frame=43 hr=0x00000000
present frame=44 index=1 qpc=3050064620813 duration_ticks=34231 hr=0x00000000
present second_chain frame=44 hr=0x00000000
present frame=45 index=0 qpc=3050064957702 duration_ticks=37145 hr=0x00000000
present second_chain frame=45 hr=0x00000000
present frame=46 index=2 qpc=3050065283810 duration_ticks=52951 hr=0x00000000
present second_chain frame=46 hr=0x00000000
present frame=47 index=1 qpc=3050065616610 duration_ticks=31821 hr=0x00000000
present second_chain frame=47 hr=0x00000000
present frame=48 index=0 qpc=3050065954864 duration_ticks=36982 hr=0x00000000
present second_chain frame=48 hr=0x00000000
present frame=49 index=2 qpc=3050066284682 duration_ticks=71658 hr=0x00000000
present second_chain frame=49 hr=0x00000000
present frame=50 index=1 qpc=3050066618462 duration_ticks=5769 hr=0x00000000
present second_chain frame=50 hr=0x00000000
present frame=51 index=0 qpc=3050066955569 duration_ticks=8859 hr=0x00000000
present second_chain frame=51 hr=0x00000000
present frame=52 index=2 qpc=3050067287395 duration_ticks=46194 hr=0x00000000
present second_chain frame=52 hr=0x00000000
present frame=53 index=1 qpc=3050067625804 duration_ticks=65555 hr=0x00000000
present second_chain frame=53 hr=0x00000000
present frame=54 index=0 qpc=3050067956897 duration_ticks=64640 hr=0x00000000
present second_chain frame=54 hr=0x00000000
present frame=55 index=2 qpc=3050068284532 duration_ticks=34344 hr=0x00000000
present second_chain frame=55 hr=0x00000000
present frame=56 index=1 qpc=3050068622564 duration_ticks=71171 hr=0x00000000
present second_chain frame=56 hr=0x00000000
present frame=57 index=0 qpc=3050068955236 duration_ticks=68395 hr=0x00000000
present second_chain frame=57 hr=0x00000000
present frame=58 index=2 qpc=3050069285940 duration_ticks=33241 hr=0x00000000
present second_chain frame=58 hr=0x00000000
present frame=59 index=1 qpc=3050069627751 duration_ticks=37376 hr=0x00000000
present second_chain frame=59 hr=0x00000000
present frame=60 index=0 qpc=3050069950876 duration_ticks=52227 hr=0x00000000
present second_chain frame=60 hr=0x00000000
present frame=61 index=2 qpc=3050070289952 duration_ticks=47082 hr=0x00000000
present second_chain frame=61 hr=0x00000000
present frame=62 index=1 qpc=3050070622259 duration_ticks=35395 hr=0x00000000
present second_chain frame=62 hr=0x00000000
present frame=63 index=0 qpc=3050070952037 duration_ticks=30098 hr=0x00000000
present second_chain frame=63 hr=0x00000000
present frame=64 index=2 qpc=3050071290920 duration_ticks=37755 hr=0x00000000
present second_chain frame=64 hr=0x00000000
present frame=65 index=1 qpc=3050071625028 duration_ticks=73718 hr=0x00000000
present second_chain frame=65 hr=0x00000000
present frame=66 index=0 qpc=3050071948129 duration_ticks=13727 hr=0x00000000
present second_chain frame=66 hr=0x00000000
present frame=67 index=2 qpc=3050072284559 duration_ticks=12950 hr=0x00000000
present second_chain frame=67 hr=0x00000000
present frame=68 index=1 qpc=3050072620444 duration_ticks=12457 hr=0x00000000
present second_chain frame=68 hr=0x00000000
present frame=69 index=0 qpc=3050072955369 duration_ticks=30554 hr=0x00000000
present second_chain frame=69 hr=0x00000000
present frame=70 index=2 qpc=3050073283675 duration_ticks=32818 hr=0x00000000
present second_chain frame=70 hr=0x00000000
present frame=71 index=1 qpc=3050073625358 duration_ticks=38944 hr=0x00000000
present second_chain frame=71 hr=0x00000000
present frame=72 index=0 qpc=3050073958570 duration_ticks=11671 hr=0x00000000
present second_chain frame=72 hr=0x00000000
present frame=73 index=2 qpc=3050074289070 duration_ticks=30816 hr=0x00000000
present second_chain frame=73 hr=0x00000000
present frame=74 index=1 qpc=3050074619950 duration_ticks=33007 hr=0x00000000
present second_chain frame=74 hr=0x00000000
present frame=75 index=0 qpc=3050074954806 duration_ticks=10702 hr=0x00000000
present second_chain frame=75 hr=0x00000000
present frame=76 index=2 qpc=3050075289885 duration_ticks=10192 hr=0x00000000
present second_chain frame=76 hr=0x00000000
present frame=77 index=1 qpc=3050075623238 duration_ticks=9867 hr=0x00000000
present second_chain frame=77 hr=0x00000000
present frame=78 index=0 qpc=3050075956617 duration_ticks=35601 hr=0x00000000
present second_chain frame=78 hr=0x00000000
present frame=79 index=2 qpc=3050076288197 duration_ticks=10065 hr=0x00000000
present second_chain frame=79 hr=0x00000000
present frame=80 index=1 qpc=3050076621880 duration_ticks=37782 hr=0x00000000
present second_chain frame=80 hr=0x00000000
present frame=81 index=0 qpc=3050076955837 duration_ticks=27406 hr=0x00000000
present second_chain frame=81 hr=0x00000000
present frame=82 index=2 qpc=3050077291256 duration_ticks=46969 hr=0x00000000
present second_chain frame=82 hr=0x00000000
present frame=83 index=1 qpc=3050077617049 duration_ticks=32919 hr=0x00000000
present second_chain frame=83 hr=0x00000000
present frame=84 index=0 qpc=3050077949806 duration_ticks=42497 hr=0x00000000
present second_chain frame=84 hr=0x00000000
present frame=85 index=2 qpc=3050078286957 duration_ticks=32955 hr=0x00000000
present second_chain frame=85 hr=0x00000000
present frame=86 index=1 qpc=3050078624015 duration_ticks=42679 hr=0x00000000
present second_chain frame=86 hr=0x00000000
present frame=87 index=0 qpc=3050078949566 duration_ticks=44258 hr=0x00000000
present second_chain frame=87 hr=0x00000000
present frame=88 index=2 qpc=3050079288096 duration_ticks=33691 hr=0x00000000
present second_chain frame=88 hr=0x00000000
present frame=89 index=1 qpc=3050079617783 duration_ticks=42094 hr=0x00000000
present second_chain frame=89 hr=0x00000000
complete frames=90 elapsed_ticks=30000649
frame_statistics hr=0x00000000 present_count=270 present_refresh=270 sync_refresh=270
last_present_count hr=0x00000000 count=180
