start dxgi_module=00006fffff070000 dxgi_path_chars=91 dxgi_path=Z:\Users\nima\Library\Caches\FG-Metal-Step8D-20261002\two-swapchains-step8d1-final\dxgi.dll
call=CreateDXGIFactory2 hr=0x00000000 factory=00000000007d0290
interface name=IDXGIFactory hr=0x00000000 ptr=00000000007d0290
interface name=IDXGIFactory1 hr=0x00000000 ptr=00000000007d0290
interface name=IDXGIFactory2 hr=0x00000000 ptr=00000000007d0290
interface name=IDXGIFactory3 hr=0x00000000 ptr=00000000007d0290
interface name=IDXGIFactory4 hr=0x00000000 ptr=00000000007d0290
interface name=IDXGIFactory5 hr=0x00000000 ptr=00000000007d0290
interface name=IDXGIFactory6 hr=0x00000000 ptr=00000000007d0290
interface name=IDXGIFactory7 hr=0x00000000 ptr=00000000007d0290
interface name=IDXGIFactoryMedia hr=0x80004002 ptr=0000000000000000
call=D3D12CreateDevice hr=0x00000000 device=00007f7ca30ffc10
call=CreateCommandQueue hr=0x00000000 queue=00007f7ca310d210
call=CreateSwapChainForHwnd hr=0x00000000 swapchain=00000000008127d0
call=CreateSwapChainForHwnd_second hr=0x00000000 swapchain=0000000000812890
call=QueryInterface_IDXGISwapChain3 hr=0x00000000 swapchain3=00000000008127d0
interface name=IDXGISwapChain hr=0x00000000 ptr=00000000008127d0
interface name=IDXGISwapChain1 hr=0x00000000 ptr=00000000008127d0
interface name=IDXGISwapChain2 hr=0x00000000 ptr=00000000008127d0
interface name=IDXGISwapChain3 hr=0x00000000 ptr=00000000008127d0
interface name=IDXGISwapChain4 hr=0x00000000 ptr=00000000008127d0
timing qpc_frequency=10000000 target_fps=30
present frame=0 index=0 qpc=3106674551195 duration_ticks=18711 hr=0x00000000
present second_chain frame=0 hr=0x00000000
present frame=1 index=2 qpc=3106674882063 duration_ticks=13626 hr=0x00000000
present second_chain frame=1 hr=0x00000000
present frame=2 index=1 qpc=3106675214019 duration_ticks=7758 hr=0x00000000
present second_chain frame=2 hr=0x00000000
present frame=3 index=0 qpc=3106675551023 duration_ticks=6077 hr=0x00000000
present second_chain frame=3 hr=0x00000000
present frame=4 index=2 qpc=3106675885833 duration_ticks=6993 hr=0x00000000
present second_chain frame=4 hr=0x00000000
present frame=5 index=1 qpc=3106676211977 duration_ticks=6273 hr=0x00000000
present second_chain frame=5 hr=0x00000000
present frame=6 index=0 qpc=3106676549775 duration_ticks=8443 hr=0x00000000
present second_chain frame=6 hr=0x00000000
present frame=7 index=2 qpc=3106676887360 duration_ticks=12942 hr=0x00000000
present second_chain frame=7 hr=0x00000000
present frame=8 index=1 qpc=3106677220406 duration_ticks=10195 hr=0x00000000
present second_chain frame=8 hr=0x00000000
present frame=9 index=0 qpc=3106677551701 duration_ticks=13259 hr=0x00000000
present second_chain frame=9 hr=0x00000000
present frame=10 index=2 qpc=3106677885421 duration_ticks=11567 hr=0x00000000
present second_chain frame=10 hr=0x00000000
present frame=11 index=1 qpc=3106678217637 duration_ticks=17933 hr=0x00000000
present second_chain frame=11 hr=0x00000000
present frame=12 index=0 qpc=3106678545370 duration_ticks=10871 hr=0x00000000
present second_chain frame=12 hr=0x00000000
present frame=13 index=2 qpc=3106678877961 duration_ticks=14464 hr=0x00000000
present second_chain frame=13 hr=0x00000000
present frame=14 index=1 qpc=3106679214473 duration_ticks=11637 hr=0x00000000
present second_chain frame=14 hr=0x00000000
present frame=15 index=0 qpc=3106679545978 duration_ticks=8591 hr=0x00000000
present second_chain frame=15 hr=0x00000000
present frame=16 index=2 qpc=3106679877516 duration_ticks=10131 hr=0x00000000
present second_chain frame=16 hr=0x00000000
present frame=17 index=1 qpc=3106680218531 duration_ticks=14479 hr=0x00000000
present second_chain frame=17 hr=0x00000000
present frame=18 index=0 qpc=3106680554362 duration_ticks=13978 hr=0x00000000
present second_chain frame=18 hr=0x00000000
present frame=19 index=2 qpc=3106680878639 duration_ticks=11692 hr=0x00000000
present second_chain frame=19 hr=0x00000000
present frame=20 index=1 qpc=3106681211296 duration_ticks=6974 hr=0x00000000
present second_chain frame=20 hr=0x00000000
present frame=21 index=0 qpc=3106681549990 duration_ticks=6398 hr=0x00000000
present second_chain frame=21 hr=0x00000000
present frame=22 index=2 qpc=3106681885782 duration_ticks=7558 hr=0x00000000
present second_chain frame=22 hr=0x00000000
present frame=23 index=1 qpc=3106682214138 duration_ticks=7944 hr=0x00000000
present second_chain frame=23 hr=0x00000000
present frame=24 index=0 qpc=3106682554213 duration_ticks=4873 hr=0x00000000
present second_chain frame=24 hr=0x00000000
present frame=25 index=2 qpc=3106682878028 duration_ticks=4041 hr=0x00000000
present second_chain frame=25 hr=0x00000000
present frame=26 index=1 qpc=3106683211810 duration_ticks=4343 hr=0x00000000
present second_chain frame=26 hr=0x00000000
present frame=27 index=0 qpc=3106683547003 duration_ticks=5746 hr=0x00000000
present second_chain frame=27 hr=0x00000000
present frame=28 index=2 qpc=3106683884422 duration_ticks=7008 hr=0x00000000
present second_chain frame=28 hr=0x00000000
present frame=29 index=1 qpc=3106684211655 duration_ticks=10605 hr=0x00000000
present second_chain frame=29 hr=0x00000000
present frame=30 index=0 qpc=3106684546763 duration_ticks=16934 hr=0x00000000
present second_chain frame=30 hr=0x00000000
present frame=31 index=2 qpc=3106684887659 duration_ticks=21781 hr=0x00000000
present second_chain frame=31 hr=0x00000000
present frame=32 index=1 qpc=3106685221251 duration_ticks=36613 hr=0x00000000
present second_chain frame=32 hr=0x00000000
present frame=33 index=0 qpc=3106685545708 duration_ticks=18481 hr=0x00000000
present second_chain frame=33 hr=0x00000000
present frame=34 index=2 qpc=3106685885634 duration_ticks=17651 hr=0x00000000
present second_chain frame=34 hr=0x00000000
present frame=35 index=1 qpc=3106686215667 duration_ticks=15158 hr=0x00000000
present second_chain frame=35 hr=0x00000000
present frame=36 index=0 qpc=3106686543582 duration_ticks=12515 hr=0x00000000
present second_chain frame=36 hr=0x00000000
present frame=37 index=2 qpc=3106686880341 duration_ticks=21082 hr=0x00000000
present second_chain frame=37 hr=0x00000000
present frame=38 index=1 qpc=3106687213112 duration_ticks=50309 hr=0x00000000
present second_chain frame=38 hr=0x00000000
present frame=39 index=0 qpc=3106687553001 duration_ticks=34241 hr=0x00000000
present second_chain frame=39 hr=0x00000000
present frame=40 index=2 qpc=3106687877388 duration_ticks=17984 hr=0x00000000
present second_chain frame=40 hr=0x00000000
present frame=41 index=1 qpc=3106688211925 duration_ticks=18197 hr=0x00000000
present second_chain frame=41 hr=0x00000000
present frame=42 index=0 qpc=3106688553929 duration_ticks=17433 hr=0x00000000
present second_chain frame=42 hr=0x00000000
present frame=43 index=2 qpc=3106688882581 duration_ticks=17593 hr=0x00000000
present second_chain frame=43 hr=0x00000000
present frame=44 index=1 qpc=3106689211707 duration_ticks=17504 hr=0x00000000
present second_chain frame=44 hr=0x00000000
present frame=45 index=0 qpc=3106689552601 duration_ticks=16425 hr=0x00000000
present second_chain frame=45 hr=0x00000000
present frame=46 index=2 qpc=3106689880899 duration_ticks=28117 hr=0x00000000
present second_chain frame=46 hr=0x00000000
present frame=47 index=1 qpc=3106690214192 duration_ticks=17523 hr=0x00000000
present second_chain frame=47 hr=0x00000000
present frame=48 index=0 qpc=3106690546436 duration_ticks=26340 hr=0x00000000
present second_chain frame=48 hr=0x00000000
present frame=49 index=2 qpc=3106690888630 duration_ticks=37955 hr=0x00000000
present second_chain frame=49 hr=0x00000000
present frame=50 index=1 qpc=3106691214505 duration_ticks=27240 hr=0x00000000
present second_chain frame=50 hr=0x00000000
present frame=51 index=0 qpc=3106691553239 duration_ticks=28154 hr=0x00000000
present second_chain frame=51 hr=0x00000000
present frame=52 index=2 qpc=3106691885620 duration_ticks=38925 hr=0x00000000
present second_chain frame=52 hr=0x00000000
present frame=53 index=1 qpc=3106692219629 duration_ticks=46104 hr=0x00000000
present second_chain frame=53 hr=0x00000000
present frame=54 index=0 qpc=3106692548027 duration_ticks=37648 hr=0x00000000
present second_chain frame=54 hr=0x00000000
present frame=55 index=2 qpc=3106692879493 duration_ticks=37032 hr=0x00000000
present second_chain frame=55 hr=0x00000000
present frame=56 index=1 qpc=3106693217477 duration_ticks=37401 hr=0x00000000
present second_chain frame=56 hr=0x00000000
present frame=57 index=0 qpc=3106693545727 duration_ticks=35107 hr=0x00000000
present second_chain frame=57 hr=0x00000000
present frame=58 index=2 qpc=3106693880982 duration_ticks=36209 hr=0x00000000
present second_chain frame=58 hr=0x00000000
present frame=59 index=1 qpc=3106694219712 duration_ticks=36663 hr=0x00000000
present second_chain frame=59 hr=0x00000000
present frame=60 index=0 qpc=3106694549195 duration_ticks=38620 hr=0x00000000
present second_chain frame=60 hr=0x00000000
present frame=61 index=2 qpc=3106694878799 duration_ticks=42438 hr=0x00000000
present second_chain frame=61 hr=0x00000000
present frame=62 index=1 qpc=3106695217901 duration_ticks=44379 hr=0x00000000
present second_chain frame=62 hr=0x00000000
present frame=63 index=0 qpc=3106695551461 duration_ticks=19341 hr=0x00000000
present second_chain frame=63 hr=0x00000000
present frame=64 index=2 qpc=3106695881989 duration_ticks=12434 hr=0x00000000
present second_chain frame=64 hr=0x00000000
present frame=65 index=1 qpc=3106696217074 duration_ticks=6671 hr=0x00000000
present second_chain frame=65 hr=0x00000000
present frame=66 index=0 qpc=3106696546052 duration_ticks=7160 hr=0x00000000
present second_chain frame=66 hr=0x00000000
present frame=67 index=2 qpc=3106696883915 duration_ticks=9282 hr=0x00000000
present second_chain frame=67 hr=0x00000000
present frame=68 index=1 qpc=3106697216122 duration_ticks=49172 hr=0x00000000
present second_chain frame=68 hr=0x00000000
present frame=69 index=0 qpc=3106697545851 duration_ticks=23198 hr=0x00000000
present second_chain frame=69 hr=0x00000000
present frame=70 index=2 qpc=3106697878201 duration_ticks=28426 hr=0x00000000
present second_chain frame=70 hr=0x00000000
present frame=71 index=1 qpc=3106698211789 duration_ticks=18911 hr=0x00000000
present second_chain frame=71 hr=0x00000000
present frame=72 index=0 qpc=3106698545748 duration_ticks=26342 hr=0x00000000
present second_chain frame=72 hr=0x00000000
present frame=73 index=2 qpc=3106698887211 duration_ticks=41863 hr=0x00000000
present second_chain frame=73 hr=0x00000000
present frame=74 index=1 qpc=3106699215803 duration_ticks=23503 hr=0x00000000
present second_chain frame=74 hr=0x00000000
present frame=75 index=0 qpc=3106699553028 duration_ticks=25702 hr=0x00000000
present second_chain frame=75 hr=0x00000000
present frame=76 index=2 qpc=3106699879476 duration_ticks=29265 hr=0x00000000
present second_chain frame=76 hr=0x00000000
present frame=77 index=1 qpc=3106700214587 duration_ticks=32258 hr=0x00000000
present second_chain frame=77 hr=0x00000000
present frame=78 index=0 qpc=3106700550352 duration_ticks=23084 hr=0x00000000
present second_chain frame=78 hr=0x00000000
present frame=79 index=2 qpc=3106700885915 duration_ticks=31445 hr=0x00000000
present second_chain frame=79 hr=0x00000000
present frame=80 index=1 qpc=3106701211477 duration_ticks=17876 hr=0x00000000
present second_chain frame=80 hr=0x00000000
present frame=81 index=0 qpc=3106701543642 duration_ticks=24138 hr=0x00000000
present second_chain frame=81 hr=0x00000000
present frame=82 index=2 qpc=3106701885021 duration_ticks=27726 hr=0x00000000
present second_chain frame=82 hr=0x00000000
present frame=83 index=1 qpc=3106702219187 duration_ticks=39175 hr=0x00000000
present second_chain frame=83 hr=0x00000000
present frame=84 index=0 qpc=3106702551307 duration_ticks=25615 hr=0x00000000
present second_chain frame=84 hr=0x00000000
present frame=85 index=2 qpc=3106702880300 duration_ticks=35893 hr=0x00000000
present second_chain frame=85 hr=0x00000000
present frame=86 index=1 qpc=3106703216410 duration_ticks=35563 hr=0x00000000
present second_chain frame=86 hr=0x00000000
present frame=87 index=0 qpc=3106703548367 duration_ticks=33542 hr=0x00000000
present second_chain frame=87 hr=0x00000000
present frame=88 index=2 qpc=3106703885425 duration_ticks=34966 hr=0x00000000
present second_chain frame=88 hr=0x00000000
present frame=89 index=1 qpc=3106704214082 duration_ticks=17770 hr=0x00000000
present second_chain frame=89 hr=0x00000000
complete frames=90 elapsed_ticks=30011144
frame_statistics hr=0x00000000 present_count=270 present_refresh=270 sync_refresh=270
last_present_count hr=0x00000000 count=180
