start dxgi_module=00006fffff080000 dxgi_path_chars=43 dxgi_path=Z:\private\tmp\step8d-parent-final\dxgi.dll
call=CreateDXGIFactory hr=0x00000000 factory=000000000080d770
call=CreateDXGIFactory1 hr=0x00000000 factory=000000000080d770
call=CreateDXGIFactory2 hr=0x00000000 factory=000000000080d770
call=EnumAdapters1 hr=0x00000000 adapter=00007ff5aed84170
call=AdapterGetParent_IDXGIFactory2 hr=0x00000000 parent=00007ff5aed4b410 same_wrapper=0
interface name=IDXGIFactory hr=0x00000000 ptr=000000000080d770
interface name=IDXGIFactory1 hr=0x00000000 ptr=000000000080d770
interface name=IDXGIFactory2 hr=0x00000000 ptr=000000000080d770
interface name=IDXGIFactory3 hr=0x00000000 ptr=000000000080d770
interface name=IDXGIFactory4 hr=0x00000000 ptr=000000000080d770
interface name=IDXGIFactory5 hr=0x00000000 ptr=000000000080d770
interface name=IDXGIFactory6 hr=0x00000000 ptr=000000000080d770
interface name=IDXGIFactory7 hr=0x00000000 ptr=000000000080d770
interface name=IDXGIFactoryMedia hr=0x80004002 ptr=0000000000000000
call=D3D12CreateDevice hr=0x00000000 device=00007ff5cf8c7810
call=CreateCommandQueue hr=0x00000000 queue=00007ff5be0ed610
call=CreateSwapChainForHwnd hr=0x00000000 swapchain=00007ff5cede5a20
call=QueryInterface_IDXGISwapChain3 hr=0x00000000 swapchain3=00007ff5cede5a20
interface name=IDXGISwapChain hr=0x00000000 ptr=00007ff5cede5a20
interface name=IDXGISwapChain1 hr=0x00000000 ptr=00007ff5cede5a20
interface name=IDXGISwapChain2 hr=0x00000000 ptr=00007ff5cede5a20
interface name=IDXGISwapChain3 hr=0x00000000 ptr=00007ff5cede5a20
interface name=IDXGISwapChain4 hr=0x00000000 ptr=00007ff5cede5a20
timing qpc_frequency=10000000 target_fps=30
present frame=0 index=0 qpc=3055114598009 duration_ticks=169 hr=0x00000000
present frame=1 index=1 qpc=3055114860815 duration_ticks=52 hr=0x00000000
present frame=2 index=2 qpc=3055115196400 duration_ticks=57 hr=0x00000000
present frame=3 index=0 qpc=3055115520695 duration_ticks=57 hr=0x00000000
present frame=4 index=1 qpc=3055115855476 duration_ticks=36 hr=0x00000000
present frame=5 index=2 qpc=3055116194161 duration_ticks=84 hr=0x00000000
present frame=6 index=0 qpc=3055116521746 duration_ticks=49 hr=0x00000000
present frame=7 index=1 qpc=3055116861897 duration_ticks=40 hr=0x00000000
present frame=8 index=2 qpc=3055117188281 duration_ticks=45 hr=0x00000000
present frame=9 index=0 qpc=3055117527538 duration_ticks=67 hr=0x00000000
present frame=10 index=1 qpc=3055117853517 duration_ticks=25 hr=0x00000000
present frame=11 index=2 qpc=3055118192263 duration_ticks=30 hr=0x00000000
present frame=12 index=0 qpc=3055118522217 duration_ticks=87 hr=0x00000000
present frame=13 index=1 qpc=3055118861110 duration_ticks=156 hr=0x00000000
present frame=14 index=2 qpc=3055119190855 duration_ticks=159 hr=0x00000000
present frame=15 index=0 qpc=3055119523220 duration_ticks=135 hr=0x00000000
present frame=16 index=1 qpc=3055119857422 duration_ticks=171 hr=0x00000000
present frame=17 index=2 qpc=3055120187722 duration_ticks=138 hr=0x00000000
present frame=18 index=0 qpc=3055120528417 duration_ticks=153 hr=0x00000000
present frame=19 index=1 qpc=3055120855954 duration_ticks=172 hr=0x00000000
present frame=20 index=2 qpc=3055121197426 duration_ticks=162 hr=0x00000000
present frame=21 index=0 qpc=3055121529752 duration_ticks=158 hr=0x00000000
present frame=22 index=1 qpc=3055121864812 duration_ticks=135 hr=0x00000000
present frame=23 index=2 qpc=3055122195136 duration_ticks=186 hr=0x00000000
present frame=24 index=0 qpc=3055122527992 duration_ticks=174 hr=0x00000000
present frame=25 index=1 qpc=3055122866712 duration_ticks=140 hr=0x00000000
present frame=26 index=2 qpc=3055123197640 duration_ticks=154 hr=0x00000000
present frame=27 index=0 qpc=3055123531077 duration_ticks=163 hr=0x00000000
present frame=28 index=1 qpc=3055123862578 duration_ticks=136 hr=0x00000000
present frame=29 index=2 qpc=3055124186276 duration_ticks=36 hr=0x00000000
present frame=30 index=0 qpc=3055124528388 duration_ticks=160 hr=0x00000000
present frame=31 index=1 qpc=3055124859464 duration_ticks=154 hr=0x00000000
present frame=32 index=2 qpc=3055125190442 duration_ticks=52 hr=0x00000000
present frame=33 index=0 qpc=3055125531565 duration_ticks=69 hr=0x00000000
present frame=34 index=1 qpc=3055125861902 duration_ticks=172 hr=0x00000000
present frame=35 index=2 qpc=3055126193537 duration_ticks=152 hr=0x00000000
present frame=36 index=0 qpc=3055126530983 duration_ticks=31 hr=0x00000000
present frame=37 index=1 qpc=3055126864472 duration_ticks=150 hr=0x00000000
present frame=38 index=2 qpc=3055127196767 duration_ticks=151 hr=0x00000000
present frame=39 index=0 qpc=3055127531336 duration_ticks=136 hr=0x00000000
present frame=40 index=1 qpc=3055127860354 duration_ticks=148 hr=0x00000000
present frame=41 index=2 qpc=3055128190071 duration_ticks=149 hr=0x00000000
present frame=42 index=0 qpc=3055128520935 duration_ticks=153 hr=0x00000000
present frame=43 index=1 qpc=3055128861674 duration_ticks=119 hr=0x00000000
present frame=44 index=2 qpc=3055129186630 duration_ticks=76 hr=0x00000000
present frame=45 index=0 qpc=3055129529406 duration_ticks=96 hr=0x00000000
present frame=46 index=1 qpc=3055129856980 duration_ticks=153 hr=0x00000000
present frame=47 index=2 qpc=3055130191601 duration_ticks=182 hr=0x00000000
present frame=48 index=0 qpc=3055130529810 duration_ticks=149 hr=0x00000000
present frame=49 index=1 qpc=3055130861835 duration_ticks=166 hr=0x00000000
present frame=50 index=2 qpc=3055131191850 duration_ticks=152 hr=0x00000000
present frame=51 index=0 qpc=3055131528902 duration_ticks=143 hr=0x00000000
present frame=52 index=1 qpc=3055131862247 duration_ticks=156 hr=0x00000000
present frame=53 index=2 qpc=3055132188005 duration_ticks=147 hr=0x00000000
present frame=54 index=0 qpc=3055132530486 duration_ticks=162 hr=0x00000000
present frame=55 index=1 qpc=3055132860579 duration_ticks=162 hr=0x00000000
present frame=56 index=2 qpc=3055133190553 duration_ticks=135 hr=0x00000000
present frame=57 index=0 qpc=3055133523471 duration_ticks=146 hr=0x00000000
present frame=58 index=1 qpc=3055133858317 duration_ticks=148 hr=0x00000000
present frame=59 index=2 qpc=3055134198230 duration_ticks=154 hr=0x00000000
present frame=60 index=0 qpc=3055134530975 duration_ticks=165 hr=0x00000000
present frame=61 index=1 qpc=3055134862472 duration_ticks=178 hr=0x00000000
present frame=62 index=2 qpc=3055135196570 duration_ticks=107 hr=0x00000000
present frame=63 index=0 qpc=3055135525355 duration_ticks=99 hr=0x00000000
present frame=64 index=1 qpc=3055135865716 duration_ticks=150 hr=0x00000000
present frame=65 index=2 qpc=3055136187925 duration_ticks=167 hr=0x00000000
present frame=66 index=0 qpc=3055136553445 duration_ticks=223 hr=0x00000000
present frame=67 index=1 qpc=3055136857087 duration_ticks=79 hr=0x00000000
present frame=68 index=2 qpc=3055137197260 duration_ticks=150 hr=0x00000000
present frame=69 index=0 qpc=3055137528470 duration_ticks=156 hr=0x00000000
present frame=70 index=1 qpc=3055137862957 duration_ticks=122 hr=0x00000000
present frame=71 index=2 qpc=3055138197043 duration_ticks=109 hr=0x00000000
present frame=72 index=0 qpc=3055138529623 duration_ticks=103 hr=0x00000000
present frame=73 index=1 qpc=3055138865433 duration_ticks=131 hr=0x00000000
present frame=74 index=2 qpc=3055139189181 duration_ticks=113 hr=0x00000000
present frame=75 index=0 qpc=3055139523069 duration_ticks=97 hr=0x00000000
present frame=76 index=1 qpc=3055139858084 duration_ticks=123 hr=0x00000000
present frame=77 index=2 qpc=3055140189730 duration_ticks=123 hr=0x00000000
present frame=78 index=0 qpc=3055140523454 duration_ticks=112 hr=0x00000000
present frame=79 index=1 qpc=3055140864127 duration_ticks=136 hr=0x00000000
present frame=80 index=2 qpc=3055141194665 duration_ticks=129 hr=0x00000000
present frame=81 index=0 qpc=3055141526759 duration_ticks=145 hr=0x00000000
present frame=82 index=1 qpc=3055141860437 duration_ticks=138 hr=0x00000000
present frame=83 index=2 qpc=3055142193424 duration_ticks=143 hr=0x00000000
present frame=84 index=0 qpc=3055142523775 duration_ticks=116 hr=0x00000000
present frame=85 index=1 qpc=3055142856047 duration_ticks=128 hr=0x00000000
present frame=86 index=2 qpc=3055143191253 duration_ticks=122 hr=0x00000000
present frame=87 index=0 qpc=3055143521881 duration_ticks=122 hr=0x00000000
present frame=88 index=1 qpc=3055143855362 duration_ticks=125 hr=0x00000000
present frame=89 index=2 qpc=3055144186867 duration_ticks=118 hr=0x00000000
complete frames=90 elapsed_ticks=30001056
frame_statistics hr=0x00000000 present_count=90 present_refresh=90 sync_refresh=90
last_present_count hr=0x00000000 count=90
memory_sample hr=0x00000000 current_working_set=91090944 current_private=44413231104 max_sampled_working_set=91090944 max_sampled_private=44413808640 sample_interval_frames=30
