start dxgi_module=00006fffff080000 dxgi_path_chars=34 dxgi_path=Z:\tmp\step8d-final-proxy\dxgi.dll
call=CreateDXGIFactory2 hr=0x00000000 factory=000000000080e6c0
interface name=IDXGIFactory hr=0x00000000 ptr=000000000080e6c0
interface name=IDXGIFactory1 hr=0x00000000 ptr=000000000080e6c0
interface name=IDXGIFactory2 hr=0x00000000 ptr=000000000080e6c0
interface name=IDXGIFactory3 hr=0x00000000 ptr=000000000080e6c0
interface name=IDXGIFactory4 hr=0x00000000 ptr=000000000080e6c0
interface name=IDXGIFactory5 hr=0x00000000 ptr=000000000080e6c0
interface name=IDXGIFactory6 hr=0x00000000 ptr=000000000080e6c0
interface name=IDXGIFactory7 hr=0x00000000 ptr=000000000080e6c0
interface name=IDXGIFactoryMedia hr=0x80004002 ptr=0000000000000000
call=D3D12CreateDevice hr=0x00000000 device=00007fc08a8ee010
call=CreateCommandQueue hr=0x00000000 queue=00007fc08a074c10
call=CreateSwapChainForHwnd hr=0x00000000 swapchain=0000000000812170
call=QueryInterface_IDXGISwapChain3 hr=0x00000000 swapchain3=0000000000812170
interface name=IDXGISwapChain hr=0x00000000 ptr=0000000000812170
interface name=IDXGISwapChain1 hr=0x00000000 ptr=0000000000812170
interface name=IDXGISwapChain2 hr=0x00000000 ptr=0000000000812170
interface name=IDXGISwapChain3 hr=0x00000000 ptr=0000000000812170
interface name=IDXGISwapChain4 hr=0x00000000 ptr=0000000000812170
timing qpc_frequency=10000000 target_fps=30
present frame=0 index=0 qpc=3019448262233 duration_ticks=7890 hr=0x00000000
present frame=1 index=1 qpc=3019448545070 duration_ticks=3440 hr=0x00000000
present frame=2 index=2 qpc=3019448874311 duration_ticks=3154 hr=0x00000000
present frame=3 index=0 qpc=3019449200675 duration_ticks=3495 hr=0x00000000
present frame=4 index=1 qpc=3019449544147 duration_ticks=3698 hr=0x00000000
present frame=5 index=2 qpc=3019449875481 duration_ticks=2803 hr=0x00000000
present frame=6 index=0 qpc=3019450201331 duration_ticks=3088 hr=0x00000000
present frame=7 index=1 qpc=3019450542353 duration_ticks=3321 hr=0x00000000
present frame=8 index=2 qpc=3019450873077 duration_ticks=3230 hr=0x00000000
present frame=9 index=0 qpc=3019451200957 duration_ticks=4745 hr=0x00000000
present frame=10 index=1 qpc=3019451533572 duration_ticks=3917 hr=0x00000000
present frame=11 index=2 qpc=3019451878690 duration_ticks=4220 hr=0x00000000
present frame=12 index=0 qpc=3019452211761 duration_ticks=8123 hr=0x00000000
present frame=13 index=1 qpc=3019452536053 duration_ticks=9891 hr=0x00000000
present frame=14 index=2 qpc=3019452871842 duration_ticks=12615 hr=0x00000000
present frame=15 index=0 qpc=3019453211648 duration_ticks=10937 hr=0x00000000
present frame=16 index=1 qpc=3019453534445 duration_ticks=13149 hr=0x00000000
present frame=17 index=2 qpc=3019453875525 duration_ticks=6524 hr=0x00000000
present frame=18 index=0 qpc=3019454210760 duration_ticks=9244 hr=0x00000000
present frame=19 index=1 qpc=3019454536542 duration_ticks=10588 hr=0x00000000
present frame=20 index=2 qpc=3019454871967 duration_ticks=10253 hr=0x00000000
present frame=21 index=0 qpc=3019455200526 duration_ticks=14450 hr=0x00000000
present frame=22 index=1 qpc=3019455534887 duration_ticks=20000 hr=0x00000000
present frame=23 index=2 qpc=3019455871135 duration_ticks=22080 hr=0x00000000
present frame=24 index=0 qpc=3019456213577 duration_ticks=31818 hr=0x00000000
present frame=25 index=1 qpc=3019456537354 duration_ticks=3861 hr=0x00000000
present frame=26 index=2 qpc=3019456877748 duration_ticks=3711 hr=0x00000000
present frame=27 index=0 qpc=3019457204034 duration_ticks=12453 hr=0x00000000
present frame=28 index=1 qpc=3019457544892 duration_ticks=12689 hr=0x00000000
present frame=29 index=2 qpc=3019457867580 duration_ticks=3373 hr=0x00000000
present frame=30 index=0 qpc=3019458211973 duration_ticks=10920 hr=0x00000000
present frame=31 index=1 qpc=3019458535800 duration_ticks=17337 hr=0x00000000
present frame=32 index=2 qpc=3019458873405 duration_ticks=23557 hr=0x00000000
present frame=33 index=0 qpc=3019459202243 duration_ticks=15902 hr=0x00000000
present frame=34 index=1 qpc=3019459535442 duration_ticks=16547 hr=0x00000000
present frame=35 index=2 qpc=3019459870685 duration_ticks=15510 hr=0x00000000
present frame=36 index=0 qpc=3019460200903 duration_ticks=25510 hr=0x00000000
present frame=37 index=1 qpc=3019460536324 duration_ticks=19166 hr=0x00000000
present frame=38 index=2 qpc=3019460874259 duration_ticks=16264 hr=0x00000000
present frame=39 index=0 qpc=3019461207430 duration_ticks=25584 hr=0x00000000
present frame=40 index=1 qpc=3019461539474 duration_ticks=18541 hr=0x00000000
present frame=41 index=2 qpc=3019461874345 duration_ticks=23002 hr=0x00000000
present frame=42 index=0 qpc=3019462201253 duration_ticks=16960 hr=0x00000000
present frame=43 index=1 qpc=3019462535868 duration_ticks=16065 hr=0x00000000
present frame=44 index=2 qpc=3019462869962 duration_ticks=19795 hr=0x00000000
present frame=45 index=0 qpc=3019463205692 duration_ticks=19693 hr=0x00000000
present frame=46 index=1 qpc=3019463534086 duration_ticks=23772 hr=0x00000000
present frame=47 index=2 qpc=3019463877546 duration_ticks=23080 hr=0x00000000
present frame=48 index=0 qpc=3019464204769 duration_ticks=19392 hr=0x00000000
present frame=49 index=1 qpc=3019464544511 duration_ticks=15572 hr=0x00000000
present frame=50 index=2 qpc=3019464873172 duration_ticks=20014 hr=0x00000000
present frame=51 index=0 qpc=3019465208253 duration_ticks=24658 hr=0x00000000
present frame=52 index=1 qpc=3019465539780 duration_ticks=18989 hr=0x00000000
present frame=53 index=2 qpc=3019465876545 duration_ticks=17458 hr=0x00000000
present frame=54 index=0 qpc=3019466200828 duration_ticks=25881 hr=0x00000000
present frame=55 index=1 qpc=3019466538961 duration_ticks=2819 hr=0x00000000
present frame=56 index=2 qpc=3019466868056 duration_ticks=2983 hr=0x00000000
present frame=57 index=0 qpc=3019467200508 duration_ticks=22209 hr=0x00000000
present frame=58 index=1 qpc=3019467536659 duration_ticks=16995 hr=0x00000000
present frame=59 index=2 qpc=3019467868698 duration_ticks=21319 hr=0x00000000
present frame=60 index=0 qpc=3019468205271 duration_ticks=22471 hr=0x00000000
present frame=61 index=1 qpc=3019468535979 duration_ticks=24497 hr=0x00000000
present frame=62 index=2 qpc=3019468869766 duration_ticks=24297 hr=0x00000000
present frame=63 index=0 qpc=3019469211044 duration_ticks=19682 hr=0x00000000
present frame=64 index=1 qpc=3019469534333 duration_ticks=17982 hr=0x00000000
present frame=65 index=2 qpc=3019469872146 duration_ticks=18277 hr=0x00000000
present frame=66 index=0 qpc=3019470206978 duration_ticks=18656 hr=0x00000000
present frame=67 index=1 qpc=3019470542628 duration_ticks=19558 hr=0x00000000
present frame=68 index=2 qpc=3019470879603 duration_ticks=16729 hr=0x00000000
present frame=69 index=0 qpc=3019471203542 duration_ticks=24315 hr=0x00000000
present frame=70 index=1 qpc=3019471533785 duration_ticks=22279 hr=0x00000000
present frame=71 index=2 qpc=3019471870137 duration_ticks=15654 hr=0x00000000
present frame=72 index=0 qpc=3019472200601 duration_ticks=15196 hr=0x00000000
present frame=73 index=1 qpc=3019472538062 duration_ticks=23415 hr=0x00000000
present frame=74 index=2 qpc=3019472869372 duration_ticks=15176 hr=0x00000000
present frame=75 index=0 qpc=3019473202222 duration_ticks=17151 hr=0x00000000
present frame=76 index=1 qpc=3019473542494 duration_ticks=22213 hr=0x00000000
present frame=77 index=2 qpc=3019473868902 duration_ticks=17538 hr=0x00000000
present frame=78 index=0 qpc=3019474210972 duration_ticks=10773 hr=0x00000000
present frame=79 index=1 qpc=3019474537227 duration_ticks=13816 hr=0x00000000
present frame=80 index=2 qpc=3019474869925 duration_ticks=23659 hr=0x00000000
present frame=81 index=0 qpc=3019475201154 duration_ticks=18228 hr=0x00000000
present frame=82 index=1 qpc=3019475536960 duration_ticks=23332 hr=0x00000000
present frame=83 index=2 qpc=3019475873676 duration_ticks=16405 hr=0x00000000
present frame=84 index=0 qpc=3019476213391 duration_ticks=22117 hr=0x00000000
present frame=85 index=1 qpc=3019476541446 duration_ticks=2621 hr=0x00000000
present frame=86 index=2 qpc=3019476869825 duration_ticks=2555 hr=0x00000000
present frame=87 index=0 qpc=3019477202700 duration_ticks=24227 hr=0x00000000
present frame=88 index=1 qpc=3019477543809 duration_ticks=17419 hr=0x00000000
present frame=89 index=2 qpc=3019477869584 duration_ticks=21445 hr=0x00000000
complete frames=90 elapsed_ticks=30006496
frame_statistics hr=0x00000000 present_count=90 present_refresh=90 sync_refresh=90
last_present_count hr=0x00000000 count=90
