msync: bootstrapped mach port on wine-55c1880-msync.
msync: up and running.
002c:trace:loaddll:build_module Loaded L"C:\\windows\\system32\\wineboot.exe" at 0000000140000000: builtin
002c:trace:loaddll:build_module Loaded L"C:\\windows\\system32\\kernelbase.dll" at 00006FFFFFC10000: builtin
002c:trace:loaddll:build_module Loaded L"C:\\windows\\system32\\kernel32.dll" at 00006FFFFFEC0000: builtin
002c:trace:loaddll:build_module Loaded L"C:\\windows\\system32\\msvcrt.dll" at 00006FFFFFAF0000: builtin
002c:trace:loaddll:build_module Loaded L"C:\\windows\\system32\\ucrtbase.dll" at 00006FFFFF9D0000: builtin
002c:trace:loaddll:build_module Loaded L"C:\\windows\\system32\\sechost.dll" at 00006FFFFFAC0000: builtin
002c:trace:loaddll:build_module Loaded L"C:\\windows\\system32\\advapi32.dll" at 00006FFFFFBB0000: builtin
002c:trace:loaddll:build_module Loaded L"C:\\windows\\system32\\ws2_32.dll" at 00006FFFFF990000: builtin
002c:fixme:winediag:loader_init wine-sikarugir 10.0 is a testing version containing experimental patches.
002c:fixme:winediag:loader_init Please mention your exact version when filing bug reports to Sikarugir-App.
002c:err:wineboot:process_run_key Error running cmd L"C:\\windows\\system32\\winemenubuilder.exe -a -r" (2).
0034:trace:loaddll:build_module Loaded L"C:\\windows\\system32\\services.exe" at 0000000140000000: builtin
0034:trace:loaddll:build_module Loaded L"C:\\windows\\system32\\kernelbase.dll" at 00006FFFFFC10000: builtin
0034:trace:loaddll:build_module Loaded L"C:\\windows\\system32\\kernel32.dll" at 00006FFFFFEC0000: builtin
0034:trace:loaddll:build_module Loaded L"C:\\windows\\system32\\msvcrt.dll" at 00006FFFFFAF0000: builtin
0034:trace:loaddll:build_module Loaded L"C:\\windows\\system32\\ucrtbase.dll" at 00006FFFFF9D0000: builtin
0034:trace:loaddll:build_module Loaded L"C:\\windows\\system32\\sechost.dll" at 00006FFFFFAC0000: builtin
0034:trace:loaddll:build_module Loaded L"C:\\windows\\system32\\advapi32.dll" at 00006FFFFFBB0000: builtin
0034:trace:loaddll:build_module Loaded L"C:\\windows\\system32\\rpcrt4.dll" at 00006FFFFF8F0000: builtin
0034:trace:loaddll:build_module Loaded L"C:\\windows\\system32\\setupapi.dll" at 00006FFFFF860000: builtin
0034:trace:loaddll:build_module Loaded L"C:\\windows\\system32\\userenv.dll" at 00006FFFFF840000: builtin
0040:trace:loaddll:build_module Loaded L"C:\\windows\\system32\\winedevice.exe" at 0000000140000000: builtin
0040:trace:loaddll:build_module Loaded L"C:\\windows\\system32\\kernelbase.dll" at 00006FFFFFC10000: builtin
0040:trace:loaddll:build_module Loaded L"C:\\windows\\system32\\kernel32.dll" at 00006FFFFFEC0000: builtin
0040:trace:loaddll:build_module Loaded L"C:\\windows\\system32\\msvcrt.dll" at 00006FFFFFAF0000: builtin
0040:trace:loaddll:build_module Loaded L"C:\\windows\\system32\\ucrtbase.dll" at 00006FFFFF9D0000: builtin
0040:trace:loaddll:build_module Loaded L"C:\\windows\\system32\\sechost.dll" at 00006FFFFFAC0000: builtin
0040:trace:loaddll:build_module Loaded L"C:\\windows\\system32\\advapi32.dll" at 00006FFFFFBB0000: builtin
0040:trace:loaddll:build_module Loaded L"C:\\windows\\system32\\ntoskrnl.exe" at 00006FFFFF7D0000: builtin
0040:trace:loaddll:build_module Loaded L"C:\\windows\\system32\\rpcrt4.dll" at 00006FFFFF8F0000: builtin
004c:trace:loaddll:build_module Loaded L"C:\\windows\\system32\\drivers\\mountmgr.sys" at 00006FFFFF7A0000: builtin
004c:trace:loaddll:build_module Loaded L"C:\\windows\\system32\\setupapi.dll" at 00006FFFFF860000: builtin
0064:trace:loaddll:build_module Loaded L"C:\\windows\\system32\\plugplay.exe" at 0000000140000000: builtin
0064:trace:loaddll:build_module Loaded L"C:\\windows\\system32\\kernelbase.dll" at 00006FFFFFC10000: builtin
0064:trace:loaddll:build_module Loaded L"C:\\windows\\system32\\kernel32.dll" at 00006FFFFFEC0000: builtin
0064:trace:loaddll:build_module Loaded L"C:\\windows\\system32\\msvcrt.dll" at 00006FFFFFAF0000: builtin
0064:trace:loaddll:build_module Loaded L"C:\\windows\\system32\\ucrtbase.dll" at 00006FFFFF9D0000: builtin
0064:trace:loaddll:build_module Loaded L"C:\\windows\\system32\\sechost.dll" at 00006FFFFFAC0000: builtin
0064:trace:loaddll:build_module Loaded L"C:\\windows\\system32\\advapi32.dll" at 00006FFFFFBB0000: builtin
0064:trace:loaddll:build_module Loaded L"C:\\windows\\system32\\rpcrt4.dll" at 00006FFFFF8F0000: builtin
0064:trace:loaddll:build_module Loaded L"C:\\windows\\system32\\win32u.dll" at 00006FFFFF4D0000: builtin
0064:trace:loaddll:build_module Loaded L"C:\\windows\\system32\\gdi32.dll" at 00006FFFFF520000: builtin
0064:trace:loaddll:build_module Loaded L"C:\\windows\\system32\\user32.dll" at 00006FFFFF5C0000: builtin
0064:trace:loaddll:build_module Loaded L"C:\\windows\\system32\\imm32.dll" at 00006FFFFF4A0000: builtin
007c:trace:loaddll:build_module Loaded L"C:\\windows\\system32\\svchost.exe" at 0000000140000000: builtin
007c:trace:loaddll:build_module Loaded L"C:\\windows\\system32\\kernelbase.dll" at 00006FFFFFC10000: builtin
007c:trace:loaddll:build_module Loaded L"C:\\windows\\system32\\kernel32.dll" at 00006FFFFFEC0000: builtin
007c:trace:loaddll:build_module Loaded L"C:\\windows\\system32\\msvcrt.dll" at 00006FFFFFAF0000: builtin
007c:trace:loaddll:build_module Loaded L"C:\\windows\\system32\\ucrtbase.dll" at 00006FFFFF9D0000: builtin
007c:trace:loaddll:build_module Loaded L"C:\\windows\\system32\\sechost.dll" at 00006FFFFFAC0000: builtin
007c:trace:loaddll:build_module Loaded L"C:\\windows\\system32\\advapi32.dll" at 00006FFFFFBB0000: builtin
007c:trace:loaddll:build_module Loaded L"C:\\windows\\system32\\wevtsvc.dll" at 00006FFFFF480000: builtin
007c:trace:loaddll:build_module Loaded L"C:\\windows\\system32\\rpcrt4.dll" at 00006FFFFF8F0000: builtin
004c:trace:loaddll:build_module Loaded L"C:\\windows\\system32\\drivers\\nsiproxy.sys" at 00006FFFFF460000: builtin
004c:trace:loaddll:build_module Loaded L"C:\\windows\\system32\\dnsapi.dll" at 00006FFFFF3C0000: builtin
004c:trace:loaddll:build_module Loaded L"C:\\windows\\system32\\nsi.dll" at 00006FFFFF3A0000: builtin
004c:trace:loaddll:build_module Loaded L"C:\\windows\\system32\\ws2_32.dll" at 00006FFFFF990000: builtin
004c:trace:loaddll:build_module Loaded L"C:\\windows\\system32\\iphlpapi.dll" at 00006FFFFF3F0000: builtin
004c:trace:loaddll:build_module Loaded L"C:\\windows\\system32\\drivers\\ndis.sys" at 00006FFFFF430000: builtin
0098:trace:loaddll:build_module Loaded L"C:\\windows\\system32\\winedevice.exe" at 0000000140000000: builtin
0098:trace:loaddll:build_module Loaded L"C:\\windows\\system32\\kernelbase.dll" at 00006FFFFFC10000: builtin
0098:trace:loaddll:build_module Loaded L"C:\\windows\\system32\\kernel32.dll" at 00006FFFFFEC0000: builtin
0098:trace:loaddll:build_module Loaded L"C:\\windows\\system32\\msvcrt.dll" at 00006FFFFFAF0000: builtin
0098:trace:loaddll:build_module Loaded L"C:\\windows\\system32\\ucrtbase.dll" at 00006FFFFF9D0000: builtin
0098:trace:loaddll:build_module Loaded L"C:\\windows\\system32\\sechost.dll" at 00006FFFFFAC0000: builtin
0098:trace:loaddll:build_module Loaded L"C:\\windows\\system32\\advapi32.dll" at 00006FFFFFBB0000: builtin
0098:trace:loaddll:build_module Loaded L"C:\\windows\\system32\\ntoskrnl.exe" at 00006FFFFF7D0000: builtin
0098:trace:loaddll:build_module Loaded L"C:\\windows\\system32\\rpcrt4.dll" at 00006FFFFF8F0000: builtin
00a0:trace:loaddll:build_module Loaded L"C:\\windows\\system32\\drivers\\hidparse.sys" at 00006FFFFF350000: builtin
00a0:trace:loaddll:build_module Loaded L"C:\\windows\\system32\\drivers\\winebus.sys" at 00006FFFFF380000: builtin
00a0:trace:loaddll:build_module Loaded L"C:\\windows\\system32\\setupapi.dll" at 00006FFFFF860000: builtin
00a8:trace:loaddll:build_module Loaded L"C:\\windows\\system32\\win32u.dll" at 00006FFFFF4D0000: builtin
00a8:trace:loaddll:build_module Loaded L"C:\\windows\\system32\\gdi32.dll" at 00006FFFFF520000: builtin
00a8:trace:loaddll:build_module Loaded L"C:\\windows\\system32\\user32.dll" at 00006FFFFF5C0000: builtin
00a8:trace:loaddll:build_module Loaded L"C:\\windows\\system32\\drivers\\hidclass.sys" at 00006FFFFF300000: builtin
00a8:trace:loaddll:build_module Loaded L"C:\\windows\\system32\\drivers\\winehid.sys" at 00006FFFFF330000: builtin
00a8:trace:loaddll:build_module Loaded L"C:\\windows\\system32\\imm32.dll" at 00006FFFFF4A0000: builtin
00b4:err:hid:handle_DeviceMatchingCallback Ignoring HID device 0x7fbe2c9219d0 (vid 0000, pid 0000): not a joystick or gamepad
00b4:err:hid:handle_DeviceMatchingCallback Ignoring HID device 0x7fbe5b70ba90 (vid 0000, pid 0000): not a joystick or gamepad
00b4:err:hid:handle_DeviceMatchingCallback Ignoring HID device 0x7fbe5b71cf60 (vid 05ac, pid 8104): not a joystick or gamepad
00b4:err:hid:handle_DeviceMatchingCallback Ignoring HID device 0x7fbe5b71d100 (vid 05ac, pid 8104): not a joystick or gamepad
00b4:err:hid:handle_DeviceMatchingCallback Ignoring HID device 0x7fbe6b7eef90 (vid 0000, pid 0000): not a joystick or gamepad
00b4:err:hid:handle_DeviceMatchingCallback Ignoring HID device 0x7fbe5b70bc90 (vid 0000, pid 0000): not a joystick or gamepad
00b4:err:hid:handle_DeviceMatchingCallback Ignoring HID device 0x7fbe5b71c3d0 (vid 0000, pid 0000): not a joystick or gamepad
00b4:err:hid:handle_DeviceMatchingCallback Ignoring HID device 0x7fbe5b70a800 (vid 0000, pid 0000): not a joystick or gamepad
00b4:err:hid:handle_DeviceMatchingCallback Ignoring HID device 0x7fbe6c1e23f0 (vid 0000, pid 0000): not a joystick or gamepad
00b4:err:hid:handle_DeviceMatchingCallback Ignoring HID device 0x7fbe6b7ee570 (vid 05ac, pid 0000): not a joystick or gamepad
00b4:err:hid:handle_DeviceMatchingCallback Ignoring HID device 0x7fbe5b70ab10 (vid 0000, pid 0000): not a joystick or gamepad
00b4:err:hid:handle_DeviceMatchingCallback Ignoring HID device 0x7fbe6c1dc780 (vid 0000, pid 0000): not a joystick or gamepad
00b4:err:hid:handle_DeviceMatchingCallback Ignoring HID device 0x7fbe6b7eec30 (vid 0000, pid 0000): not a joystick or gamepad
00b4:err:hid:handle_DeviceMatchingCallback Ignoring HID device 0x7fbe6b7ee950 (vid 0000, pid 0000): not a joystick or gamepad
00b4:err:hid:handle_DeviceMatchingCallback Ignoring HID device 0x7fbe5b71d5a0 (vid 05ac, pid 8104): not a joystick or gamepad
00b4:err:hid:handle_DeviceMatchingCallback Ignoring HID device 0x7fbe5b710420 (vid 0000, pid 0000): not a joystick or gamepad
00b4:err:hid:handle_DeviceMatchingCallback Ignoring HID device 0x7fbe2c922800 (vid 05ac, pid 8104): not a joystick or gamepad
002c:trace:loaddll:build_module Loaded L"C:\\windows\\system32\\win32u.dll" at 00006FFFFF4D0000: builtin
002c:trace:loaddll:build_module Loaded L"C:\\windows\\system32\\user32.dll" at 00006FFFFF5C0000: builtin
002c:trace:loaddll:build_module Loaded L"C:\\windows\\system32\\gdi32.dll" at 00006FFFFF520000: builtin
002c:trace:loaddll:build_module Loaded L"C:\\windows\\system32\\shcore.dll" at 00006FFFFE930000: builtin
002c:trace:loaddll:build_module Loaded L"C:\\windows\\system32\\shlwapi.dll" at 00006FFFFE960000: builtin
002c:trace:loaddll:build_module Loaded L"C:\\windows\\system32\\shell32.dll" at 00006FFFFE9C0000: builtin
002c:trace:loaddll:build_module Loaded L"C:\\windows\\system32\\imm32.dll" at 00006FFFFF4A0000: builtin
002c:trace:loaddll:build_module Loaded L"C:\\windows\\system32\\rpcrt4.dll" at 00006FFFFF8F0000: builtin
002c:trace:loaddll:build_module Loaded L"C:\\windows\\system32\\combase.dll" at 00006FFFFE800000: builtin
002c:trace:loaddll:build_module Loaded L"C:\\windows\\system32\\coml2.dll" at 00006FFFFE7D0000: builtin
002c:trace:loaddll:build_module Loaded L"C:\\windows\\system32\\ole32.dll" at 00006FFFFE860000: builtin
0024:trace:loaddll:build_module Loaded L"Z:\\private\\tmp\\step8d-g-hud-final\\step8d_unmodified.exe" at 0000000140000000: native
0024:trace:loaddll:build_module Loaded L"C:\\windows\\system32\\kernelbase.dll" at 00006FFFFFC10000: builtin
0024:trace:loaddll:build_module Loaded L"C:\\windows\\system32\\kernel32.dll" at 00006FFFFFEC0000: builtin
0024:trace:loaddll:build_module Loaded L"C:\\windows\\system32\\ucrtbase.dll" at 00006FFFFF9D0000: builtin
0024:trace:loaddll:build_module Loaded L"C:\\windows\\system32\\d3d12.dll" at 00006FFFFF2C0000: builtin
0024:trace:loaddll:build_module Loaded L"Z:\\private\\tmp\\step8d-g-hud-final\\dxgi.dll" at 00006FFFFF080000: native
0024:trace:loaddll:build_module Loaded L"C:\\windows\\system32\\msvcrt.dll" at 00006FFFFFAF0000: builtin
0024:trace:loaddll:build_module Loaded L"C:\\windows\\system32\\sechost.dll" at 00006FFFFFAC0000: builtin
0024:trace:loaddll:build_module Loaded L"C:\\windows\\system32\\advapi32.dll" at 00006FFFFFBB0000: builtin
0024:trace:loaddll:build_module Loaded L"C:\\windows\\system32\\win32u.dll" at 00006FFFFF4D0000: builtin
0024:trace:loaddll:build_module Loaded L"C:\\windows\\system32\\gdi32.dll" at 00006FFFFF520000: builtin
0024:trace:loaddll:build_module Loaded L"C:\\windows\\system32\\USER32.dll" at 00006FFFFF5C0000: builtin
0024:trace:loaddll:build_module Loaded L"Z:\\Users\\nima\\Library\\Application Support\\Highball\\engines\\x64-sikarugir10.0_6-r14\\renderers\\d3dmetal-tsshim\\wine\\x86_64-windows\\apd12.dll" at 00006FFFFF030000: builtin
0024:trace:loaddll:build_module Loaded L"C:\\windows\\system32\\imm32.dll" at 00006FFFFF4A0000: builtin
00d4:trace:loaddll:build_module Loaded L"C:\\windows\\system32\\explorer.exe" at 0000000140000000: builtin
00d4:trace:loaddll:build_module Loaded L"C:\\windows\\system32\\kernelbase.dll" at 00006FFFFFC10000: builtin
00d4:trace:loaddll:build_module Loaded L"C:\\windows\\system32\\kernel32.dll" at 00006FFFFFEC0000: builtin
00d4:trace:loaddll:build_module Loaded L"C:\\windows\\system32\\msvcrt.dll" at 00006FFFFFAF0000: builtin
00d4:trace:loaddll:build_module Loaded L"C:\\windows\\system32\\ucrtbase.dll" at 00006FFFFF9D0000: builtin
00d4:trace:loaddll:build_module Loaded L"C:\\windows\\system32\\sechost.dll" at 00006FFFFFAC0000: builtin
00d4:trace:loaddll:build_module Loaded L"C:\\windows\\system32\\advapi32.dll" at 00006FFFFFBB0000: builtin
00d4:trace:loaddll:build_module Loaded L"C:\\windows\\system32\\win32u.dll" at 00006FFFFF4D0000: builtin
00d4:trace:loaddll:build_module Loaded L"C:\\windows\\system32\\user32.dll" at 00006FFFFF5C0000: builtin
00d4:trace:loaddll:build_module Loaded L"C:\\windows\\system32\\gdi32.dll" at 00006FFFFF520000: builtin
00d4:trace:loaddll:build_module Loaded L"C:\\windows\\system32\\rpcrt4.dll" at 00006FFFFF8F0000: builtin
00d4:trace:loaddll:build_module Loaded L"C:\\windows\\system32\\imm32.dll" at 00006FFFFF4A0000: builtin
00d4:trace:loaddll:build_module Loaded L"C:\\windows\\system32\\winemac.drv" at 00006FFFFF010000: builtin
[mvk-info] MoltenVK version 1.4.1, supporting Vulkan version 1.4.334.
	The following 153 Vulkan extensions are supported:
	VK_KHR_16bit_storage v1
	VK_KHR_8bit_storage v1
	VK_KHR_bind_memory2 v1
	VK_KHR_buffer_device_address v1
	VK_KHR_calibrated_timestamps v1
	VK_KHR_copy_commands2 v1
	VK_KHR_create_renderpass2 v1
	VK_KHR_dedicated_allocation v3
	VK_KHR_deferred_host_operations v4
	VK_KHR_depth_stencil_resolve v1
	VK_KHR_descriptor_update_template v1
	VK_KHR_device_group v4
	VK_KHR_device_group_creation v1
	VK_KHR_driver_properties v1
	VK_KHR_dynamic_rendering v1
	VK_KHR_dynamic_rendering_local_read v1
	VK_KHR_external_fence v1
	VK_KHR_external_fence_capabilities v1
	VK_KHR_external_memory v1
	VK_KHR_external_memory_capabilities v1
	VK_KHR_external_semaphore v1
	VK_KHR_external_semaphore_capabilities v1
	VK_KHR_format_feature_flags2 v2
	VK_KHR_fragment_shader_barycentric v1
	VK_KHR_get_memory_requirements2 v1
	VK_KHR_get_physical_device_properties2 v2
	VK_KHR_get_surface_capabilities2 v1
	VK_KHR_global_priority v1
	VK_KHR_image_format_list v1
	VK_KHR_imageless_framebuffer v1
	VK_KHR_incremental_present v2
	VK_KHR_index_type_uint8 v1
	VK_KHR_line_rasterization v1
	VK_KHR_load_store_op_none v1
	VK_KHR_maintenance1 v2
	VK_KHR_maintenance2 v1
	VK_KHR_maintenance3 v1
	VK_KHR_maintenance4 v2
	VK_KHR_maintenance5 v1
	VK_KHR_maintenance6 v1
	VK_KHR_maintenance7 v1
	VK_KHR_maintenance8 v1
	VK_KHR_maintenance9 v1
	VK_KHR_map_memory2 v1
	VK_KHR_multiview v1
	VK_KHR_portability_subset v1
	VK_KHR_present_id v1
	VK_KHR_present_id2 v1
	VK_KHR_present_wait v1
	VK_KHR_present_wait2 v1
	VK_KHR_push_descriptor v2
	VK_KHR_relaxed_block_layout v1
	VK_KHR_robustness2 v1
	VK_KHR_sampler_mirror_clamp_to_edge v3
	VK_KHR_sampler_ycbcr_conversion v14
	VK_KHR_separate_depth_stencil_layouts v1
	VK_KHR_shader_draw_parameters v1
	VK_KHR_shader_expect_assume v1
	VK_KHR_shader_float_controls v4
	VK_KHR_shader_float_controls2 v1
	VK_KHR_shader_float16_int8 v1
	VK_KHR_shader_fma v1
	VK_KHR_shader_integer_dot_product v1
	VK_KHR_shader_maximal_reconvergence v1
	VK_KHR_shader_non_semantic_info v1
	VK_KHR_shader_quad_control v1
	VK_KHR_shader_relaxed_extended_instruction v1
	VK_KHR_shader_subgroup_extended_types v1
	VK_KHR_shader_subgroup_rotate v2
	VK_KHR_shader_subgroup_uniform_control_flow v1
	VK_KHR_shader_terminate_invocation v1
	VK_KHR_spirv_1_4 v1
	VK_KHR_storage_buffer_storage_class v1
	VK_KHR_surface v25
	VK_KHR_surface_maintenance1 v1
	VK_KHR_surface_protected_capabilities v1
	VK_KHR_swapchain v70
	VK_KHR_swapchain_maintenance1 v1
	VK_KHR_swapchain_mutable_format v1
	VK_KHR_synchronization2 v1
	VK_KHR_timeline_semaphore v2
	VK_KHR_uniform_buffer_standard_layout v1
	VK_KHR_variable_pointers v1
	VK_KHR_vertex_attribute_divisor v1
	VK_KHR_vulkan_memory_model v3
	VK_KHR_zero_initialize_workgroup_memory v1
	VK_EXT_4444_formats v1
	VK_EXT_buffer_device_address v2
	VK_EXT_calibrated_timestamps v2
	VK_EXT_debug_marker v4
	VK_EXT_debug_report v10
	VK_EXT_debug_utils v2
	VK_EXT_depth_clip_control v1
	VK_EXT_descriptor_indexing v2
	VK_EXT_extended_dynamic_state v1
	VK_EXT_extended_dynamic_state2 v1
	VK_EXT_extended_dynamic_state3 v2
	VK_EXT_external_memory_host v1
	VK_EXT_external_memory_metal v1
	VK_EXT_fragment_shader_interlock v1
	VK_EXT_global_priority v2
	VK_EXT_global_priority_query v1
	VK_EXT_hdr_metadata v3
	VK_EXT_headless_surface v1
	VK_EXT_host_image_copy v1
	VK_EXT_host_query_reset v1
	VK_EXT_image_2d_view_of_3d v1
	VK_EXT_image_robustness v1
	VK_EXT_index_type_uint8 v1
	VK_EXT_inline_uniform_block v1
	VK_EXT_layer_settings v2
	VK_EXT_legacy_dithering v2
	VK_EXT_line_rasterization v1
	VK_EXT_load_store_op_none v1
	VK_EXT_memory_budget v1
	VK_EXT_metal_objects v2
	VK_EXT_metal_surface v1
	VK_EXT_non_seamless_cube_map v1
	VK_EXT_pipeline_creation_cache_control v3
	VK_EXT_pipeline_creation_feedback v1
	VK_EXT_pipeline_robustness v1
	VK_EXT_post_depth_coverage v1
	VK_EXT_primitive_topology_list_restart v1
	VK_EXT_private_data v1
	VK_EXT_provoking_vertex v1
	VK_EXT_robustness2 v1
	VK_EXT_sample_locations v1
	VK_EXT_scalar_block_layout v1
	VK_EXT_separate_stencil_usage v1
	VK_EXT_shader_atomic_float v1
	VK_EXT_shader_demote_to_helper_invocation v1
	VK_EXT_shader_stencil_export v1
	VK_EXT_shader_subgroup_ballot v1
	VK_EXT_shader_subgroup_vote v1
	VK_EXT_shader_viewport_index_layer v1
	VK_EXT_subgroup_size_control v2
	VK_EXT_surface_maintenance1 v1
	VK_EXT_swapchain_colorspace v5
	VK_EXT_swapchain_maintenance1 v1
	VK_EXT_texel_buffer_alignment v1
	VK_EXT_texture_compression_astc_hdr v1
	VK_EXT_tooling_info v1
	VK_EXT_vertex_attribute_divisor v3
	VK_AMD_gpu_shader_half_float v2
	VK_AMD_negative_viewport_height v1
	VK_AMD_shader_image_load_store_lod v1
	VK_AMD_shader_trinary_minmax v1
	VK_GOOGLE_display_timing v1
	VK_IMG_format_pvrtc v1
	VK_INTEL_shader_integer_functions2 v1
	VK_MVK_macos_surface v3
	VK_MVK_moltenvk v37
	VK_NV_fragment_shader_barycentric v1
[mvk-info] GPU device:
	model: Apple M3
	type: Integrated
	vendorID: 0x106b
	deviceID: 0x1b000209
	pipelineCacheUUID: DB445FF2-1B00-0209-0000-000100000000
	GPU memory available: 12124 MB
	GPU memory used: 0 MB
	Metal Shading Language 4.0
	supports the following GPU Features:
		GPU Family Metal 4
		GPU Family Apple 9
		GPU Family Mac 2
		Read-Write Texture Tier 2
[mvk-info] Created VkInstance for Vulkan version 1.0.334, as requested by app, with the following 2 Vulkan extensions enabled:
	VK_KHR_external_memory_capabilities v1
	VK_KHR_get_physical_device_properties2 v2
00d4:trace:loaddll:build_module Loaded L"C:\\windows\\system32\\uxtheme.dll" at 00006FFFFEFC0000: builtin
00d4:trace:loaddll:build_module Loaded L"C:\\windows\\system32\\shcore.dll" at 00006FFFFE5F0000: builtin
00d4:trace:loaddll:build_module Loaded L"C:\\windows\\system32\\shlwapi.dll" at 00006FFFFE620000: builtin
00d4:trace:loaddll:build_module Loaded L"C:\\windows\\system32\\shell32.dll" at 00006FFFFE680000: builtin
00d4:trace:loaddll:build_module Loaded L"C:\\windows\\system32\\combase.dll" at 00006FFFFE4C0000: builtin
00d4:trace:loaddll:build_module Loaded L"C:\\windows\\system32\\coml2.dll" at 00006FFFFE490000: builtin
00d4:trace:loaddll:build_module Loaded L"C:\\windows\\system32\\ole32.dll" at 00006FFFFE520000: builtin
00d4:trace:loaddll:build_module Loaded L"C:\\windows\\system32\\oleaut32.dll" at 00006FFFFE350000: builtin
00d4:trace:loaddll:build_module Loaded L"C:\\windows\\system32\\actxprxy.dll" at 00006FFFFE440000: builtin
00ec:trace:loaddll:build_module Loaded L"C:\\windows\\system32\\rpcss.exe" at 0000000140000000: builtin
00ec:trace:loaddll:build_module Loaded L"C:\\windows\\system32\\kernelbase.dll" at 00006FFFFFC10000: builtin
00ec:trace:loaddll:build_module Loaded L"C:\\windows\\system32\\kernel32.dll" at 00006FFFFFEC0000: builtin
00ec:trace:loaddll:build_module Loaded L"C:\\windows\\system32\\msvcrt.dll" at 00006FFFFFAF0000: builtin
00ec:trace:loaddll:build_module Loaded L"C:\\windows\\system32\\ucrtbase.dll" at 00006FFFFF9D0000: builtin
00ec:trace:loaddll:build_module Loaded L"C:\\windows\\system32\\sechost.dll" at 00006FFFFFAC0000: builtin
00ec:trace:loaddll:build_module Loaded L"C:\\windows\\system32\\advapi32.dll" at 00006FFFFFBB0000: builtin
00ec:trace:loaddll:build_module Loaded L"C:\\windows\\system32\\rpcrt4.dll" at 00006FFFFF8F0000: builtin
0024:trace:loaddll:build_module Loaded L"c:\\windows\\system32\\winemac.drv" at 00006FFFFF010000: builtin
0024:trace:loaddll:build_module Loaded L"C:\\windows\\system32\\uxtheme.dll" at 00006FFFFEFC0000: builtin
0024:trace:loaddll:build_module Loaded L"C:\\windows\\system32\\rpcrt4.dll" at 00006FFFFF8F0000: builtin
0024:trace:loaddll:build_module Loaded L"C:\\windows\\system32\\combase.dll" at 00006FFFFE4C0000: builtin
0024:trace:loaddll:build_module Loaded L"C:\\windows\\system32\\coml2.dll" at 00006FFFFE490000: builtin
0024:trace:loaddll:build_module Loaded L"C:\\windows\\system32\\ole32.dll" at 00006FFFFE520000: builtin
0024:trace:loaddll:build_module Loaded L"C:\\windows\\system32\\dxgi.dll" at 00006FFFFD310000: builtin
[mvk-info] MoltenVK version 1.4.1, supporting Vulkan version 1.4.334.
	The following 153 Vulkan extensions are supported:
	VK_KHR_16bit_storage v1
	VK_KHR_8bit_storage v1
	VK_KHR_bind_memory2 v1
	VK_KHR_buffer_device_address v1
	VK_KHR_calibrated_timestamps v1
	VK_KHR_copy_commands2 v1
	VK_KHR_create_renderpass2 v1
	VK_KHR_dedicated_allocation v3
	VK_KHR_deferred_host_operations v4
	VK_KHR_depth_stencil_resolve v1
	VK_KHR_descriptor_update_template v1
	VK_KHR_device_group v4
	VK_KHR_device_group_creation v1
	VK_KHR_driver_properties v1
	VK_KHR_dynamic_rendering v1
	VK_KHR_dynamic_rendering_local_read v1
	VK_KHR_external_fence v1
	VK_KHR_external_fence_capabilities v1
	VK_KHR_external_memory v1
	VK_KHR_external_memory_capabilities v1
	VK_KHR_external_semaphore v1
	VK_KHR_external_semaphore_capabilities v1
	VK_KHR_format_feature_flags2 v2
	VK_KHR_fragment_shader_barycentric v1
	VK_KHR_get_memory_requirements2 v1
	VK_KHR_get_physical_device_properties2 v2
	VK_KHR_get_surface_capabilities2 v1
	VK_KHR_global_priority v1
	VK_KHR_image_format_list v1
	VK_KHR_imageless_framebuffer v1
	VK_KHR_incremental_present v2
	VK_KHR_index_type_uint8 v1
	VK_KHR_line_rasterization v1
	VK_KHR_load_store_op_none v1
	VK_KHR_maintenance1 v2
	VK_KHR_maintenance2 v1
	VK_KHR_maintenance3 v1
	VK_KHR_maintenance4 v2
	VK_KHR_maintenance5 v1
	VK_KHR_maintenance6 v1
	VK_KHR_maintenance7 v1
	VK_KHR_maintenance8 v1
	VK_KHR_maintenance9 v1
	VK_KHR_map_memory2 v1
	VK_KHR_multiview v1
	VK_KHR_portability_subset v1
	VK_KHR_present_id v1
	VK_KHR_present_id2 v1
	VK_KHR_present_wait v1
	VK_KHR_present_wait2 v1
	VK_KHR_push_descriptor v2
	VK_KHR_relaxed_block_layout v1
	VK_KHR_robustness2 v1
	VK_KHR_sampler_mirror_clamp_to_edge v3
	VK_KHR_sampler_ycbcr_conversion v14
	VK_KHR_separate_depth_stencil_layouts v1
	VK_KHR_shader_draw_parameters v1
	VK_KHR_shader_expect_assume v1
	VK_KHR_shader_float_controls v4
	VK_KHR_shader_float_controls2 v1
	VK_KHR_shader_float16_int8 v1
	VK_KHR_shader_fma v1
	VK_KHR_shader_integer_dot_product v1
	VK_KHR_shader_maximal_reconvergence v1
	VK_KHR_shader_non_semantic_info v1
	VK_KHR_shader_quad_control v1
	VK_KHR_shader_relaxed_extended_instruction v1
	VK_KHR_shader_subgroup_extended_types v1
	VK_KHR_shader_subgroup_rotate v2
	VK_KHR_shader_subgroup_uniform_control_flow v1
	VK_KHR_shader_terminate_invocation v1
	VK_KHR_spirv_1_4 v1
	VK_KHR_storage_buffer_storage_class v1
	VK_KHR_surface v25
	VK_KHR_surface_maintenance1 v1
	VK_KHR_surface_protected_capabilities v1
	VK_KHR_swapchain v70
	VK_KHR_swapchain_maintenance1 v1
	VK_KHR_swapchain_mutable_format v1
	VK_KHR_synchronization2 v1
	VK_KHR_timeline_semaphore v2
	VK_KHR_uniform_buffer_standard_layout v1
	VK_KHR_variable_pointers v1
	VK_KHR_vertex_attribute_divisor v1
	VK_KHR_vulkan_memory_model v3
	VK_KHR_zero_initialize_workgroup_memory v1
	VK_EXT_4444_formats v1
	VK_EXT_buffer_device_address v2
	VK_EXT_calibrated_timestamps v2
	VK_EXT_debug_marker v4
	VK_EXT_debug_report v10
	VK_EXT_debug_utils v2
	VK_EXT_depth_clip_control v1
	VK_EXT_descriptor_indexing v2
	VK_EXT_extended_dynamic_state v1
	VK_EXT_extended_dynamic_state2 v1
	VK_EXT_extended_dynamic_state3 v2
	VK_EXT_external_memory_host v1
	VK_EXT_external_memory_metal v1
	VK_EXT_fragment_shader_interlock v1
	VK_EXT_global_priority v2
	VK_EXT_global_priority_query v1
	VK_EXT_hdr_metadata v3
	VK_EXT_headless_surface v1
	VK_EXT_host_image_copy v1
	VK_EXT_host_query_reset v1
	VK_EXT_image_2d_view_of_3d v1
	VK_EXT_image_robustness v1
	VK_EXT_index_type_uint8 v1
	VK_EXT_inline_uniform_block v1
	VK_EXT_layer_settings v2
	VK_EXT_legacy_dithering v2
	VK_EXT_line_rasterization v1
	VK_EXT_load_store_op_none v1
	VK_EXT_memory_budget v1
	VK_EXT_metal_objects v2
	VK_EXT_metal_surface v1
	VK_EXT_non_seamless_cube_map v1
	VK_EXT_pipeline_creation_cache_control v3
	VK_EXT_pipeline_creation_feedback v1
	VK_EXT_pipeline_robustness v1
	VK_EXT_post_depth_coverage v1
	VK_EXT_primitive_topology_list_restart v1
	VK_EXT_private_data v1
	VK_EXT_provoking_vertex v1
	VK_EXT_robustness2 v1
	VK_EXT_sample_locations v1
	VK_EXT_scalar_block_layout v1
	VK_EXT_separate_stencil_usage v1
	VK_EXT_shader_atomic_float v1
	VK_EXT_shader_demote_to_helper_invocation v1
	VK_EXT_shader_stencil_export v1
	VK_EXT_shader_subgroup_ballot v1
	VK_EXT_shader_subgroup_vote v1
	VK_EXT_shader_viewport_index_layer v1
	VK_EXT_subgroup_size_control v2
	VK_EXT_surface_maintenance1 v1
	VK_EXT_swapchain_colorspace v5
	VK_EXT_swapchain_maintenance1 v1
	VK_EXT_texel_buffer_alignment v1
	VK_EXT_texture_compression_astc_hdr v1
	VK_EXT_tooling_info v1
	VK_EXT_vertex_attribute_divisor v3
	VK_AMD_gpu_shader_half_float v2
	VK_AMD_negative_viewport_height v1
	VK_AMD_shader_image_load_store_lod v1
	VK_AMD_shader_trinary_minmax v1
	VK_GOOGLE_display_timing v1
	VK_IMG_format_pvrtc v1
	VK_INTEL_shader_integer_functions2 v1
	VK_MVK_macos_surface v3
	VK_MVK_moltenvk v37
	VK_NV_fragment_shader_barycentric v1
[mvk-info] GPU device:
	model: Apple M3
	type: Integrated
	vendorID: 0x106b
	deviceID: 0x1b000209
	pipelineCacheUUID: DB445FF2-1B00-0209-0000-000100000000
	GPU memory available: 12124 MB
	GPU memory used: 0 MB
	Metal Shading Language 4.0
	supports the following GPU Features:
		GPU Family Metal 4
		GPU Family Apple 9
		GPU Family Mac 2
		Read-Write Texture Tier 2
[mvk-info] Created VkInstance for Vulkan version 1.0.334, as requested by app, with the following 2 Vulkan extensions enabled:
	VK_KHR_external_memory_capabilities v1
	VK_KHR_get_physical_device_properties2 v2
2026-10-02 13:16:42.938 wine[92551:2439380] [libMTLHud] Metric com.apple.hud-stat.frame-interval already exist
2026-10-02 13:16:42.938 wine[92551:2439380] [libMTLHud] Metric com.apple.hud-stat.present-delay already exist
2026-10-02 13:16:42.938 wine[92551:2439380] [libMTLHud] Metric com.apple.hud-stat.fps already exist
2026-10-02 13:16:42.938 wine[92551:2439113] NSEventModifierFlagFunction specified to -setKeyEquivalentModifierMask: for item <NSMenuItem: 0x7fe1fa747480 Enable HUD, ke='Command-F9', action: toggleEnabled:>, but is only supported for system-provided menu items; will not be used
2026-10-02 13:16:42.938 wine[92551:2439113] NSEventModifierFlagFunction specified to -setKeyEquivalentModifierMask: for item <NSMenuItem: 0x7fe1fa748a10 Enable Logging, ke='Command-F8', action: toggleLoggingEnabled:>, but is only supported for system-provided menu items; will not be used
2026-10-02 13:16:42.939 wine[92551:2439113] NSEventModifierFlagFunction specified to -setKeyEquivalentModifierMask: for item <NSMenuItem: 0x7fe1fa74a870 Reset Metrics, ke='Command-F11', action: resetMetrics:>, but is only supported for system-provided menu items; will not be used
2026-10-02 13:16:42.939 wine[92551:2439113] NSEventModifierFlagFunction specified to -setKeyEquivalentModifierMask: for item <NSMenuItem: 0x7fe1fa743c70 Show Configuration Panel, ke='Command-F12', action: showConfigurationPanel:>, but is only supported for system-provided menu items; will not be used
2026-10-02 13:16:42.939 wine[92551:2439113] NSEventModifierFlagFunction specified to -setKeyEquivalentModifierMask: for item <NSMenuItem: 0x7fe1fa73f610 Copy HUD Configuration, action: copyConfig:>, but is only supported for system-provided menu items; will not be used
2026-10-02 13:16:43.982 wine[92551:2439379] metal-HUD: 60,53.84,175.95,80.65,0.00,16.67,0.00,16.67,0.00,16.67,0.00,16.67,0.08,16.67,0.07,16.67,0.08,16.67,0.07,16.67,0.14,16.67,0.08,16.67,0.14,16.67,0.09,16.67,0.14,16.67,0.09,16.67,0.14,16.67,0.10,16.67,0.16,16.67,0.16,16.67,0.15,16.67,0.15,16.67,0.15,16.67,0.15,16.67,0.15,16.67,0.10,16.67,0.15,16.67,0.10,16.67,0.16,16.67,0.13,16.67,0.15,16.67,0.09,16.67,0.16,16.67,0.10,16.67,0.16,16.67,0.11,16.67,0.16,16.67,0.10,16.67,0.15,16.67,0.10,16.67,0.16,16.67,0.10,16.67,0.15,16.67,0.10,16.67,0.15,16.67,0.09,16.67,0.15,16.67,0.10,16.67,0.16,16.67,0.11,16.67,0.16,16.67,0.11,16.67,0.15,16.67,0.10,16.67,0.15,16.67,0.10,16.67,0.15,16.67,0.10,16.67,0.15,16.67,0.10
2026-10-02 13:16:44.997 wine[92551:2439266] metal-HUD: 121,53.84,175.95,16.67,0.16,16.67,0.13,16.67,0.15,16.67,0.09,16.67,0.15,16.67,0.11,16.67,0.15,16.67,0.10,16.67,0.16,16.67,0.11,16.67,0.15,16.67,0.10,16.67,0.16,16.67,0.12,16.67,0.15,16.67,0.09,16.67,0.16,16.67,0.10,16.67,0.15,16.67,0.13,16.67,0.16,16.67,0.13,16.67,0.15,16.67,0.09,16.67,0.15,16.67,0.10,16.67,0.15,16.67,0.10,16.67,0.16,16.67,0.11,16.67,0.15,16.67,0.10,16.67,0.15,16.67,0.13,16.67,0.16,16.67,0.10,16.67,0.16,16.67,0.11,16.67,0.16,16.67,0.12,16.67,0.15,16.67,0.10,16.67,0.16,16.67,0.12,16.67,0.15,16.67,0.13,16.67,0.15,16.67,0.10,16.67,0.15,16.67,0.11,16.67,0.15,16.67,0.10,16.67,0.16,16.67,0.11,16.67,0.15,16.67,0.12,16.67,0.15,16.67,0.10,16.67,0.15,16.67,0.09,16.67,0.16
