start dxgi_module=00006fffff070000 dxgi_path_chars=85 dxgi_path=Z:\Users\nima\Library\Caches\FG-Metal-Step8D-20261002\two-swapchains-step8d1\dxgi.dll
call=CreateDXGIFactory2 hr=0x00000000 factory=000000000080e4f0
interface name=IDXGIFactory hr=0x00000000 ptr=000000000080e4f0
interface name=IDXGIFactory1 hr=0x00000000 ptr=000000000080e4f0
interface name=IDXGIFactory2 hr=0x00000000 ptr=000000000080e4f0
interface name=IDXGIFactory3 hr=0x00000000 ptr=000000000080e4f0
interface name=IDXGIFactory4 hr=0x00000000 ptr=000000000080e4f0
interface name=IDXGIFactory5 hr=0x00000000 ptr=000000000080e4f0
interface name=IDXGIFactory6 hr=0x00000000 ptr=000000000080e4f0
interface name=IDXGIFactory7 hr=0x00000000 ptr=000000000080e4f0
interface name=IDXGIFactoryMedia hr=0x80004002 ptr=0000000000000000
call=D3D12CreateDevice hr=0x00000000 device=00007f95020bd810
call=CreateCommandQueue hr=0x00000000 queue=00007f94e1025610
call=CreateSwapChainForHwnd hr=0x00000000 swapchain=0000000000812e90
call=CreateSwapChainForHwnd_second hr=0x00000000 swapchain=0000000000812f50
call=QueryInterface_IDXGISwapChain3 hr=0x00000000 swapchain3=0000000000812e90
interface name=IDXGISwapChain hr=0x00000000 ptr=0000000000812e90
interface name=IDXGISwapChain1 hr=0x00000000 ptr=0000000000812e90
interface name=IDXGISwapChain2 hr=0x00000000 ptr=0000000000812e90
interface name=IDXGISwapChain3 hr=0x00000000 ptr=0000000000812e90
interface name=IDXGISwapChain4 hr=0x00000000 ptr=0000000000812e90
timing qpc_frequency=10000000 target_fps=30
present frame=0 index=0 qpc=3101872939136 duration_ticks=16216 hr=0x00000000
present second_chain frame=0 hr=0x00000000
present frame=1 index=2 qpc=3101873273382 duration_ticks=6123 hr=0x00000000
present second_chain frame=1 hr=0x00000000
present frame=2 index=1 qpc=3101873607475 duration_ticks=4722 hr=0x00000000
present second_chain frame=2 hr=0x00000000
present frame=3 index=0 qpc=3101873941655 duration_ticks=4266 hr=0x00000000
present second_chain frame=3 hr=0x00000000
present frame=4 index=2 qpc=3101874275889 duration_ticks=4321 hr=0x00000000
present second_chain frame=4 hr=0x00000000
present frame=5 index=1 qpc=3101874599688 duration_ticks=3514 hr=0x00000000
present second_chain frame=5 hr=0x00000000
present frame=6 index=0 qpc=3101874932962 duration_ticks=4175 hr=0x00000000
present second_chain frame=6 hr=0x00000000
present frame=7 index=2 qpc=3101875268213 duration_ticks=4753 hr=0x00000000
present second_chain frame=7 hr=0x00000000
present frame=8 index=1 qpc=3101875603736 duration_ticks=5259 hr=0x00000000
present second_chain frame=8 hr=0x00000000
present frame=9 index=0 qpc=3101875939102 duration_ticks=4728 hr=0x00000000
present second_chain frame=9 hr=0x00000000
present frame=10 index=2 qpc=3101876275386 duration_ticks=5496 hr=0x00000000
present second_chain frame=10 hr=0x00000000
present frame=11 index=1 qpc=3101876601019 duration_ticks=6611 hr=0x00000000
present second_chain frame=11 hr=0x00000000
present frame=12 index=0 qpc=3101876943064 duration_ticks=25046 hr=0x00000000
present second_chain frame=12 hr=0x00000000
present frame=13 index=2 qpc=3101877269284 duration_ticks=26811 hr=0x00000000
present second_chain frame=13 hr=0x00000000
present frame=14 index=1 qpc=3101877610073 duration_ticks=30949 hr=0x00000000
present second_chain frame=14 hr=0x00000000
present frame=15 index=0 qpc=3101877933882 duration_ticks=31499 hr=0x00000000
present second_chain frame=15 hr=0x00000000
present frame=16 index=2 qpc=3101878266932 duration_ticks=32321 hr=0x00000000
present second_chain frame=16 hr=0x00000000
present frame=17 index=1 qpc=3101878609905 duration_ticks=8769 hr=0x00000000
present second_chain frame=17 hr=0x00000000
present frame=18 index=0 qpc=3101878936734 duration_ticks=5525 hr=0x00000000
present second_chain frame=18 hr=0x00000000
present frame=19 index=2 qpc=3101879273014 duration_ticks=4754 hr=0x00000000
present second_chain frame=19 hr=0x00000000
present frame=20 index=1 qpc=3101879607985 duration_ticks=4572 hr=0x00000000
present second_chain frame=20 hr=0x00000000
present frame=21 index=0 qpc=3101879932989 duration_ticks=5803 hr=0x00000000
present second_chain frame=21 hr=0x00000000
present frame=22 index=2 qpc=3101880268839 duration_ticks=5764 hr=0x00000000
present second_chain frame=22 hr=0x00000000
present frame=23 index=1 qpc=3101880602749 duration_ticks=5483 hr=0x00000000
present second_chain frame=23 hr=0x00000000
present frame=24 index=0 qpc=3101880938267 duration_ticks=4282 hr=0x00000000
present second_chain frame=24 hr=0x00000000
present frame=25 index=2 qpc=3101881273368 duration_ticks=3713 hr=0x00000000
present second_chain frame=25 hr=0x00000000
present frame=26 index=1 qpc=3101881607880 duration_ticks=4507 hr=0x00000000
present second_chain frame=26 hr=0x00000000
present frame=27 index=0 qpc=3101881942959 duration_ticks=4545 hr=0x00000000
present second_chain frame=27 hr=0x00000000
present frame=28 index=2 qpc=3101882267120 duration_ticks=7276 hr=0x00000000
present second_chain frame=28 hr=0x00000000
present frame=29 index=1 qpc=3101882607041 duration_ticks=7065 hr=0x00000000
present second_chain frame=29 hr=0x00000000
present frame=30 index=0 qpc=3101882934835 duration_ticks=21518 hr=0x00000000
present second_chain frame=30 hr=0x00000000
present frame=31 index=2 qpc=3101883270755 duration_ticks=31332 hr=0x00000000
present second_chain frame=31 hr=0x00000000
present frame=32 index=1 qpc=3101883600790 duration_ticks=39163 hr=0x00000000
present second_chain frame=32 hr=0x00000000
present frame=33 index=0 qpc=3101883937157 duration_ticks=36099 hr=0x00000000
present second_chain frame=33 hr=0x00000000
present frame=34 index=2 qpc=3101884269648 duration_ticks=32908 hr=0x00000000
present second_chain frame=34 hr=0x00000000
present frame=35 index=1 qpc=3101884599991 duration_ticks=33059 hr=0x00000000
present second_chain frame=35 hr=0x00000000
present frame=36 index=0 qpc=3101884942610 duration_ticks=37612 hr=0x00000000
present second_chain frame=36 hr=0x00000000
present frame=37 index=2 qpc=3101885277078 duration_ticks=39498 hr=0x00000000
present second_chain frame=37 hr=0x00000000
present frame=38 index=1 qpc=3101885601526 duration_ticks=28463 hr=0x00000000
present second_chain frame=38 hr=0x00000000
present frame=39 index=0 qpc=3101885940671 duration_ticks=30374 hr=0x00000000
present second_chain frame=39 hr=0x00000000
present frame=40 index=2 qpc=3101886349300 duration_ticks=4282 hr=0x00000000
present second_chain frame=40 hr=0x00000000
present frame=41 index=1 qpc=3101886605066 duration_ticks=3338 hr=0x00000000
present second_chain frame=41 hr=0x00000000
present frame=42 index=0 qpc=3101886941290 duration_ticks=27435 hr=0x00000000
present second_chain frame=42 hr=0x00000000
present frame=43 index=2 qpc=3101887275112 duration_ticks=30124 hr=0x00000000
present second_chain frame=43 hr=0x00000000
present frame=44 index=1 qpc=3101887600685 duration_ticks=41048 hr=0x00000000
present second_chain frame=44 hr=0x00000000
present frame=45 index=0 qpc=3101887941487 duration_ticks=42683 hr=0x00000000
present second_chain frame=45 hr=0x00000000
present frame=46 index=2 qpc=3101888274735 duration_ticks=30850 hr=0x00000000
present second_chain frame=46 hr=0x00000000
present frame=47 index=1 qpc=3101888610037 duration_ticks=33869 hr=0x00000000
present second_chain frame=47 hr=0x00000000
present frame=48 index=0 qpc=3101888936031 duration_ticks=41708 hr=0x00000000
present second_chain frame=48 hr=0x00000000
present frame=49 index=2 qpc=3101889272772 duration_ticks=31692 hr=0x00000000
present second_chain frame=49 hr=0x00000000
present frame=50 index=1 qpc=3101889602602 duration_ticks=33606 hr=0x00000000
present second_chain frame=50 hr=0x00000000
present frame=51 index=0 qpc=3101889938813 duration_ticks=34618 hr=0x00000000
present second_chain frame=51 hr=0x00000000
present frame=52 index=2 qpc=3101890271449 duration_ticks=41144 hr=0x00000000
present second_chain frame=52 hr=0x00000000
present frame=53 index=1 qpc=3101890601141 duration_ticks=35509 hr=0x00000000
present second_chain frame=53 hr=0x00000000
present frame=54 index=0 qpc=3101890934378 duration_ticks=29376 hr=0x00000000
present second_chain frame=54 hr=0x00000000
present frame=55 index=2 qpc=3101891273680 duration_ticks=35547 hr=0x00000000
present second_chain frame=55 hr=0x00000000
present frame=56 index=1 qpc=3101891608964 duration_ticks=31723 hr=0x00000000
present second_chain frame=56 hr=0x00000000
present frame=57 index=0 qpc=3101891938317 duration_ticks=35707 hr=0x00000000
present second_chain frame=57 hr=0x00000000
present frame=58 index=2 qpc=3101892272256 duration_ticks=32446 hr=0x00000000
present second_chain frame=58 hr=0x00000000
present frame=59 index=1 qpc=3101892603512 duration_ticks=36033 hr=0x00000000
present second_chain frame=59 hr=0x00000000
present frame=60 index=0 qpc=3101892936165 duration_ticks=33399 hr=0x00000000
present second_chain frame=60 hr=0x00000000
present frame=61 index=2 qpc=3101893277382 duration_ticks=35529 hr=0x00000000
present second_chain frame=61 hr=0x00000000
present frame=62 index=1 qpc=3101893603128 duration_ticks=28702 hr=0x00000000
present second_chain frame=62 hr=0x00000000
present frame=63 index=0 qpc=3101893941337 duration_ticks=30929 hr=0x00000000
present second_chain frame=63 hr=0x00000000
present frame=64 index=2 qpc=3101894268927 duration_ticks=30608 hr=0x00000000
present second_chain frame=64 hr=0x00000000
present frame=65 index=1 qpc=3101894608603 duration_ticks=34743 hr=0x00000000
present second_chain frame=65 hr=0x00000000
present frame=66 index=0 qpc=3101894940866 duration_ticks=32051 hr=0x00000000
present second_chain frame=66 hr=0x00000000
present frame=67 index=2 qpc=3101895269937 duration_ticks=33035 hr=0x00000000
present second_chain frame=67 hr=0x00000000
present frame=68 index=1 qpc=3101895599764 duration_ticks=33238 hr=0x00000000
present second_chain frame=68 hr=0x00000000
present frame=69 index=0 qpc=3101895941825 duration_ticks=33138 hr=0x00000000
present second_chain frame=69 hr=0x00000000
present frame=70 index=2 qpc=3101896273235 duration_ticks=30560 hr=0x00000000
present second_chain frame=70 hr=0x00000000
present frame=71 index=1 qpc=3101896606228 duration_ticks=6354 hr=0x00000000
present second_chain frame=71 hr=0x00000000
present frame=72 index=0 qpc=3101896943602 duration_ticks=20340 hr=0x00000000
present second_chain frame=72 hr=0x00000000
present frame=73 index=2 qpc=3101897277401 duration_ticks=27349 hr=0x00000000
present second_chain frame=73 hr=0x00000000
present frame=74 index=1 qpc=3101897610427 duration_ticks=23841 hr=0x00000000
present second_chain frame=74 hr=0x00000000
present frame=75 index=0 qpc=3101897940671 duration_ticks=28503 hr=0x00000000
present second_chain frame=75 hr=0x00000000
present frame=76 index=2 qpc=3101898277020 duration_ticks=27465 hr=0x00000000
present second_chain frame=76 hr=0x00000000
present frame=77 index=1 qpc=3101898601525 duration_ticks=25349 hr=0x00000000
present second_chain frame=77 hr=0x00000000
present frame=78 index=0 qpc=3101898936985 duration_ticks=26447 hr=0x00000000
present second_chain frame=78 hr=0x00000000
present frame=79 index=2 qpc=3101899268876 duration_ticks=27954 hr=0x00000000
present second_chain frame=79 hr=0x00000000
present frame=80 index=1 qpc=3101899604720 duration_ticks=27446 hr=0x00000000
present second_chain frame=80 hr=0x00000000
present frame=81 index=0 qpc=3101899941413 duration_ticks=32442 hr=0x00000000
present second_chain frame=81 hr=0x00000000
present frame=82 index=2 qpc=3101900270670 duration_ticks=31920 hr=0x00000000
present second_chain frame=82 hr=0x00000000
present frame=83 index=1 qpc=3101900611084 duration_ticks=32935 hr=0x00000000
present second_chain frame=83 hr=0x00000000
present frame=84 index=0 qpc=3101900940815 duration_ticks=31644 hr=0x00000000
present second_chain frame=84 hr=0x00000000
present frame=85 index=2 qpc=3101901267502 duration_ticks=29213 hr=0x00000000
present second_chain frame=85 hr=0x00000000
present frame=86 index=1 qpc=3101901607560 duration_ticks=31889 hr=0x00000000
present second_chain frame=86 hr=0x00000000
present frame=87 index=0 qpc=3101901941553 duration_ticks=32772 hr=0x00000000
present second_chain frame=87 hr=0x00000000
present frame=88 index=2 qpc=3101902274058 duration_ticks=29744 hr=0x00000000
present second_chain frame=88 hr=0x00000000
present frame=89 index=1 qpc=3101902603033 duration_ticks=36068 hr=0x00000000
present second_chain frame=89 hr=0x00000000
complete frames=90 elapsed_ticks=30003528
frame_statistics hr=0x00000000 present_count=270 present_refresh=270 sync_refresh=270
last_present_count hr=0x00000000 count=180
