002c:trace:loaddll:build_module Loaded L"C:\\windows\\system32\\wineboot.exe" at 0000000140000000: builtin
002c:trace:loaddll:build_module Loaded L"C:\\windows\\system32\\kernelbase.dll" at 00006FFFFFC10000: builtin
002c:trace:loaddll:build_module Loaded L"C:\\windows\\system32\\kernel32.dll" at 00006FFFFFEC0000: builtin
002c:trace:loaddll:build_module Loaded L"C:\\windows\\system32\\msvcrt.dll" at 00006FFFFFAF0000: builtin
002c:trace:loaddll:build_module Loaded L"C:\\windows\\system32\\ucrtbase.dll" at 00006FFFFF9D0000: builtin
002c:trace:loaddll:build_module Loaded L"C:\\windows\\system32\\sechost.dll" at 00006FFFFFAC0000: builtin
002c:trace:loaddll:build_module Loaded L"C:\\windows\\system32\\advapi32.dll" at 00006FFFFFBB0000: builtin
002c:trace:loaddll:build_module Loaded L"C:\\windows\\system32\\ws2_32.dll" at 00006FFFFF990000: builtin
002c:fixme:winediag:loader_init wine-sikarugir 10.0 is a testing version containing experimental patches.
002c:fixme:winediag:loader_init Please mention your exact version when filing bug reports to Sikarugir-App.
002c:err:wineboot:process_run_key Error running cmd L"C:\\windows\\system32\\winemenubuilder.exe -a -r" (2).
0034:trace:loaddll:build_module Loaded L"C:\\windows\\system32\\services.exe" at 0000000140000000: builtin
0034:trace:loaddll:build_module Loaded L"C:\\windows\\system32\\kernelbase.dll" at 00006FFFFFC10000: builtin
0034:trace:loaddll:build_module Loaded L"C:\\windows\\system32\\kernel32.dll" at 00006FFFFFEC0000: builtin
0034:trace:loaddll:build_module Loaded L"C:\\windows\\system32\\msvcrt.dll" at 00006FFFFFAF0000: builtin
0034:trace:loaddll:build_module Loaded L"C:\\windows\\system32\\ucrtbase.dll" at 00006FFFFF9D0000: builtin
0034:trace:loaddll:build_module Loaded L"C:\\windows\\system32\\sechost.dll" at 00006FFFFFAC0000: builtin
0034:trace:loaddll:build_module Loaded L"C:\\windows\\system32\\advapi32.dll" at 00006FFFFFBB0000: builtin
0034:trace:loaddll:build_module Loaded L"C:\\windows\\system32\\rpcrt4.dll" at 00006FFFFF8F0000: builtin
0034:trace:loaddll:build_module Loaded L"C:\\windows\\system32\\setupapi.dll" at 00006FFFFF860000: builtin
0034:trace:loaddll:build_module Loaded L"C:\\windows\\system32\\userenv.dll" at 00006FFFFF840000: builtin
0040:trace:loaddll:build_module Loaded L"C:\\windows\\system32\\winedevice.exe" at 0000000140000000: builtin
0040:trace:loaddll:build_module Loaded L"C:\\windows\\system32\\kernelbase.dll" at 00006FFFFFC10000: builtin
0040:trace:loaddll:build_module Loaded L"C:\\windows\\system32\\kernel32.dll" at 00006FFFFFEC0000: builtin
0040:trace:loaddll:build_module Loaded L"C:\\windows\\system32\\msvcrt.dll" at 00006FFFFFAF0000: builtin
0040:trace:loaddll:build_module Loaded L"C:\\windows\\system32\\ucrtbase.dll" at 00006FFFFF9D0000: builtin
0040:trace:loaddll:build_module Loaded L"C:\\windows\\system32\\sechost.dll" at 00006FFFFFAC0000: builtin
0040:trace:loaddll:build_module Loaded L"C:\\windows\\system32\\advapi32.dll" at 00006FFFFFBB0000: builtin
0040:trace:loaddll:build_module Loaded L"C:\\windows\\system32\\ntoskrnl.exe" at 00006FFFFF7D0000: builtin
0040:trace:loaddll:build_module Loaded L"C:\\windows\\system32\\rpcrt4.dll" at 00006FFFFF8F0000: builtin
004c:trace:loaddll:build_module Loaded L"C:\\windows\\system32\\drivers\\mountmgr.sys" at 00006FFFFF7A0000: builtin
004c:trace:loaddll:build_module Loaded L"C:\\windows\\system32\\setupapi.dll" at 00006FFFFF860000: builtin
0064:trace:loaddll:build_module Loaded L"C:\\windows\\system32\\plugplay.exe" at 0000000140000000: builtin
0064:trace:loaddll:build_module Loaded L"C:\\windows\\system32\\kernelbase.dll" at 00006FFFFFC10000: builtin
0064:trace:loaddll:build_module Loaded L"C:\\windows\\system32\\kernel32.dll" at 00006FFFFFEC0000: builtin
0064:trace:loaddll:build_module Loaded L"C:\\windows\\system32\\msvcrt.dll" at 00006FFFFFAF0000: builtin
0064:trace:loaddll:build_module Loaded L"C:\\windows\\system32\\ucrtbase.dll" at 00006FFFFF9D0000: builtin
0064:trace:loaddll:build_module Loaded L"C:\\windows\\system32\\sechost.dll" at 00006FFFFFAC0000: builtin
0064:trace:loaddll:build_module Loaded L"C:\\windows\\system32\\advapi32.dll" at 00006FFFFFBB0000: builtin
0064:trace:loaddll:build_module Loaded L"C:\\windows\\system32\\rpcrt4.dll" at 00006FFFFF8F0000: builtin
0064:trace:loaddll:build_module Loaded L"C:\\windows\\system32\\win32u.dll" at 00006FFFFF4D0000: builtin
0064:trace:loaddll:build_module Loaded L"C:\\windows\\system32\\gdi32.dll" at 00006FFFFF520000: builtin
0064:trace:loaddll:build_module Loaded L"C:\\windows\\system32\\user32.dll" at 00006FFFFF5C0000: builtin
Wine cannot find the FreeType font library.  To enable Wine to
use TrueType fonts please install a version of FreeType greater than
or equal to 2.0.5.
http://www.freetype.org
0064:trace:loaddll:build_module Loaded L"C:\\windows\\system32\\imm32.dll" at 00006FFFFF4A0000: builtin
007c:trace:loaddll:build_module Loaded L"C:\\windows\\system32\\svchost.exe" at 0000000140000000: builtin
007c:trace:loaddll:build_module Loaded L"C:\\windows\\system32\\kernelbase.dll" at 00006FFFFFC10000: builtin
007c:trace:loaddll:build_module Loaded L"C:\\windows\\system32\\kernel32.dll" at 00006FFFFFEC0000: builtin
007c:trace:loaddll:build_module Loaded L"C:\\windows\\system32\\msvcrt.dll" at 00006FFFFFAF0000: builtin
007c:trace:loaddll:build_module Loaded L"C:\\windows\\system32\\ucrtbase.dll" at 00006FFFFF9D0000: builtin
007c:trace:loaddll:build_module Loaded L"C:\\windows\\system32\\sechost.dll" at 00006FFFFFAC0000: builtin
007c:trace:loaddll:build_module Loaded L"C:\\windows\\system32\\advapi32.dll" at 00006FFFFFBB0000: builtin
007c:trace:loaddll:build_module Loaded L"C:\\windows\\system32\\wevtsvc.dll" at 00006FFFFF480000: builtin
007c:trace:loaddll:build_module Loaded L"C:\\windows\\system32\\rpcrt4.dll" at 00006FFFFF8F0000: builtin
004c:trace:loaddll:build_module Loaded L"C:\\windows\\system32\\drivers\\nsiproxy.sys" at 00006FFFFF460000: builtin
004c:trace:loaddll:build_module Loaded L"C:\\windows\\system32\\dnsapi.dll" at 00006FFFFF3C0000: builtin
004c:trace:loaddll:build_module Loaded L"C:\\windows\\system32\\nsi.dll" at 00006FFFFF3A0000: builtin
004c:trace:loaddll:build_module Loaded L"C:\\windows\\system32\\ws2_32.dll" at 00006FFFFF990000: builtin
004c:trace:loaddll:build_module Loaded L"C:\\windows\\system32\\iphlpapi.dll" at 00006FFFFF3F0000: builtin
004c:trace:loaddll:build_module Loaded L"C:\\windows\\system32\\drivers\\ndis.sys" at 00006FFFFF430000: builtin
0098:trace:loaddll:build_module Loaded L"C:\\windows\\system32\\winedevice.exe" at 0000000140000000: builtin
0098:trace:loaddll:build_module Loaded L"C:\\windows\\system32\\kernelbase.dll" at 00006FFFFFC10000: builtin
0098:trace:loaddll:build_module Loaded L"C:\\windows\\system32\\kernel32.dll" at 00006FFFFFEC0000: builtin
0098:trace:loaddll:build_module Loaded L"C:\\windows\\system32\\msvcrt.dll" at 00006FFFFFAF0000: builtin
0098:trace:loaddll:build_module Loaded L"C:\\windows\\system32\\ucrtbase.dll" at 00006FFFFF9D0000: builtin
0098:trace:loaddll:build_module Loaded L"C:\\windows\\system32\\sechost.dll" at 00006FFFFFAC0000: builtin
0098:trace:loaddll:build_module Loaded L"C:\\windows\\system32\\advapi32.dll" at 00006FFFFFBB0000: builtin
0098:trace:loaddll:build_module Loaded L"C:\\windows\\system32\\ntoskrnl.exe" at 00006FFFFF7D0000: builtin
0098:trace:loaddll:build_module Loaded L"C:\\windows\\system32\\rpcrt4.dll" at 00006FFFFF8F0000: builtin
00a0:trace:loaddll:build_module Loaded L"C:\\windows\\system32\\drivers\\hidparse.sys" at 00006FFFFF350000: builtin
00a0:trace:loaddll:build_module Loaded L"C:\\windows\\system32\\drivers\\winebus.sys" at 00006FFFFF380000: builtin
00a0:trace:loaddll:build_module Loaded L"C:\\windows\\system32\\setupapi.dll" at 00006FFFFF860000: builtin
00a8:trace:loaddll:build_module Loaded L"C:\\windows\\system32\\win32u.dll" at 00006FFFFF4D0000: builtin
00a8:trace:loaddll:build_module Loaded L"C:\\windows\\system32\\gdi32.dll" at 00006FFFFF520000: builtin
00a8:trace:loaddll:build_module Loaded L"C:\\windows\\system32\\user32.dll" at 00006FFFFF5C0000: builtin
00a8:trace:loaddll:build_module Loaded L"C:\\windows\\system32\\drivers\\hidclass.sys" at 00006FFFFF300000: builtin
00a8:trace:loaddll:build_module Loaded L"C:\\windows\\system32\\drivers\\winehid.sys" at 00006FFFFF330000: builtin
Wine cannot find the FreeType font library.  To enable Wine to
use TrueType fonts please install a version of FreeType greater than
or equal to 2.0.5.
http://www.freetype.org
00b4:err:hid:handle_DeviceMatchingCallback Ignoring HID device 0x7fce2a90d7d0 (vid 0000, pid 0000): not a joystick or gamepad
00b4:err:hid:handle_DeviceMatchingCallback Ignoring HID device 0x7fce2a90d9b0 (vid 0000, pid 0000): not a joystick or gamepad
00b4:err:hid:handle_DeviceMatchingCallback Ignoring HID device 0x7fce29f0b3f0 (vid 05ac, pid 0000): not a joystick or gamepad
00b4:err:hid:handle_DeviceMatchingCallback Ignoring HID device 0x7fce2a90db50 (vid 0000, pid 0000): not a joystick or gamepad
00a8:trace:loaddll:build_module Loaded L"C:\\windows\\system32\\imm32.dll" at 00006FFFFF4A0000: builtin
00b4:err:hid:handle_DeviceMatchingCallback Ignoring HID device 0x7fce2a90dcf0 (vid 0000, pid 0000): not a joystick or gamepad
00b4:err:hid:handle_DeviceMatchingCallback Ignoring HID device 0x7fce2a90b750 (vid 05ac, pid 8104): not a joystick or gamepad
00b4:err:hid:handle_DeviceMatchingCallback Ignoring HID device 0x7fce2ad07f70 (vid 05ac, pid 8104): not a joystick or gamepad
00b4:err:hid:handle_DeviceMatchingCallback Ignoring HID device 0x7fce1a0042d0 (vid 0000, pid 0000): not a joystick or gamepad
00b4:err:hid:handle_DeviceMatchingCallback Ignoring HID device 0x7fce29f0e380 (vid 0000, pid 0000): not a joystick or gamepad
00b4:err:hid:handle_DeviceMatchingCallback Ignoring HID device 0x7fce2ad07730 (vid 0000, pid 0000): not a joystick or gamepad
00b4:err:hid:handle_DeviceMatchingCallback Ignoring HID device 0x7fce29f0e520 (vid 0000, pid 0000): not a joystick or gamepad
00b4:err:hid:handle_DeviceMatchingCallback Ignoring HID device 0x7fce29f0d830 (vid 0000, pid 0000): not a joystick or gamepad
00b4:err:hid:handle_DeviceMatchingCallback Ignoring HID device 0x7fce2ad07a10 (vid 05ac, pid 8104): not a joystick or gamepad
00b4:err:hid:handle_DeviceMatchingCallback Ignoring HID device 0x7fce2ab07c30 (vid 05ac, pid 8104): not a joystick or gamepad
00b4:err:hid:handle_DeviceMatchingCallback Ignoring HID device 0x7fce29f0df50 (vid 0000, pid 0000): not a joystick or gamepad
00b4:err:hid:handle_DeviceMatchingCallback Ignoring HID device 0x7fce2a90d630 (vid 0000, pid 0000): not a joystick or gamepad
00b4:err:hid:handle_DeviceMatchingCallback Ignoring HID device 0x7fce29f0db30 (vid 0000, pid 0000): not a joystick or gamepad
002c:trace:loaddll:build_module Loaded L"C:\\windows\\system32\\win32u.dll" at 00006FFFFF4D0000: builtin
002c:trace:loaddll:build_module Loaded L"C:\\windows\\system32\\user32.dll" at 00006FFFFF5C0000: builtin
002c:trace:loaddll:build_module Loaded L"C:\\windows\\system32\\gdi32.dll" at 00006FFFFF520000: builtin
002c:trace:loaddll:build_module Loaded L"C:\\windows\\system32\\shcore.dll" at 00006FFFFE930000: builtin
002c:trace:loaddll:build_module Loaded L"C:\\windows\\system32\\shlwapi.dll" at 00006FFFFE960000: builtin
002c:trace:loaddll:build_module Loaded L"C:\\windows\\system32\\shell32.dll" at 00006FFFFE9C0000: builtin
Wine cannot find the FreeType font library.  To enable Wine to
use TrueType fonts please install a version of FreeType greater than
or equal to 2.0.5.
http://www.freetype.org
002c:trace:loaddll:build_module Loaded L"C:\\windows\\system32\\imm32.dll" at 00006FFFFF4A0000: builtin
002c:trace:loaddll:build_module Loaded L"C:\\windows\\system32\\rpcrt4.dll" at 00006FFFFF8F0000: builtin
002c:trace:loaddll:build_module Loaded L"C:\\windows\\system32\\combase.dll" at 00006FFFFE800000: builtin
002c:trace:loaddll:build_module Loaded L"C:\\windows\\system32\\coml2.dll" at 00006FFFFE7D0000: builtin
002c:trace:loaddll:build_module Loaded L"C:\\windows\\system32\\ole32.dll" at 00006FFFFE860000: builtin
0024:trace:loaddll:build_module Loaded L"Z:\\Users\\<user>\\Documents\\Code\\FG-Metal\\build\\step10a-d3d11-clear-window\\d3d11_clear_window.exe" at 0000000140000000: native
0024:trace:loaddll:build_module Loaded L"C:\\windows\\system32\\kernelbase.dll" at 00006FFFFFC10000: builtin
0024:trace:loaddll:build_module Loaded L"C:\\windows\\system32\\kernel32.dll" at 00006FFFFFEC0000: builtin
0024:trace:loaddll:build_module Loaded L"C:\\windows\\system32\\msvcrt.dll" at 00006FFFFFAF0000: builtin
0024:trace:loaddll:build_module Loaded L"C:\\windows\\system32\\ucrtbase.dll" at 00006FFFFF9D0000: builtin
0024:trace:loaddll:build_module Loaded L"C:\\windows\\system32\\sechost.dll" at 00006FFFFFAC0000: builtin
0024:trace:loaddll:build_module Loaded L"C:\\windows\\system32\\advapi32.dll" at 00006FFFFFBB0000: builtin
0024:trace:loaddll:build_module Loaded L"C:\\windows\\system32\\win32u.dll" at 00006FFFFF4D0000: builtin
0024:trace:loaddll:build_module Loaded L"C:\\windows\\system32\\user32.dll" at 00006FFFFF5C0000: builtin
0024:trace:loaddll:build_module Loaded L"C:\\windows\\system32\\GDI32.dll" at 00006FFFFF520000: builtin
0024:trace:loaddll:build_module Loaded L"C:\\windows\\system32\\winemetal.dll" at 00006FFFFD6D0000: builtin
0024:trace:loaddll:build_module Loaded L"C:\\windows\\system32\\DXGI.DLL" at 00006FFFFD710000: builtin
0024:trace:loaddll:build_module Loaded L"C:\\windows\\system32\\d3d11.dll" at 00006FFFFE2E0000: builtin
Wine cannot find the FreeType font library.  To enable Wine to
use TrueType fonts please install a version of FreeType greater than
or equal to 2.0.5.
http://www.freetype.org
0024:trace:loaddll:build_module Loaded L"C:\\windows\\system32\\imm32.dll" at 00006FFFFF4A0000: builtin
00d0:trace:loaddll:build_module Loaded L"C:\\windows\\system32\\explorer.exe" at 0000000140000000: builtin
00d0:trace:loaddll:build_module Loaded L"C:\\windows\\system32\\kernelbase.dll" at 00006FFFFFC10000: builtin
00d0:trace:loaddll:build_module Loaded L"C:\\windows\\system32\\kernel32.dll" at 00006FFFFFEC0000: builtin
00d0:trace:loaddll:build_module Loaded L"C:\\windows\\system32\\msvcrt.dll" at 00006FFFFFAF0000: builtin
00d0:trace:loaddll:build_module Loaded L"C:\\windows\\system32\\ucrtbase.dll" at 00006FFFFF9D0000: builtin
00d0:trace:loaddll:build_module Loaded L"C:\\windows\\system32\\sechost.dll" at 00006FFFFFAC0000: builtin
00d0:trace:loaddll:build_module Loaded L"C:\\windows\\system32\\advapi32.dll" at 00006FFFFFBB0000: builtin
00d0:trace:loaddll:build_module Loaded L"C:\\windows\\system32\\win32u.dll" at 00006FFFFF4D0000: builtin
00d0:trace:loaddll:build_module Loaded L"C:\\windows\\system32\\user32.dll" at 00006FFFFF5C0000: builtin
00d0:trace:loaddll:build_module Loaded L"C:\\windows\\system32\\gdi32.dll" at 00006FFFFF520000: builtin
00d0:trace:loaddll:build_module Loaded L"C:\\windows\\system32\\rpcrt4.dll" at 00006FFFFF8F0000: builtin
Wine cannot find the FreeType font library.  To enable Wine to
use TrueType fonts please install a version of FreeType greater than
or equal to 2.0.5.
http://www.freetype.org
00d0:trace:loaddll:build_module Loaded L"C:\\windows\\system32\\imm32.dll" at 00006FFFFF4A0000: builtin
00d0:trace:loaddll:build_module Loaded L"C:\\windows\\system32\\winemac.drv" at 00006FFFFD6B0000: builtin
00d0:err:vulkan:vulkan_init_once Failed to load libMoltenVK.dylib
00d0:trace:loaddll:build_module Loaded L"C:\\windows\\system32\\uxtheme.dll" at 00006FFFFD660000: builtin
00d0:trace:loaddll:build_module Loaded L"C:\\windows\\system32\\shcore.dll" at 00006FFFFCC90000: builtin
00d0:trace:loaddll:build_module Loaded L"C:\\windows\\system32\\shlwapi.dll" at 00006FFFFCCC0000: builtin
00d0:trace:loaddll:build_module Loaded L"C:\\windows\\system32\\shell32.dll" at 00006FFFFCD20000: builtin
00d0:trace:loaddll:build_module Loaded L"C:\\windows\\system32\\combase.dll" at 00006FFFFCB60000: builtin
00d0:trace:loaddll:build_module Loaded L"C:\\windows\\system32\\coml2.dll" at 00006FFFFCB30000: builtin
00d0:trace:loaddll:build_module Loaded L"C:\\windows\\system32\\ole32.dll" at 00006FFFFCBC0000: builtin
00d0:trace:loaddll:build_module Loaded L"C:\\windows\\system32\\oleaut32.dll" at 00006FFFFC9F0000: builtin
00d0:trace:loaddll:build_module Loaded L"C:\\windows\\system32\\actxprxy.dll" at 00006FFFFCAE0000: builtin
00ec:trace:loaddll:build_module Loaded L"C:\\windows\\system32\\rpcss.exe" at 0000000140000000: builtin
00ec:trace:loaddll:build_module Loaded L"C:\\windows\\system32\\kernelbase.dll" at 00006FFFFFC10000: builtin
00ec:trace:loaddll:build_module Loaded L"C:\\windows\\system32\\kernel32.dll" at 00006FFFFFEC0000: builtin
00ec:trace:loaddll:build_module Loaded L"C:\\windows\\system32\\msvcrt.dll" at 00006FFFFFAF0000: builtin
00ec:trace:loaddll:build_module Loaded L"C:\\windows\\system32\\ucrtbase.dll" at 00006FFFFF9D0000: builtin
00ec:trace:loaddll:build_module Loaded L"C:\\windows\\system32\\sechost.dll" at 00006FFFFFAC0000: builtin
00ec:trace:loaddll:build_module Loaded L"C:\\windows\\system32\\advapi32.dll" at 00006FFFFFBB0000: builtin
00ec:trace:loaddll:build_module Loaded L"C:\\windows\\system32\\rpcrt4.dll" at 00006FFFFF8F0000: builtin
0024:trace:loaddll:build_module Loaded L"c:\\windows\\system32\\winemac.drv" at 00006FFFFD6B0000: builtin
0024:trace:loaddll:build_module Loaded L"C:\\windows\\system32\\uxtheme.dll" at 00006FFFFD660000: builtin
0024:trace:loaddll:build_module Loaded L"C:\\windows\\system32\\rpcrt4.dll" at 00006FFFFF8F0000: builtin
0024:trace:loaddll:build_module Loaded L"C:\\windows\\system32\\combase.dll" at 00006FFFFCB60000: builtin
0024:trace:loaddll:build_module Loaded L"C:\\windows\\system32\\coml2.dll" at 00006FFFFCB30000: builtin
0024:trace:loaddll:build_module Loaded L"C:\\windows\\system32\\ole32.dll" at 00006FFFFCBC0000: builtin
0024:err:vulkan:vulkan_init_once Failed to load libMoltenVK.dylib
info:  Maximum supported feature level: D3D_FEATURE_LEVEL_11_1
info:  Using feature level D3D_FEATURE_LEVEL_11_0
DXMT_WMT_NATIVE_TEXTURE device_name="Apple M3" device_registry_id=4294968387 width=640 height=360 pixel_format=70 sample_count=1
DXMT_WMT_NATIVE_TEXTURE device_name="Apple M3" device_registry_id=4294968387 width=800 height=450 pixel_format=70 sample_count=1
