002c:trace:loaddll:build_module Loaded L"C:\\windows\\system32\\wineboot.exe" at 0000000140000000: builtin
002c:trace:loaddll:build_module Loaded L"C:\\windows\\system32\\kernelbase.dll" at 00006FFFFFC00000: builtin
002c:trace:loaddll:build_module Loaded L"C:\\windows\\system32\\kernel32.dll" at 00006FFFFFEC0000: builtin
002c:trace:loaddll:build_module Loaded L"C:\\windows\\system32\\msvcrt.dll" at 00006FFFFFAF0000: builtin
002c:trace:loaddll:build_module Loaded L"C:\\windows\\system32\\ucrtbase.dll" at 00006FFFFF9D0000: builtin
002c:trace:loaddll:build_module Loaded L"C:\\windows\\system32\\sechost.dll" at 00006FFFFFAC0000: builtin
002c:trace:loaddll:build_module Loaded L"C:\\windows\\system32\\advapi32.dll" at 00006FFFFFBB0000: builtin
002c:trace:loaddll:build_module Loaded L"C:\\windows\\system32\\ws2_32.dll" at 00006FFFFF9A0000: builtin
0034:trace:loaddll:build_module Loaded L"C:\\windows\\system32\\services.exe" at 0000000140000000: builtin
0034:trace:loaddll:build_module Loaded L"C:\\windows\\system32\\kernelbase.dll" at 00006FFFFFC00000: builtin
0034:trace:loaddll:build_module Loaded L"C:\\windows\\system32\\kernel32.dll" at 00006FFFFFEC0000: builtin
0034:trace:loaddll:build_module Loaded L"C:\\windows\\system32\\msvcrt.dll" at 00006FFFFFAF0000: builtin
0034:trace:loaddll:build_module Loaded L"C:\\windows\\system32\\ucrtbase.dll" at 00006FFFFF9D0000: builtin
0034:trace:loaddll:build_module Loaded L"C:\\windows\\system32\\sechost.dll" at 00006FFFFFAC0000: builtin
0034:trace:loaddll:build_module Loaded L"C:\\windows\\system32\\advapi32.dll" at 00006FFFFFBB0000: builtin
0034:trace:loaddll:build_module Loaded L"C:\\windows\\system32\\rpcrt4.dll" at 00006FFFFF910000: builtin
0034:trace:loaddll:build_module Loaded L"C:\\windows\\system32\\version.dll" at 00006FFFFF870000: builtin
0034:trace:loaddll:build_module Loaded L"C:\\windows\\system32\\setupapi.dll" at 00006FFFFF880000: builtin
0034:trace:loaddll:build_module Loaded L"C:\\windows\\system32\\userenv.dll" at 00006FFFFF850000: builtin
0040:trace:loaddll:build_module Loaded L"C:\\windows\\system32\\winedevice.exe" at 0000000140000000: builtin
0040:trace:loaddll:build_module Loaded L"C:\\windows\\system32\\kernelbase.dll" at 00006FFFFFC00000: builtin
0040:trace:loaddll:build_module Loaded L"C:\\windows\\system32\\kernel32.dll" at 00006FFFFFEC0000: builtin
0040:trace:loaddll:build_module Loaded L"C:\\windows\\system32\\msvcrt.dll" at 00006FFFFFAF0000: builtin
0040:trace:loaddll:build_module Loaded L"C:\\windows\\system32\\ucrtbase.dll" at 00006FFFFF9D0000: builtin
0040:trace:loaddll:build_module Loaded L"C:\\windows\\system32\\sechost.dll" at 00006FFFFFAC0000: builtin
0040:trace:loaddll:build_module Loaded L"C:\\windows\\system32\\advapi32.dll" at 00006FFFFFBB0000: builtin
0040:trace:loaddll:build_module Loaded L"C:\\windows\\system32\\ntoskrnl.exe" at 00006FFFFF7F0000: builtin
0040:trace:loaddll:build_module Loaded L"C:\\windows\\system32\\rpcrt4.dll" at 00006FFFFF910000: builtin
004c:trace:loaddll:build_module Loaded L"C:\\windows\\system32\\drivers\\mountmgr.sys" at 00006FFFFF7D0000: builtin
004c:trace:loaddll:build_module Loaded L"C:\\windows\\system32\\version.dll" at 00006FFFFF870000: builtin
004c:trace:loaddll:build_module Loaded L"C:\\windows\\system32\\setupapi.dll" at 00006FFFFF880000: builtin
0058:trace:loaddll:build_module Loaded L"C:\\windows\\system32\\win32u.dll" at 00006FFFFEBD0000: builtin
0058:trace:loaddll:build_module Loaded L"C:\\windows\\system32\\gdi32.dll" at 00006FFFFF560000: builtin
0058:trace:loaddll:build_module Loaded L"C:\\windows\\system32\\user32.dll" at 00006FFFFF600000: builtin
002c:trace:loaddll:build_module Loaded L"C:\\windows\\system32\\version.dll" at 00006FFFFF870000: builtin
002c:trace:loaddll:build_module Loaded L"C:\\windows\\system32\\win32u.dll" at 00006FFFFEBD0000: builtin
002c:trace:loaddll:build_module Loaded L"C:\\windows\\system32\\user32.dll" at 00006FFFFF600000: builtin
002c:trace:loaddll:build_module Loaded L"C:\\windows\\system32\\gdi32.dll" at 00006FFFFF560000: builtin
002c:trace:loaddll:build_module Loaded L"C:\\windows\\system32\\shcore.dll" at 00006FFFFEB50000: builtin
002c:trace:loaddll:build_module Loaded L"C:\\windows\\system32\\shlwapi.dll" at 00006FFFFEB70000: builtin
002c:trace:loaddll:build_module Loaded L"C:\\windows\\system32\\shell32.dll" at 00006FFFFEC10000: builtin
002c:trace:loaddll:build_module Loaded L"C:\\windows\\system32\\imm32.dll" at 00006FFFFEB30000: builtin
0058:trace:loaddll:build_module Loaded L"C:\\windows\\system32\\imm32.dll" at 00006FFFFEB30000: builtin
002c:trace:loaddll:build_module Loaded L"C:\\windows\\system32\\rpcrt4.dll" at 00006FFFFF910000: builtin
002c:trace:loaddll:build_module Loaded L"C:\\windows\\system32\\combase.dll" at 00006FFFFE9B0000: builtin
002c:trace:loaddll:build_module Loaded L"C:\\windows\\system32\\ole32.dll" at 00006FFFFEA00000: builtin
0024:trace:loaddll:build_module Loaded L"Z:\\tmp\\step10a5-d3d11-nBU7gu\\d3d11_clear_window.exe" at 0000000140000000: native
0024:trace:loaddll:build_module Loaded L"C:\\windows\\system32\\kernelbase.dll" at 00006FFFFFC00000: builtin
0024:trace:loaddll:build_module Loaded L"C:\\windows\\system32\\kernel32.dll" at 00006FFFFFEC0000: builtin
0024:trace:loaddll:build_module Loaded L"C:\\windows\\system32\\msvcrt.dll" at 00006FFFFFAF0000: builtin
0024:trace:loaddll:build_module Loaded L"C:\\windows\\system32\\ucrtbase.dll" at 00006FFFFF9D0000: builtin
0024:trace:loaddll:build_module Loaded L"C:\\windows\\system32\\sechost.dll" at 00006FFFFFAC0000: builtin
0024:trace:loaddll:build_module Loaded L"C:\\windows\\system32\\advapi32.dll" at 00006FFFFFBB0000: builtin
0024:trace:loaddll:build_module Loaded L"C:\\windows\\system32\\version.dll" at 00006FFFFF870000: builtin
0024:trace:loaddll:build_module Loaded L"C:\\windows\\system32\\win32u.dll" at 00006FFFFEBD0000: builtin
0024:trace:loaddll:build_module Loaded L"C:\\windows\\system32\\user32.dll" at 00006FFFFF600000: builtin
0024:trace:loaddll:build_module Loaded L"C:\\windows\\system32\\GDI32.dll" at 00006FFFFF560000: builtin
0024:trace:loaddll:build_module Loaded L"C:\\windows\\system32\\winemetal.dll" at 00006FFFFF9A0000: builtin
0024:trace:loaddll:build_module Loaded L"C:\\windows\\system32\\DXGI.DLL" at 00006FFFFCF60000: builtin
0024:trace:loaddll:build_module Loaded L"C:\\windows\\system32\\d3d11.dll" at 00006FFFFDB20000: builtin
0024:trace:loaddll:build_module Loaded L"C:\\windows\\system32\\imm32.dll" at 00006FFFFEB30000: builtin
0024:err:module:LdrInitializeThunk "winemetal.dll" failed to initialize, aborting
0024:err:module:LdrInitializeThunk Initializing dlls for L"Z:\\tmp\\step10a5-d3d11-nBU7gu\\d3d11_clear_window.exe" failed, status c0000142
