start dxgi_module=00006ffffe280000 dxgi_path_chars=28 dxgi_path=C:\windows\system32\dxgi.dll
call=CreateDXGIFactory hr=0x00000000 factory=00007fe57796f1f0
call=CreateDXGIFactory1 hr=0x00000000 factory=00007fe57796f1f0
call=CreateDXGIFactory2 hr=0x00000000 factory=00007fe57796f1f0
adapter_interface version=4 hr=0x00000000 adapter=00007fe57796eca0
adapter_interface_matrix adapter0=1 adapter1=1 adapter2=1 adapter3=1 adapter4=1
com_identity factory_qi_iunknown=1 adapter_getparent_factory=1 result=PASS
adapter_enum_output_zero hr=0x00000000 output=00007fe5a7141510
output_interface version=6 hr=0x00000000 output=00007fe5a7141510
com_identity output_getparent_adapter hr=0x00000000 same_adapter=1
interface name=IDXGIFactory hr=0x00000000 ptr=00007fe57796f1f0
interface name=IDXGIFactory1 hr=0x00000000 ptr=00007fe57796f1f0
interface name=IDXGIFactory2 hr=0x00000000 ptr=00007fe57796f1f0
interface name=IDXGIFactory3 hr=0x00000000 ptr=00007fe57796f1f0
interface name=IDXGIFactory4 hr=0x00000000 ptr=00007fe57796f1f0
interface name=IDXGIFactory5 hr=0x00000000 ptr=00007fe57796f1f0
interface name=IDXGIFactory6 hr=0x00000000 ptr=00007fe57796f1f0
interface name=IDXGIFactory7 hr=0x00000000 ptr=00007fe57796f1f0
interface name=IDXGIFactoryMedia hr=0x80004002 ptr=0000000000000000
call=D3D12CreateDevice hr=0x00000000 device=00007fe5b705cc10
call=CreateCommandQueue hr=0x00000000 queue=00007fe5a7897c10
call=CreateSwapChainForHwnd hr=0x00000000 swapchain=00007fe577e37880
call=QueryInterface_IDXGISwapChain3 hr=0x00000000 swapchain3=00007fe577e37880
com_identity swapchain_getparent_factory hr=0x00000000 same_factory=1
interface name=IDXGISwapChainMedia hr=0x80004002 ptr=0000000000000000
interface name=IDXGISwapChain hr=0x00000000 ptr=00007fe577e37880
interface name=IDXGISwapChain1 hr=0x00000000 ptr=00007fe577e37880
interface name=IDXGISwapChain2 hr=0x00000000 ptr=00007fe577e37880
interface name=IDXGISwapChain3 hr=0x00000000 ptr=00007fe577e37880
interface name=IDXGISwapChain4 hr=0x00000000 ptr=00007fe577e37880
test_case=A frames=15 target_fps=0 source_index_policy=GetCurrentBackBufferIndex_each_frame allocator_policy=per_backbuffer
timing qpc_frequency=10000000 target_fps=0
present frame=0 source_index=0 allocator_index=0 expected_next=1 observed_next=1 qpc=3163963863055 duration_ticks=197 hr=0x00000000
present frame=1 source_index=1 allocator_index=1 expected_next=2 observed_next=2 qpc=3163963865041 duration_ticks=11 hr=0x00000000
present frame=2 source_index=2 allocator_index=2 expected_next=0 observed_next=0 qpc=3163963865311 duration_ticks=6 hr=0x00000000
present frame=3 source_index=0 allocator_index=0 expected_next=1 observed_next=1 qpc=3163963942551 duration_ticks=539 hr=0x00000000
present frame=4 source_index=1 allocator_index=1 expected_next=2 observed_next=2 qpc=3163963944052 duration_ticks=349 hr=0x00000000
present frame=5 source_index=2 allocator_index=2 expected_next=0 observed_next=0 qpc=3163963946617 duration_ticks=937 hr=0x00000000
present frame=6 source_index=0 allocator_index=0 expected_next=1 observed_next=1 qpc=3163963948290 duration_ticks=3668 hr=0x00000000
present frame=7 source_index=1 allocator_index=1 expected_next=2 observed_next=2 qpc=3163963952839 duration_ticks=1682 hr=0x00000000
present frame=8 source_index=2 allocator_index=2 expected_next=0 observed_next=0 qpc=3163963954837 duration_ticks=2456 hr=0x00000000
present frame=9 source_index=0 allocator_index=0 expected_next=1 observed_next=1 qpc=3163963957599 duration_ticks=2031 hr=0x00000000
present frame=10 source_index=1 allocator_index=1 expected_next=2 observed_next=2 qpc=3163963959910 duration_ticks=36409 hr=0x00000000
present frame=11 source_index=2 allocator_index=2 expected_next=0 observed_next=0 qpc=3163963998053 duration_ticks=138401 hr=0x00000000
present frame=12 source_index=0 allocator_index=0 expected_next=1 observed_next=1 qpc=3163964137231 duration_ticks=164403 hr=0x00000000
present frame=13 source_index=1 allocator_index=1 expected_next=2 observed_next=2 qpc=3163964302423 duration_ticks=163816 hr=0x00000000
present frame=14 source_index=2 allocator_index=2 expected_next=0 observed_next=0 qpc=3163964466812 duration_ticks=168430 hr=0x00000000
complete frames=15 elapsed_ticks=852275
frame_statistics hr=0x00000000 present_count=15 present_refresh=15 sync_refresh=15
last_present_count hr=0x00000000 count=15
memory_sample hr=0x00000000 current_working_set=86421504 current_private=44396486656 max_sampled_working_set=86421504 max_sampled_private=44396486656 sample_interval_frames=30
bookkeeping_result case=A invariant_mismatches=0 result=PASS
