start dxgi_module=00006ffffe280000 dxgi_path_chars=28 dxgi_path=C:\windows\system32\dxgi.dll
call=CreateDXGIFactory hr=0x00000000 factory=00007fae1d02e560
call=CreateDXGIFactory1 hr=0x00000000 factory=00007fae1d02e560
call=CreateDXGIFactory2 hr=0x00000000 factory=00007fae1d02e560
adapter_interface version=4 hr=0x00000000 adapter=00007fae1d02ebc0
adapter_interface_matrix adapter0=1 adapter1=1 adapter2=1 adapter3=1 adapter4=1
com_identity factory_qi_iunknown=1 adapter_getparent_factory=1 result=PASS
adapter_enum_output_zero hr=0x00000000 output=00007fae1d02edd0
output_interface version=6 hr=0x00000000 output=00007fae1d02edd0
com_identity output_getparent_adapter hr=0x00000000 same_adapter=1
interface name=IDXGIFactory hr=0x00000000 ptr=00007fae1d02e560
interface name=IDXGIFactory1 hr=0x00000000 ptr=00007fae1d02e560
interface name=IDXGIFactory2 hr=0x00000000 ptr=00007fae1d02e560
interface name=IDXGIFactory3 hr=0x00000000 ptr=00007fae1d02e560
interface name=IDXGIFactory4 hr=0x00000000 ptr=00007fae1d02e560
interface name=IDXGIFactory5 hr=0x00000000 ptr=00007fae1d02e560
interface name=IDXGIFactory6 hr=0x00000000 ptr=00007fae1d02e560
interface name=IDXGIFactory7 hr=0x00000000 ptr=00007fae1d02e560
interface name=IDXGIFactoryMedia hr=0x80004002 ptr=0000000000000000
call=D3D12CreateDevice hr=0x00000000 device=00007fae4f84f410
call=CreateCommandQueue hr=0x00000000 queue=00007fae4e0c5210
call=CreateSwapChainForHwnd hr=0x00000000 swapchain=00007fae1d043030
call=QueryInterface_IDXGISwapChain3 hr=0x00000000 swapchain3=00007fae1d043030
com_identity swapchain_getparent_factory hr=0x00000000 same_factory=1
interface name=IDXGISwapChainMedia hr=0x80004002 ptr=0000000000000000
interface name=IDXGISwapChain hr=0x00000000 ptr=00007fae1d043030
interface name=IDXGISwapChain1 hr=0x00000000 ptr=00007fae1d043030
interface name=IDXGISwapChain2 hr=0x00000000 ptr=00007fae1d043030
interface name=IDXGISwapChain3 hr=0x00000000 ptr=00007fae1d043030
interface name=IDXGISwapChain4 hr=0x00000000 ptr=00007fae1d043030
test_case=B frames=15 target_fps=0 source_index_policy=local_increment_once_per_source_present allocator_policy=single_reused_allocator
timing qpc_frequency=10000000 target_fps=0
present frame=0 source_index=0 allocator_index=0 expected_next=1 observed_next=1 qpc=3163971193104 duration_ticks=895 hr=0x00000000
present frame=1 source_index=1 allocator_index=0 expected_next=2 observed_next=2 qpc=3163971280635 duration_ticks=55 hr=0x00000000
present frame=2 source_index=2 allocator_index=0 expected_next=0 observed_next=0 qpc=3163971289080 duration_ticks=25 hr=0x00000000
present frame=3 source_index=0 allocator_index=0 expected_next=1 observed_next=1 qpc=3163971294009 duration_ticks=19 hr=0x00000000
present frame=4 source_index=1 allocator_index=0 expected_next=2 observed_next=2 qpc=3163971327342 duration_ticks=53 hr=0x00000000
present frame=5 source_index=2 allocator_index=0 expected_next=0 observed_next=0 qpc=3163971468209 duration_ticks=42 hr=0x00000000
present frame=6 source_index=0 allocator_index=0 expected_next=1 observed_next=1 qpc=3163971636710 duration_ticks=33 hr=0x00000000
present frame=7 source_index=1 allocator_index=0 expected_next=2 observed_next=2 qpc=3163971803240 duration_ticks=42 hr=0x00000000
present frame=8 source_index=2 allocator_index=0 expected_next=0 observed_next=0 qpc=3163971968707 duration_ticks=45 hr=0x00000000
present frame=9 source_index=0 allocator_index=0 expected_next=1 observed_next=1 qpc=3163972136987 duration_ticks=44 hr=0x00000000
present frame=10 source_index=1 allocator_index=0 expected_next=2 observed_next=2 qpc=3163972300198 duration_ticks=27 hr=0x00000000
present frame=11 source_index=2 allocator_index=0 expected_next=0 observed_next=0 qpc=3163972470504 duration_ticks=32 hr=0x00000000
present frame=12 source_index=0 allocator_index=0 expected_next=1 observed_next=1 qpc=3163972633466 duration_ticks=16 hr=0x00000000
present frame=13 source_index=1 allocator_index=0 expected_next=2 observed_next=2 qpc=3163972801209 duration_ticks=10 hr=0x00000000
present frame=14 source_index=2 allocator_index=0 expected_next=0 observed_next=0 qpc=3163972967274 duration_ticks=11 hr=0x00000000
complete frames=15 elapsed_ticks=1858011
frame_statistics hr=0x00000000 present_count=15 present_refresh=15 sync_refresh=15
last_present_count hr=0x00000000 count=15
memory_sample hr=0x00000000 current_working_set=91213824 current_private=44399624192 max_sampled_working_set=91213824 max_sampled_private=44399624192 sample_interval_frames=30
bookkeeping_result case=B invariant_mismatches=0 result=PASS
