start dxgi_module=00006ffffe280000 dxgi_path_chars=28 dxgi_path=C:\windows\system32\dxgi.dll
call=CreateDXGIFactory hr=0x00000000 factory=00007ff329da3920
call=CreateDXGIFactory1 hr=0x00000000 factory=00007ff329da3920
call=CreateDXGIFactory2 hr=0x00000000 factory=00007ff329da3920
adapter_interface version=4 hr=0x00000000 adapter=00007ff329db7e40
adapter_interface_matrix adapter0=1 adapter1=1 adapter2=1 adapter3=1 adapter4=1
com_identity factory_qi_iunknown=1 adapter_getparent_factory=1 result=PASS
adapter_enum_output_zero hr=0x00000000 output=00007ff329db8050
output_interface version=6 hr=0x00000000 output=00007ff329db8050
com_identity output_getparent_adapter hr=0x00000000 same_adapter=1
interface name=IDXGIFactory hr=0x00000000 ptr=00007ff329da3920
interface name=IDXGIFactory1 hr=0x00000000 ptr=00007ff329da3920
interface name=IDXGIFactory2 hr=0x00000000 ptr=00007ff329da3920
interface name=IDXGIFactory3 hr=0x00000000 ptr=00007ff329da3920
interface name=IDXGIFactory4 hr=0x00000000 ptr=00007ff329da3920
interface name=IDXGIFactory5 hr=0x00000000 ptr=00007ff329da3920
interface name=IDXGIFactory6 hr=0x00000000 ptr=00007ff329da3920
interface name=IDXGIFactory7 hr=0x00000000 ptr=00007ff329da3920
interface name=IDXGIFactoryMedia hr=0x80004002 ptr=0000000000000000
call=D3D12CreateDevice hr=0x00000000 device=00007ff319041810
call=CreateCommandQueue hr=0x00000000 queue=00007ff329121610
call=CreateSwapChainForHwnd hr=0x00000000 swapchain=00007ff30973ac10
call=QueryInterface_IDXGISwapChain3 hr=0x00000000 swapchain3=00007ff30973ac10
com_identity swapchain_getparent_factory hr=0x00000000 same_factory=1
interface name=IDXGISwapChainMedia hr=0x80004002 ptr=0000000000000000
interface name=IDXGISwapChain hr=0x00000000 ptr=00007ff30973ac10
interface name=IDXGISwapChain1 hr=0x00000000 ptr=00007ff30973ac10
interface name=IDXGISwapChain2 hr=0x00000000 ptr=00007ff30973ac10
interface name=IDXGISwapChain3 hr=0x00000000 ptr=00007ff30973ac10
interface name=IDXGISwapChain4 hr=0x00000000 ptr=00007ff30973ac10
test_case=D frames=15 target_fps=0 source_index_policy=local_increment_once_per_source_present allocator_policy=per_backbuffer
timing qpc_frequency=10000000 target_fps=0
present frame=0 source_index=0 allocator_index=0 expected_next=1 observed_next=1 qpc=3163986937286 duration_ticks=156 hr=0x00000000
present frame=1 source_index=1 allocator_index=1 expected_next=2 observed_next=2 qpc=3163986939277 duration_ticks=14 hr=0x00000000
present frame=2 source_index=2 allocator_index=2 expected_next=0 observed_next=0 qpc=3163986940177 duration_ticks=16 hr=0x00000000
present frame=3 source_index=0 allocator_index=0 expected_next=1 observed_next=1 qpc=3163987030332 duration_ticks=56421 hr=0x00000000
present frame=4 source_index=1 allocator_index=1 expected_next=2 observed_next=2 qpc=3163987087547 duration_ticks=6797 hr=0x00000000
present frame=5 source_index=2 allocator_index=2 expected_next=0 observed_next=0 qpc=3163987094865 duration_ticks=2905 hr=0x00000000
present frame=6 source_index=0 allocator_index=0 expected_next=1 observed_next=1 qpc=3163987098513 duration_ticks=1486 hr=0x00000000
present frame=7 source_index=1 allocator_index=1 expected_next=2 observed_next=2 qpc=3163987100768 duration_ticks=924 hr=0x00000000
present frame=8 source_index=2 allocator_index=2 expected_next=0 observed_next=0 qpc=3163987101965 duration_ticks=2490 hr=0x00000000
present frame=9 source_index=0 allocator_index=0 expected_next=1 observed_next=1 qpc=3163987104771 duration_ticks=2636 hr=0x00000000
present frame=10 source_index=1 allocator_index=1 expected_next=2 observed_next=2 qpc=3163987108018 duration_ticks=2135 hr=0x00000000
present frame=11 source_index=2 allocator_index=2 expected_next=0 observed_next=0 qpc=3163987110870 duration_ticks=1901 hr=0x00000000
present frame=12 source_index=0 allocator_index=0 expected_next=1 observed_next=1 qpc=3163987113045 duration_ticks=10 hr=0x00000000
present frame=13 source_index=1 allocator_index=1 expected_next=2 observed_next=2 qpc=3163987115413 duration_ticks=494 hr=0x00000000
present frame=14 source_index=2 allocator_index=2 expected_next=0 observed_next=0 qpc=3163987116394 duration_ticks=2085 hr=0x00000000
complete frames=15 elapsed_ticks=246563
frame_statistics hr=0x00000000 present_count=15 present_refresh=15 sync_refresh=15
last_present_count hr=0x00000000 count=15
memory_sample hr=0x00000000 current_working_set=83771392 current_private=44397522944 max_sampled_working_set=83771392 max_sampled_private=44397522944 sample_interval_frames=30
bookkeeping_result case=D invariant_mismatches=0 result=PASS
