start dxgi_module=00006fffff070000 dxgi_path_chars=84 dxgi_path=Z:\var\folders\4l\yp39dwhd7rg2y9xscgvhkyqw0000gn\T\fg-step8d1-copy-D.LNaA4B\dxgi.dll
call=CreateDXGIFactory hr=0x00000000 factory=000000000080e200
call=CreateDXGIFactory1 hr=0x00000000 factory=000000000080e200
call=CreateDXGIFactory2 hr=0x00000000 factory=000000000080e200
adapter_interface version=4 hr=0x00000000 adapter=00000000008129d0
adapter_interface_matrix adapter0=1 adapter1=1 adapter2=1 adapter3=1 adapter4=1
com_identity factory_qi_iunknown=1 adapter_getparent_factory=1 result=PASS
adapter_enum_output_zero hr=0x00000000 output=0000000000812a10
output_interface version=6 hr=0x00000000 output=0000000000812a10
com_identity output_getparent_adapter hr=0x00000000 same_adapter=1
interface name=IDXGIFactory hr=0x00000000 ptr=000000000080e200
interface name=IDXGIFactory1 hr=0x00000000 ptr=000000000080e200
interface name=IDXGIFactory2 hr=0x00000000 ptr=000000000080e200
interface name=IDXGIFactory3 hr=0x00000000 ptr=000000000080e200
interface name=IDXGIFactory4 hr=0x00000000 ptr=000000000080e200
interface name=IDXGIFactory5 hr=0x00000000 ptr=000000000080e200
interface name=IDXGIFactory6 hr=0x00000000 ptr=000000000080e200
interface name=IDXGIFactory7 hr=0x00000000 ptr=000000000080e200
interface name=IDXGIFactoryMedia hr=0x80004002 ptr=0000000000000000
call=D3D12CreateDevice hr=0x00000000 device=00007f956013d410
call=CreateCommandQueue hr=0x00000000 queue=00007f95678bf010
call=CreateSwapChainForHwnd hr=0x00000000 swapchain=0000000000813230
call=QueryInterface_IDXGISwapChain3 hr=0x00000000 swapchain3=0000000000813230
com_identity swapchain_getparent_factory hr=0x00000000 same_factory=1
interface name=IDXGISwapChainMedia hr=0x80004002 ptr=0000000000000000
interface name=IDXGISwapChain hr=0x00000000 ptr=0000000000813230
interface name=IDXGISwapChain1 hr=0x00000000 ptr=0000000000813230
interface name=IDXGISwapChain2 hr=0x00000000 ptr=0000000000813230
interface name=IDXGISwapChain3 hr=0x00000000 ptr=0000000000813230
interface name=IDXGISwapChain4 hr=0x00000000 ptr=0000000000813230
test_case=D frames=15 target_fps=0 source_index_policy=local_increment_once_per_source_present allocator_policy=per_backbuffer
timing qpc_frequency=10000000 target_fps=0
present frame=0 source_index=0 allocator_index=0 expected_next=1 observed_next=1 qpc=3164057739643 duration_ticks=21837 hr=0x00000000
present frame=1 source_index=1 allocator_index=1 expected_next=2 observed_next=2 qpc=3164057767202 duration_ticks=4390 hr=0x00000000
present frame=2 source_index=2 allocator_index=2 expected_next=0 observed_next=0 qpc=3164057771886 duration_ticks=4226 hr=0x00000000
present frame=3 source_index=0 allocator_index=0 expected_next=1 observed_next=1 qpc=3164057820449 duration_ticks=6604 hr=0x00000000
present frame=4 source_index=1 allocator_index=1 expected_next=2 observed_next=2 qpc=3164057832503 duration_ticks=4722 hr=0x00000000
present frame=5 source_index=2 allocator_index=2 expected_next=0 observed_next=0 qpc=3164057837492 duration_ticks=4817 hr=0x00000000
present frame=6 source_index=0 allocator_index=0 expected_next=1 observed_next=1 qpc=3164057842543 duration_ticks=4704 hr=0x00000000
present frame=7 source_index=1 allocator_index=1 expected_next=2 observed_next=2 qpc=3164057847477 duration_ticks=3240 hr=0x00000000
present frame=8 source_index=2 allocator_index=2 expected_next=0 observed_next=0 qpc=3164057850888 duration_ticks=4465 hr=0x00000000
present frame=9 source_index=0 allocator_index=0 expected_next=1 observed_next=1 qpc=3164057855711 duration_ticks=3504 hr=0x00000000
present frame=10 source_index=1 allocator_index=1 expected_next=2 observed_next=2 qpc=3164057859421 duration_ticks=5844 hr=0x00000000
present frame=11 source_index=2 allocator_index=2 expected_next=0 observed_next=0 qpc=3164057865459 duration_ticks=3623 hr=0x00000000
present frame=12 source_index=0 allocator_index=0 expected_next=1 observed_next=1 qpc=3164057869310 duration_ticks=3804 hr=0x00000000
present frame=13 source_index=1 allocator_index=1 expected_next=2 observed_next=2 qpc=3164057873311 duration_ticks=3340 hr=0x00000000
present frame=14 source_index=2 allocator_index=2 expected_next=0 observed_next=0 qpc=3164057876906 duration_ticks=4165 hr=0x00000000
complete frames=15 elapsed_ticks=196428
frame_statistics hr=0x00000000 present_count=15 present_refresh=15 sync_refresh=15
last_present_count hr=0x00000000 count=15
memory_sample hr=0x00000000 current_working_set=88739840 current_private=44542619648 max_sampled_working_set=88739840 max_sampled_private=44542619648 sample_interval_frames=30
bookkeeping_result case=D invariant_mismatches=0 result=PASS
