start dxgi_module=00006fffff070000 dxgi_path_chars=89 dxgi_path=Z:\var\folders\4l\yp39dwhd7rg2y9xscgvhkyqw0000gn\T\fg-step8d1-synthetic-A.fGEPnd\dxgi.dll
call=CreateDXGIFactory hr=0x00000000 factory=00000000007d0290
call=CreateDXGIFactory1 hr=0x00000000 factory=00000000007d0290
call=CreateDXGIFactory2 hr=0x00000000 factory=00000000007d0290
adapter_interface version=4 hr=0x00000000 adapter=0000000000812a60
adapter_interface_matrix adapter0=1 adapter1=1 adapter2=1 adapter3=1 adapter4=1
com_identity factory_qi_iunknown=1 adapter_getparent_factory=1 result=PASS
adapter_enum_output_zero hr=0x00000000 output=0000000000812aa0
output_interface version=6 hr=0x00000000 output=0000000000812aa0
com_identity output_getparent_adapter hr=0x00000000 same_adapter=1
interface name=IDXGIFactory hr=0x00000000 ptr=00000000007d0290
interface name=IDXGIFactory1 hr=0x00000000 ptr=00000000007d0290
interface name=IDXGIFactory2 hr=0x00000000 ptr=00000000007d0290
interface name=IDXGIFactory3 hr=0x00000000 ptr=00000000007d0290
interface name=IDXGIFactory4 hr=0x00000000 ptr=00000000007d0290
interface name=IDXGIFactory5 hr=0x00000000 ptr=00000000007d0290
interface name=IDXGIFactory6 hr=0x00000000 ptr=00000000007d0290
interface name=IDXGIFactory7 hr=0x00000000 ptr=00000000007d0290
interface name=IDXGIFactoryMedia hr=0x80004002 ptr=0000000000000000
call=D3D12CreateDevice hr=0x00000000 device=00007fb7ec835010
call=CreateCommandQueue hr=0x00000000 queue=00007fb7ec84e410
call=CreateSwapChainForHwnd hr=0x00000000 swapchain=0000000000812ae0
call=QueryInterface_IDXGISwapChain3 hr=0x00000000 swapchain3=0000000000812ae0
com_identity swapchain_getparent_factory hr=0x00000000 same_factory=1
interface name=IDXGISwapChainMedia hr=0x80004002 ptr=0000000000000000
interface name=IDXGISwapChain hr=0x00000000 ptr=0000000000812ae0
interface name=IDXGISwapChain1 hr=0x00000000 ptr=0000000000812ae0
interface name=IDXGISwapChain2 hr=0x00000000 ptr=0000000000812ae0
interface name=IDXGISwapChain3 hr=0x00000000 ptr=0000000000812ae0
interface name=IDXGISwapChain4 hr=0x00000000 ptr=0000000000812ae0
test_case=A frames=15 target_fps=0 source_index_policy=GetCurrentBackBufferIndex_each_frame allocator_policy=per_backbuffer
timing qpc_frequency=10000000 target_fps=0
present frame=0 source_index=0 allocator_index=0 expected_next=2 observed_next=2 qpc=3164070851138 duration_ticks=18283 hr=0x00000000
present frame=1 source_index=2 allocator_index=2 expected_next=1 observed_next=1 qpc=3164070875433 duration_ticks=71675 hr=0x00000000
present frame=2 source_index=1 allocator_index=1 expected_next=0 observed_next=0 qpc=3164070947606 duration_ticks=9326 hr=0x00000000
present frame=3 source_index=0 allocator_index=0 expected_next=2 observed_next=2 qpc=3164070958752 duration_ticks=5185 hr=0x00000000
present frame=4 source_index=2 allocator_index=2 expected_next=1 observed_next=1 qpc=3164070964189 duration_ticks=27100 hr=0x00000000
present frame=5 source_index=1 allocator_index=1 expected_next=0 observed_next=0 qpc=3164070991565 duration_ticks=147646 hr=0x00000000
present frame=6 source_index=0 allocator_index=0 expected_next=2 observed_next=2 qpc=3164071139659 duration_ticks=332583 hr=0x00000000
present frame=7 source_index=2 allocator_index=2 expected_next=1 observed_next=1 qpc=3164071472690 duration_ticks=329942 hr=0x00000000
present frame=8 source_index=1 allocator_index=1 expected_next=0 observed_next=0 qpc=3164071802967 duration_ticks=334334 hr=0x00000000
present frame=9 source_index=0 allocator_index=0 expected_next=2 observed_next=2 qpc=3164072137699 duration_ticks=335923 hr=0x00000000
present frame=10 source_index=2 allocator_index=2 expected_next=1 observed_next=1 qpc=3164072473901 duration_ticks=333322 hr=0x00000000
present frame=11 source_index=1 allocator_index=1 expected_next=0 observed_next=0 qpc=3164072807731 duration_ticks=332468 hr=0x00000000
present frame=12 source_index=0 allocator_index=0 expected_next=2 observed_next=2 qpc=3164073140666 duration_ticks=331778 hr=0x00000000
present frame=13 source_index=2 allocator_index=2 expected_next=1 observed_next=1 qpc=3164073472837 duration_ticks=332729 hr=0x00000000
present frame=14 source_index=1 allocator_index=1 expected_next=0 observed_next=0 qpc=3164073806102 duration_ticks=343787 hr=0x00000000
complete frames=15 elapsed_ticks=3351645
frame_statistics hr=0x00000000 present_count=30 present_refresh=30 sync_refresh=30
last_present_count hr=0x00000000 count=30
memory_sample hr=0x00000000 current_working_set=89542656 current_private=44404842496 max_sampled_working_set=89542656 max_sampled_private=44404842496 sample_interval_frames=30
bookkeeping_result case=A invariant_mismatches=0 result=PASS
