start dxgi_module=00006fffff070000 dxgi_path_chars=101 dxgi_path=Z:\var\folders\4l\yp39dwhd7rg2y9xscgvhkyqw0000gn\T\fg-step8d1-fail-commandlist_create.k7z1Dl\dxgi.dll
call=CreateDXGIFactory hr=0x00000000 factory=000000000080e890
call=CreateDXGIFactory1 hr=0x00000000 factory=000000000080e890
call=CreateDXGIFactory2 hr=0x00000000 factory=000000000080e890
adapter_interface version=4 hr=0x00000000 adapter=00000000008126e0
adapter_interface_matrix adapter0=1 adapter1=1 adapter2=1 adapter3=1 adapter4=1
com_identity factory_qi_iunknown=1 adapter_getparent_factory=1 result=PASS
adapter_enum_output_zero hr=0x00000000 output=0000000000812ea0
output_interface version=6 hr=0x00000000 output=0000000000812ea0
com_identity output_getparent_adapter hr=0x00000000 same_adapter=1
interface name=IDXGIFactory hr=0x00000000 ptr=000000000080e890
interface name=IDXGIFactory1 hr=0x00000000 ptr=000000000080e890
interface name=IDXGIFactory2 hr=0x00000000 ptr=000000000080e890
interface name=IDXGIFactory3 hr=0x00000000 ptr=000000000080e890
interface name=IDXGIFactory4 hr=0x00000000 ptr=000000000080e890
interface name=IDXGIFactory5 hr=0x00000000 ptr=000000000080e890
interface name=IDXGIFactory6 hr=0x00000000 ptr=000000000080e890
interface name=IDXGIFactory7 hr=0x00000000 ptr=000000000080e890
interface name=IDXGIFactoryMedia hr=0x80004002 ptr=0000000000000000
call=D3D12CreateDevice hr=0x00000000 device=00007fa740847610
call=CreateCommandQueue hr=0x00000000 queue=00007fa740928410
call=CreateSwapChainForHwnd hr=0x00000000 swapchain=0000000000812ee0
call=QueryInterface_IDXGISwapChain3 hr=0x00000000 swapchain3=0000000000812ee0
com_identity swapchain_getparent_factory hr=0x00000000 same_factory=1
interface name=IDXGISwapChainMedia hr=0x80004002 ptr=0000000000000000
interface name=IDXGISwapChain hr=0x00000000 ptr=0000000000812ee0
interface name=IDXGISwapChain1 hr=0x00000000 ptr=0000000000812ee0
interface name=IDXGISwapChain2 hr=0x00000000 ptr=0000000000812ee0
interface name=IDXGISwapChain3 hr=0x00000000 ptr=0000000000812ee0
interface name=IDXGISwapChain4 hr=0x00000000 ptr=0000000000812ee0
test_case=A frames=15 target_fps=0 source_index_policy=GetCurrentBackBufferIndex_each_frame allocator_policy=per_backbuffer
timing qpc_frequency=10000000 target_fps=0
present frame=0 source_index=0 allocator_index=0 expected_next=1 observed_next=1 qpc=3164178700822 duration_ticks=22041 hr=0x00000000
present frame=1 source_index=1 allocator_index=1 expected_next=2 observed_next=2 qpc=3164178725943 duration_ticks=3437 hr=0x00000000
present frame=2 source_index=2 allocator_index=2 expected_next=0 observed_next=0 qpc=3164178729617 duration_ticks=1733 hr=0x00000000
present frame=3 source_index=0 allocator_index=0 expected_next=1 observed_next=1 qpc=3164178785417 duration_ticks=4968 hr=0x00000000
present frame=4 source_index=1 allocator_index=1 expected_next=2 observed_next=2 qpc=3164178790744 duration_ticks=1622 hr=0x00000000
present frame=5 source_index=2 allocator_index=2 expected_next=0 observed_next=0 qpc=3164178792528 duration_ticks=1344 hr=0x00000000
present frame=6 source_index=0 allocator_index=0 expected_next=1 observed_next=1 qpc=3164178794090 duration_ticks=11676 hr=0x00000000
present frame=7 source_index=1 allocator_index=1 expected_next=2 observed_next=2 qpc=3164178806060 duration_ticks=1997 hr=0x00000000
present frame=8 source_index=2 allocator_index=2 expected_next=0 observed_next=0 qpc=3164178808237 duration_ticks=1784 hr=0x00000000
present frame=9 source_index=0 allocator_index=0 expected_next=1 observed_next=1 qpc=3164178810171 duration_ticks=1716 hr=0x00000000
present frame=10 source_index=1 allocator_index=1 expected_next=2 observed_next=2 qpc=3164178812103 duration_ticks=2545 hr=0x00000000
present frame=11 source_index=2 allocator_index=2 expected_next=0 observed_next=0 qpc=3164178814805 duration_ticks=1143 hr=0x00000000
present frame=12 source_index=0 allocator_index=0 expected_next=1 observed_next=1 qpc=3164178823690 duration_ticks=146372 hr=0x00000000
present frame=13 source_index=1 allocator_index=1 expected_next=2 observed_next=2 qpc=3164178970560 duration_ticks=165302 hr=0x00000000
present frame=14 source_index=2 allocator_index=2 expected_next=0 observed_next=0 qpc=3164179136419 duration_ticks=164380 hr=0x00000000
complete frames=15 elapsed_ticks=650086
frame_statistics hr=0x00000000 present_count=15 present_refresh=15 sync_refresh=15
last_present_count hr=0x00000000 count=15
memory_sample hr=0x00000000 current_working_set=89972736 current_private=44393230336 max_sampled_working_set=89972736 max_sampled_private=44393230336 sample_interval_frames=30
bookkeeping_result case=A invariant_mismatches=0 result=PASS
