app_presents=1351 duration_s=44.976 rate_hz=30.038
app_present_errors=0 app_present_nonzero_success_statuses=0 app_present_occluded_statuses=0 buffer0_query_errors=0
app_window_state: visible=1351 hidden=0 iconic=0 not_iconic=1351 foreground=1351 background=0 unavailable_visible=0 unavailable_iconic=0 unavailable_foreground=0
native_events=36428 positive_display_events=2608 display_rate_hz=58.075
native_event_counts=display_callback_summary:1,display_callbacks_enabled:1,display_callbacks_stopped:1,display_link_attached:1,display_link_latency_1:1,display_tick_expired:9,epoch_reset:1,generated_dropped:1333,generation_submissions_drained:1,layer_owner_claimed:1,layer_owner_draining:1,layer_owner_released:1,ordinary_source_present_submitted:1,presentation_callbacks_registered:2683,presentation_feedback_drained:1,presentation_feedback_result:2683,presentation_stages:2698,presented_time_zero:150,real_presentation_submitted:2683,selected_source:1351,selected_source_repeat:1333,session_active:1,source_candidate_reserved:1351,source_displayed:1338,source_escrow_complete:1351,source_gpu_progress_unblocked:2683,source_ownership_transfer:1350,source_repeat_presented:1270,source_state_transition:8086,source_submission_unconfirmed:12,source_terminal:1351,synthetic_gpu_work_drained:1,worker_drawables_retired:1,worker_tick_retired:2698
accepted_source_ids=1350 acceptance_mode=ownership_acceptance_event
source_acceptance_coverage=ownership_acceptance_records
source_terminal_mode=explicit missing_terminal_ids=0 missing_terminal_records=0 duplicate_terminal_ids=0 duplicate_terminal_records=0 duplicate_accept_ids=0 orphan_terminal_ids=1 lost_source_ids=0
lost_source_id_list=none
source_terminal_records=1351 safe_terminal_ids=1350 unsafe_terminal_ids=0 source_safety_violation_ids=0
submitted_unconfirmed_accepted_ids=12
unsafe_terminal_id_list=none
source_safety_violation_id_list=none
source_state_transition_records=8086 transitions=display_confirmed->retired:terminal source is older than committed frontier:1334,display_pending->display_submitted:worker committed presenter work after scheduling drawable presentation:1350,display_submitted->display_confirmed:submitted source has positive presentedTime feedback:1338,display_submitted->retired:terminal source is older than committed frontier:11,escrow_preparing->escrow_submitted:DXMT source command buffer committed on ordinary Presenter path:1,escrow_preparing->escrow_submitted:DXMT source command buffer committed with mandatory escrow copy:1350,escrow_ready->display_pending:provisional selection; source frontier remains unchanged:1350,escrow_ready->display_submitted:ordinary Presenter submitted priming source:1,escrow_submitted->escrow_ready:same-buffer SourceEscrow copy completed:1351
source_terminal_details=display_submitted_unconfirmed:presentedTime did not confirm an already-submitted source:12,ordinary_fallback:ordinary DXMT Presenter retained this source:1,renderer_presented:display submission received positive feedback and GPU completion:1338
source_zero_feedback_ids=73 accepted_source_zero_feedback=73 lost_ids_with_zero_feedback=0
displayed_generated_frames=0 immediate_A_G_B_triples=0 unbracketed_G=0 immediate_missing_A=0 immediate_missing_B=0 immediate_missing_both=0
nearest_source_pair_brackets=0 nearest_missing_A=0 nearest_missing_B=0 nearest_unmatched_endpoints_with_zero_feedback=0 nearest_missing_both=0 immediate_missing_endpoints_with_zero_feedback=0
malformed_requested_pairs=0 malformed_displayed_pairs=0 source_regressions=0 repeated_source_events=1261
generated_drops=1333 generated_failures=0 generated_failure_drop_details=0 generated_presentation_failures=0
generated_zero_presentedTime=0 source_zero_presentedTime=150
zero_presentedTime=150 by_kind=source:150
zero_presentedTime_gpu_status=completed:150 circuit_state=1:150 lifecycle_epoch=1:150 zero_feedback_presentation_records=75 zero_feedback_with_stage_records=75
display_interval_ms: n=2607 p50=16.666 p95=34.001 p99=46.385 max=96.594
history_copy_completion_ms: n=0 (unavailable)
generation_submit_to_ready_ms: n=0 (unavailable)
callback_to_worker_wake_ms: n=2698 p50=0.042 p95=0.169 p99=1.026 max=70.504
callback_to_selection_ms: n=2698 p50=0.069 p95=0.241 p99=1.300 max=81.271
device_mutex_wait_ms: n=2698 p50=0.000 p95=0.001 p99=0.002 max=0.110
device_mutex_hold_ms: n=2698 p50=0.501 p95=1.531 p99=3.058 max=85.054
presenter_encode_ms: n=2684 p50=0.157 p95=0.376 p99=0.688 max=14.663
callback_to_gpu_submit_ms: n=2683 p50=0.396 p95=1.264 p99=3.510 max=15.580
gpu_submit_to_completion_ms: n=2680 p50=0.884 p95=1.445 p99=1.568 max=2.432
callback_to_present_call_ms: n=2683 p50=0.470 p95=1.526 p99=3.979 max=16.985
gpu_submit_to_present_call_ms: n=2683 p50=0.059 p95=0.425 p99=0.661 max=7.709
present_call_to_feedback_ms: n=2683 p50=50.976 p95=71.105 p99=74.468 max=76.495
callback_to_feedback_ms: n=2683 p50=51.122 p95=71.914 p99=75.230 max=76.851
positive_presentedTime_gap_ms: n=2607 p50=16.666 p95=34.001 p99=46.385 max=96.594
presentedTime_minus_target_ms: n=2608 p50=0.008 p95=16.777 p99=16.795 max=18.662
legacy_precommit_record_to_gpu_completion_ms: n=0 (unavailable)
callback_to_legacy_precommit_record_ms: n=0 (unavailable)
display_callback_duration_us: n=2698 p50=11.958 p95=39.292 p99=66.375 max=213.291
tick_queue_depth: n=2698 p50=1.000 p95=1.000 p99=1.000 max=3.000
callback_tick_ledger: status=PASS callback_count=2698 callback_hz=59.987 terminal_count=2698 callback_terminal_delta=0 terminal_rows=2698 unique_ticks=2698 duplicate_tick_terminals=0 terminal_rows_without_tick_id=0 terminal_rows_without_class=0 malformed_callback_summaries=0 callback_summary_counter_regressions=0 outstanding_drawable_high_water=4 classes=no_output_available:14,source_deadline_missed:1,source_submitted:2683
display_drawable_feedback: submitted_source=2683 submitted_generated=0 gpu_completed=2683 gpu_failed=0 positive_presentedTime=2608 zero_presentedTime=75 positive_feedback_hz=57.986 source_submission_hz=59.654 generated_submission_hz=0.000
generated_frame_feedback: requested=0 ready=0 selected=0 submitted=0 positive=0 zero=0 dropped_before_submit_unique_pairs=0
gpu_result_status=completed:2683
long_positive_feedback_gaps_over_25ms=270 correlated_target_window_outcomes=positive_feedback_spacing_or_target_phase:225,source_deadline_missed:1,zero_feedback_in_target_window:44
selection_counts_by_kind=0:14,source:2684 late_G_feedback_after_source_B_schedule=0 late_G_feedback_after_B_display_target=0 before_B_display_target=0 B_target_unavailable=0 late_G_after_B_positive_feedback=0 B_positive_feedback_unavailable=0
positive_generated_timestamp_order=none
