app_presents=361 duration_s=11.976 rate_hz=30.144
app_present_errors=0 app_present_nonzero_success_statuses=0 app_present_occluded_statuses=0 buffer0_query_errors=0
app_window_state: visible=361 hidden=0 iconic=0 not_iconic=361 foreground=361 background=0 unavailable_visible=0 unavailable_iconic=0 unavailable_foreground=0
native_events=9749 positive_display_events=693 display_rate_hz=57.984
native_event_counts=display_callback_summary:1,display_callbacks_enabled:1,display_callbacks_stopped:1,display_link_attached:1,display_link_latency_1:1,epoch_reset:1,generated_dropped:356,generation_submissions_drained:1,layer_owner_claimed:1,layer_owner_draining:1,layer_owner_released:1,ordinary_source_present_submitted:1,presentation_callbacks_registered:718,presentation_feedback_drained:1,presentation_feedback_result:718,presentation_stages:722,presented_time_zero:50,real_presentation_submitted:718,selected_source:360,selected_source_repeat:358,session_active:1,source_candidate_reserved:361,source_displayed:356,source_escrow_complete:361,source_gpu_progress_unblocked:718,source_ownership_transfer:360,source_repeat_presented:337,source_state_transition:2154,source_submission_unconfirmed:4,source_terminal:361,synthetic_gpu_work_drained:1,worker_drawables_retired:1,worker_tick_retired:722
accepted_source_ids=360 acceptance_mode=ownership_acceptance_event
source_acceptance_coverage=ownership_acceptance_records
source_terminal_mode=explicit missing_terminal_ids=0 missing_terminal_records=0 duplicate_terminal_ids=0 duplicate_terminal_records=0 duplicate_accept_ids=0 orphan_terminal_ids=1 lost_source_ids=0
lost_source_id_list=none
source_terminal_records=361 safe_terminal_ids=360 unsafe_terminal_ids=0 source_safety_violation_ids=0
submitted_unconfirmed_accepted_ids=4
unsafe_terminal_id_list=none
source_safety_violation_id_list=none
source_state_transition_records=2154 transitions=display_confirmed->retired:terminal source is older than committed frontier:351,display_pending->display_submitted:worker committed presenter work after scheduling drawable presentation:360,display_submitted->display_confirmed:submitted source has positive presentedTime feedback:356,display_submitted->retired:terminal source is older than committed frontier:4,escrow_preparing->escrow_submitted:DXMT source command buffer committed on ordinary Presenter path:1,escrow_preparing->escrow_submitted:DXMT source command buffer committed with mandatory escrow copy:360,escrow_ready->display_pending:provisional selection; source frontier remains unchanged:360,escrow_ready->display_submitted:ordinary Presenter submitted priming source:1,escrow_submitted->escrow_ready:same-buffer SourceEscrow copy completed:361
source_terminal_details=display_submitted_unconfirmed:presentedTime did not confirm an already-submitted source:4,ordinary_fallback:ordinary DXMT Presenter retained this source:1,renderer_presented:display submission received positive feedback and GPU completion:356
source_zero_feedback_ids=25 accepted_source_zero_feedback=25 lost_ids_with_zero_feedback=0
displayed_generated_frames=0 immediate_A_G_B_triples=0 unbracketed_G=0 immediate_missing_A=0 immediate_missing_B=0 immediate_missing_both=0
nearest_source_pair_brackets=0 nearest_missing_A=0 nearest_missing_B=0 nearest_unmatched_endpoints_with_zero_feedback=0 nearest_missing_both=0 immediate_missing_endpoints_with_zero_feedback=0
malformed_requested_pairs=0 malformed_displayed_pairs=0 source_regressions=0 repeated_source_events=334
generated_drops=356 generated_failures=0 generated_failure_drop_details=0 generated_presentation_failures=0
generated_zero_presentedTime=0 source_zero_presentedTime=50
zero_presentedTime=50 by_kind=source:50
zero_presentedTime_gpu_status=completed:50 circuit_state=1:50 lifecycle_epoch=1:50 zero_feedback_presentation_records=25 zero_feedback_with_stage_records=25
display_interval_ms: n=692 p50=16.666 p95=44.802 p99=45.843 max=47.372
history_copy_completion_ms: n=0 (unavailable)
generation_submit_to_ready_ms: n=0 (unavailable)
callback_to_worker_wake_ms: n=722 p50=0.053 p95=0.162 p99=0.468 max=6.559
callback_to_selection_ms: n=722 p50=0.103 p95=0.226 p99=0.594 max=7.569
device_mutex_wait_ms: n=722 p50=0.000 p95=0.001 p99=0.002 max=0.114
device_mutex_hold_ms: n=722 p50=0.728 p95=1.332 p99=2.177 max=21.562
presenter_encode_ms: n=718 p50=0.214 p95=0.343 p99=0.568 max=2.715
callback_to_gpu_submit_ms: n=718 p50=0.561 p95=1.034 p99=2.801 max=19.847
gpu_submit_to_completion_ms: n=717 p50=1.187 p95=1.438 p99=1.795 max=2.239
callback_to_present_call_ms: n=718 p50=0.695 p95=1.355 p99=2.937 max=21.615
gpu_submit_to_present_call_ms: n=718 p50=0.106 p95=0.414 p99=0.642 max=1.768
present_call_to_feedback_ms: n=718 p50=43.986 p95=72.348 p99=75.556 max=78.989
callback_to_feedback_ms: n=718 p50=44.753 p95=73.033 p99=76.494 max=79.618
positive_presentedTime_gap_ms: n=692 p50=16.666 p95=44.802 p99=45.843 max=47.372
presentedTime_minus_target_ms: n=693 p50=-11.430 p95=16.759 p99=16.793 max=18.647
legacy_precommit_record_to_gpu_completion_ms: n=0 (unavailable)
callback_to_legacy_precommit_record_ms: n=0 (unavailable)
display_callback_duration_us: n=722 p50=15.500 p95=44.167 p99=69.625 max=136.625
tick_queue_depth: n=722 p50=1.000 p95=1.000 p99=1.000 max=1.000
callback_tick_ledger: status=PASS callback_count=722 callback_hz=60.289 terminal_count=722 callback_terminal_delta=0 terminal_rows=722 unique_ticks=722 duplicate_tick_terminals=0 terminal_rows_without_tick_id=0 terminal_rows_without_class=0 malformed_callback_summaries=0 callback_summary_counter_regressions=0 outstanding_drawable_high_water=2 classes=no_output_available:4,source_submitted:718
display_drawable_feedback: submitted_source=718 submitted_generated=0 gpu_completed=718 gpu_failed=0 positive_presentedTime=693 zero_presentedTime=25 positive_feedback_hz=57.867 source_submission_hz=59.955 generated_submission_hz=0.000
generated_frame_feedback: requested=0 ready=0 selected=0 submitted=0 positive=0 zero=0 dropped_before_submit_unique_pairs=0
gpu_result_status=completed:718
long_positive_feedback_gaps_over_25ms=88 correlated_target_window_outcomes=positive_feedback_spacing_or_target_phase:72,zero_feedback_in_target_window:16
selection_counts_by_kind=0:4,source:718 late_G_feedback_after_source_B_schedule=0 late_G_feedback_after_B_display_target=0 before_B_display_target=0 B_target_unavailable=0 late_G_after_B_positive_feedback=0 B_positive_feedback_unavailable=0
positive_generated_timestamp_order=none
