app_presents=1801 duration_s=59.979 rate_hz=30.027
app_present_errors=0 app_present_nonzero_success_statuses=0 app_present_occluded_statuses=0 buffer0_query_errors=0
app_window_state: visible=1801 hidden=0 iconic=0 not_iconic=1801 foreground=1801 background=0 unavailable_visible=0 unavailable_iconic=0 unavailable_foreground=0
native_events=50499 positive_display_events=3482 display_rate_hz=58.083
native_event_counts=display_callback_summary:1,display_callbacks_enabled:1,display_callbacks_stopped:1,display_link_attached:1,display_link_latency_1:1,display_tick_expired:6,epoch_reset:1,generated_displayed:1690,generated_dropped:117,generated_gpu_progress_unblocked:1783,generated_presentation_submitted:1783,generated_ready:1800,generated_requested:1800,generated_selected:1785,generation_submissions_drained:1,layer_owner_claimed:1,layer_owner_draining:1,layer_owner_released:1,ordinary_source_present_submitted:1,presentation_callbacks_registered:3590,presentation_feedback_drained:1,presentation_feedback_result:3590,presentation_stages:3601,presented_time_zero:123,real_presentation_submitted:1807,selected_source:1801,selected_source_repeat:7,session_active:1,source_candidate_reserved:1801,source_displayed:1785,source_escrow_complete:1801,source_gpu_progress_unblocked:1807,source_ownership_transfer:1800,source_repeat_presented:7,source_state_transition:10783,source_submission_unconfirmed:15,source_terminal:1801,synthetic_gpu_work_drained:1,worker_drawables_retired:1,worker_tick_retired:3601
accepted_source_ids=1800 acceptance_mode=ownership_acceptance_event
source_acceptance_coverage=ownership_acceptance_records
source_terminal_mode=explicit missing_terminal_ids=0 missing_terminal_records=0 duplicate_terminal_ids=0 duplicate_terminal_records=0 duplicate_accept_ids=0 orphan_terminal_ids=1 lost_source_ids=0
lost_source_id_list=none
source_terminal_records=1801 safe_terminal_ids=1800 unsafe_terminal_ids=0 source_safety_violation_ids=0
submitted_unconfirmed_accepted_ids=15
unsafe_terminal_id_list=none
source_safety_violation_id_list=none
source_state_transition_records=10783 transitions=display_confirmed->retired:terminal source is older than committed frontier:1780,display_pending->display_submitted:worker committed presenter work after scheduling drawable presentation:1800,display_submitted->display_confirmed:submitted source has positive presentedTime feedback:1785,display_submitted->retired:terminal source is older than committed frontier:15,escrow_preparing->escrow_submitted:DXMT source command buffer committed on ordinary Presenter path:1,escrow_preparing->escrow_submitted:DXMT source command buffer committed with mandatory escrow copy:1800,escrow_ready->display_pending:provisional selection; source frontier remains unchanged:1800,escrow_ready->display_submitted:ordinary Presenter submitted priming source:1,escrow_submitted->escrow_ready:same-buffer SourceEscrow copy completed:1801
source_terminal_details=display_submitted_unconfirmed:presentedTime did not confirm an already-submitted source:15,ordinary_fallback:ordinary DXMT Presenter retained this source:1,renderer_presented:display submission received positive feedback and GPU completion:1785
source_zero_feedback_ids=15 accepted_source_zero_feedback=15 lost_ids_with_zero_feedback=0
displayed_generated_frames=1690 immediate_A_G_B_triples=1657 unbracketed_G=33 immediate_missing_A=13 immediate_missing_B=20 immediate_missing_both=0
nearest_source_pair_brackets=1657 nearest_missing_A=13 nearest_missing_B=20 nearest_unmatched_endpoints_with_zero_feedback=15 nearest_missing_both=0 immediate_missing_endpoints_with_zero_feedback=15
malformed_requested_pairs=0 malformed_displayed_pairs=0 source_regressions=0 repeated_source_events=7
generated_drops=117 generated_failures=0 generated_failure_drop_details=0 generated_presentation_failures=0
generated_zero_presentedTime=93 source_zero_presentedTime=30
zero_presentedTime=123 by_kind=generated:93,source:30
zero_presentedTime_gpu_status=completed:123 circuit_state=0:123 lifecycle_epoch=1:123 zero_feedback_presentation_records=108 zero_feedback_with_stage_records=108
display_interval_ms: n=3481 p50=16.666 p95=34.472 p99=47.385 max=50.466
history_copy_completion_ms: n=0 (unavailable)
generation_submit_to_ready_ms: n=1800 p50=14.044 p95=15.524 p99=19.879 max=29.641
callback_to_worker_wake_ms: n=3601 p50=0.037 p95=0.195 p99=3.018 max=33.436
callback_to_selection_ms: n=3601 p50=0.061 p95=0.280 p99=3.390 max=42.920
device_mutex_wait_ms: n=3601 p50=0.000 p95=0.001 p99=0.002 max=0.111
device_mutex_hold_ms: n=3601 p50=0.369 p95=1.618 p99=3.696 max=26.179
presenter_encode_ms: n=3593 p50=0.109 p95=0.402 p99=0.739 max=15.180
callback_to_gpu_submit_ms: n=3590 p50=0.321 p95=1.397 p99=5.238 max=16.219
gpu_submit_to_completion_ms: n=3587 p50=0.827 p95=1.467 p99=1.706 max=2.613
callback_to_present_call_ms: n=3590 p50=0.363 p95=1.644 p99=5.695 max=17.562
gpu_submit_to_present_call_ms: n=3590 p50=0.045 p95=0.353 p99=0.647 max=5.607
present_call_to_feedback_ms: n=3590 p50=54.562 p95=70.980 p99=74.724 max=78.122
callback_to_feedback_ms: n=3590 p50=55.298 p95=71.644 p99=75.673 max=79.014
positive_presentedTime_gap_ms: n=3481 p50=16.666 p95=34.472 p99=47.385 max=50.466
presentedTime_minus_target_ms: n=3482 p50=0.046 p95=16.784 p99=16.797 max=19.195
legacy_precommit_record_to_gpu_completion_ms: n=0 (unavailable)
callback_to_legacy_precommit_record_ms: n=0 (unavailable)
display_callback_duration_us: n=3601 p50=8.833 p95=38.125 p99=58.333 max=1380.125
tick_queue_depth: n=3601 p50=1.000 p95=1.000 p99=1.000 max=2.000
callback_tick_ledger: status=PASS callback_count=3601 callback_hz=60.038 terminal_count=3601 callback_terminal_delta=0 terminal_rows=3601 unique_ticks=3601 duplicate_tick_terminals=0 terminal_rows_without_tick_id=0 terminal_rows_without_class=0 malformed_callback_summaries=0 callback_summary_counter_regressions=0 outstanding_drawable_high_water=3 classes=generated_deadline_dropped:2,generated_submitted:1783,no_output_available:8,source_deadline_missed:1,source_submitted:1807
display_drawable_feedback: submitted_source=1807 submitted_generated=1783 gpu_completed=3590 gpu_failed=0 positive_presentedTime=3482 zero_presentedTime=108 positive_feedback_hz=58.054 source_submission_hz=30.127 generated_submission_hz=29.727
generated_frame_feedback: requested=1800 ready=1800 selected=1785 submitted=1783 positive=1690 zero=93 dropped_before_submit_unique_pairs=17
gpu_result_status=completed:3590
long_positive_feedback_gaps_over_25ms=365 correlated_target_window_outcomes=generated_deadline_dropped:2,positive_feedback_spacing_or_target_phase:303,source_deadline_missed:1,zero_feedback_in_target_window:59
selection_counts_by_kind=0:8,generated:1785,source:1808 late_G_feedback_after_source_B_schedule=725 late_G_feedback_after_B_display_target=643 before_B_display_target=1047 B_target_unavailable=0 late_G_after_B_positive_feedback=0 B_positive_feedback_unavailable=14
positive_generated_timestamp_order=both_endpoints_positive:1663,between_A_B:1663,missing_A:13,missing_B:14
