start dxgi_module=00006fffff070000 dxgi_path_chars=96 dxgi_path=Z:\var\folders\4l\yp39dwhd7rg2y9xscgvhkyqw0000gn\T\fg-step8d1-review-synthetic-A.A54JUM\dxgi.dll
call=CreateDXGIFactory hr=0x00000000 factory=000000000080b110
call=CreateDXGIFactory1 hr=0x00000000 factory=000000000080b110
call=CreateDXGIFactory2 hr=0x00000000 factory=000000000080b110
adapter_interface version=4 hr=0x00000000 adapter=0000000000812380
adapter_interface_matrix adapter0=1 adapter1=1 adapter2=1 adapter3=1 adapter4=1
com_identity factory_qi_iunknown=1 adapter_getparent_factory=1 result=PASS
adapter_enum_output_zero hr=0x00000000 output=0000000000812bc0
output_interface version=6 hr=0x00000000 output=0000000000812bc0
com_identity output_getparent_adapter hr=0x00000000 same_adapter=1
interface name=IDXGIFactory hr=0x00000000 ptr=000000000080b110
interface name=IDXGIFactory1 hr=0x00000000 ptr=000000000080b110
interface name=IDXGIFactory2 hr=0x00000000 ptr=000000000080b110
interface name=IDXGIFactory3 hr=0x00000000 ptr=000000000080b110
interface name=IDXGIFactory4 hr=0x00000000 ptr=000000000080b110
interface name=IDXGIFactory5 hr=0x00000000 ptr=000000000080b110
interface name=IDXGIFactory6 hr=0x00000000 ptr=000000000080b110
interface name=IDXGIFactory7 hr=0x00000000 ptr=000000000080b110
interface name=IDXGIFactoryMedia hr=0x80004002 ptr=0000000000000000
call=D3D12CreateDevice hr=0x00000000 device=00007fb9e18ccc10
call=CreateCommandQueue hr=0x00000000 queue=00007fb9e3893e10
call=CreateSwapChainForHwnd hr=0x00000000 swapchain=0000000000812c00
call=QueryInterface_IDXGISwapChain3 hr=0x00000000 swapchain3=0000000000812c00
com_identity swapchain_getparent_factory hr=0x00000000 same_factory=1
interface name=IDXGISwapChainMedia hr=0x80004002 ptr=0000000000000000
interface name=IDXGISwapChain hr=0x00000000 ptr=0000000000812c00
interface name=IDXGISwapChain1 hr=0x00000000 ptr=0000000000812c00
interface name=IDXGISwapChain2 hr=0x00000000 ptr=0000000000812c00
interface name=IDXGISwapChain3 hr=0x00000000 ptr=0000000000812c00
interface name=IDXGISwapChain4 hr=0x00000000 ptr=0000000000812c00
test_case=A frames=15 target_fps=0 source_index_policy=GetCurrentBackBufferIndex_each_frame allocator_policy=per_backbuffer
timing qpc_frequency=10000000 target_fps=0
present frame=0 source_index=0 allocator_index=0 expected_next=2 observed_next=2 qpc=3159723290531 duration_ticks=21567 hr=0x00000000
present frame=1 source_index=2 allocator_index=2 expected_next=1 observed_next=1 qpc=3159723318024 duration_ticks=69051 hr=0x00000000
present frame=2 source_index=1 allocator_index=1 expected_next=0 observed_next=0 qpc=3159723387568 duration_ticks=4027 hr=0x00000000
present frame=3 source_index=0 allocator_index=0 expected_next=2 observed_next=2 qpc=3159723392007 duration_ticks=9302 hr=0x00000000
present frame=4 source_index=2 allocator_index=2 expected_next=1 observed_next=1 qpc=3159723401610 duration_ticks=5068 hr=0x00000000
present frame=5 source_index=1 allocator_index=1 expected_next=0 observed_next=0 qpc=3159723407742 duration_ticks=6595 hr=0x00000000
present frame=6 source_index=0 allocator_index=0 expected_next=2 observed_next=2 qpc=3159723414587 duration_ticks=4750 hr=0x00000000
present frame=7 source_index=2 allocator_index=2 expected_next=1 observed_next=1 qpc=3159723419572 duration_ticks=6251 hr=0x00000000
present frame=8 source_index=1 allocator_index=1 expected_next=0 observed_next=0 qpc=3159723426145 duration_ticks=6290 hr=0x00000000
present frame=9 source_index=0 allocator_index=0 expected_next=2 observed_next=2 qpc=3159723432644 duration_ticks=6202 hr=0x00000000
present frame=10 source_index=2 allocator_index=2 expected_next=1 observed_next=1 qpc=3159723439930 duration_ticks=11330 hr=0x00000000
present frame=11 source_index=1 allocator_index=1 expected_next=0 observed_next=0 qpc=3159723451642 duration_ticks=5303 hr=0x00000000
present frame=12 source_index=0 allocator_index=0 expected_next=2 observed_next=2 qpc=3159723457455 duration_ticks=16518 hr=0x00000000
present frame=13 source_index=2 allocator_index=2 expected_next=1 observed_next=1 qpc=3159723474314 duration_ticks=5744 hr=0x00000000
present frame=14 source_index=1 allocator_index=1 expected_next=0 observed_next=0 qpc=3159723480730 duration_ticks=4920 hr=0x00000000
complete frames=15 elapsed_ticks=265268
frame_statistics hr=0x00000000 present_count=30 present_refresh=30 sync_refresh=30
last_present_count hr=0x00000000 count=30
memory_sample hr=0x00000000 current_working_set=89636864 current_private=44405915648 max_sampled_working_set=89636864 max_sampled_private=44405915648 sample_interval_frames=30
bookkeeping_result case=A invariant_mismatches=0 result=PASS
