Starting recording with the Metal System Trace template and Display, Points of Interest Instruments. Attaching to: wine (36766). Time limit: 55.0 s
Ctrl-C to stop the recording
Reached specified time limit, ending recording...
Timeline modification failed -- dylibs overlap by 0xcfc18:
    0x7ff857b41de0-0x7ff857b7c888 [0x3aaa8] (7473490209001-9223372036854775807) /System/Library/PrivateFrameworks/UIFoundation.framework/Versions/A/UIFoundation
    0x7ff857b29e90-0x7ff857bf9aa8 [0xcfc18] (7473571863705-9223372036854775807) /System/Library/Frameworks/Vision.framework/Versions/A/Vision
Timeline modification failed -- dylibs overlap by 0x2a40:
    0x7ff9596dd2a0-0x7ff9596dd9c0 [0x720] (7473490205385-9223372036854775807) /usr/lib/swift/libswiftCompression.dylib
    0x7ff9596daf80-0x7ff9596dd2b5 [0x2335] (7473573510939-9223372036854775807) /System/Library/PrivateFrameworks/NetworkServiceProxy.framework/Versions/A/NetworkServiceProxy
Timeline modification failed -- dylibs overlap by 0x49f938:
    0x7ff948841c48-0x7ff94884fa10 [0xddc8] (7473573313984-9223372036854775807) /System/Library/PrivateFrameworks/IOGPU.framework/Versions/A/IOGPU
    0x7ff94855c000-0x7ff9489fb938 [0x49f938] (7473573512659-9223372036854775807) /System/Library/Frameworks/JavaScriptCore.framework/Versions/A/JavaScriptCore
Timeline modification failed -- dylibs overlap by 0x2a82b0:
    0x7ff9497f9a50-0x7ff9497fb4bc [0x1a6c] (7473490206354-9223372036854775807) /System/Library/PrivateFrameworks/RenderBox.framework/Versions/A/RenderBox
    0x7ff94969e180-0x7ff949946430 [0x2a82b0] (7473573512685-9223372036854775807) /System/Library/Frameworks/WebKit.framework/Versions/A/Frameworks/WebCore.framework/Versions/A/WebCore
Timeline modification failed -- dylibs overlap by 0x39a10:
    0x7ff954eab540-0x7ff954eac090 [0xb50] (7473490207785-9223372036854775807) /System/Library/PrivateFrameworks/AttributeGraph.framework/Versions/A/AttributeGraph
    0x7ff954e9e690-0x7ff954ed80a0 [0x39a10] (7473573520674-9223372036854775807) /System/Library/PrivateFrameworks/ContactsUICore.framework/Versions/A/ContactsUICore
Timeline modification failed -- dylibs overlap by 0x15340:
    0x7ff9543a8838-0x7ff9543abb70 [0x3338] (7473490207785-9223372036854775807) /System/Library/PrivateFrameworks/AttributeGraph.framework/Versions/A/AttributeGraph
    0x7ff95439dc70-0x7ff9543b2fb0 [0x15340] (7473573523743-9223372036854775807) /System/Library/PrivateFrameworks/ChunkingLibrary.framework/Versions/A/ChunkingLibrary
Recording completed. Saving output file...
Timeline modification failed -- dylibs overlap by 0x43578:
    0x7ff85a5efb28-0x7ff85a5efb60 [0x38] (7473570462129-9223372036854775807) /usr/lib/libsandbox.1.dylib
    0x7ff85a5de190-0x7ff85a621708 [0x43578] (7473490208356-9223372036854775807) /System/Library/Frameworks/Carbon.framework/Versions/A/Frameworks/HIToolbox.framework/Versions/A/HIToolbox
Output file saved as: source60-attached.trace
