{"blockers": [], "decision": "ALLOW", "estimated_peak_new_bytes": 3254779904, "experiment_id": "step11d3-storage-policy-smoke-20261007-f1a36698bb5a4e3c", "free_before_bytes": 87000727552, "manifest_path": "/Users/nima/Documents/Code/FG-Metal/experiments/storage/manifests/step11d3-storage-policy-smoke-20261007-f1a36698bb5a4e3c.json", "project_budget_bytes": 53687091200, "project_usage_before_bytes": 42550861824, "warnings": []}
{"active_lease_marker_removed": true, "bytes_reclaimed": 2303463424, "cleanup_receipt": "/Users/nima/Documents/Code/FG-Metal/experiments/storage/smoke-runs/step11d3-storage-policy-smoke-20261007-f1a36698bb5a4e3c/prefix-cleanup.json", "experiment_id": "step11d3-storage-policy-smoke-20261007-f1a36698bb5a4e3c", "free_space_status": "PASS", "net_free_space_delta_bytes": -2277376, "prefix_created": true, "prefix_deleted": true, "prefix_preserved": false, "receipt_write_error": null, "status": "PASS", "storage_hygiene_status": "PASS"}
{
  "schema_version": 1,
  "experiment_id": "step11d3-storage-policy-smoke-20261007-f1a36698bb5a4e3c",
  "manifest_path": "/Users/nima/Documents/Code/FG-Metal/experiments/storage/manifests/step11d3-storage-policy-smoke-20261007-f1a36698bb5a4e3c.json",
  "manifest_sha256": "0bb13243546cabd8463939df5cd71548992eb77137918c7e7fc2ab22e19d604b",
  "created_at_unix": 1791409283.0541708,
  "preflight_attestation_path": "/Users/nima/Documents/Code/FG-Metal/experiments/storage/smoke-runs/step11d3-storage-policy-smoke-20261007-f1a36698bb5a4e3c/gate0-preflight-attestation.json",
  "preflight_attestation_sha256": "280903a692a31765e30b3515d9e5cb291c9880a5aa7d4b269f9611f09350e89f",
  "smoke_nonce_claim_path": "/Users/nima/Documents/Code/FG-Metal/experiments/storage/smoke-claims/step11d3-storage-policy-smoke-20261007-f1a36698bb5a4e3c.json",
  "smoke_nonce_claim_sha256": "49a4a8abc970dbeac2f3c7a65f80e7d0278002fb06b5d15e6f9aaa50c80de37f",
  "cleanup_receipt": "/Users/nima/Documents/Code/FG-Metal/experiments/storage/smoke-runs/step11d3-storage-policy-smoke-20261007-f1a36698bb5a4e3c/prefix-cleanup.json",
  "cleanup_receipt_sha256": "4faf0d9f190f54357c12c1468a25e6b099ab1b55ca83800f51366bec607fd443",
  "prefix_created": true,
  "prefix_deleted": true,
  "bytes_reclaimed": 2303463424,
  "storage_hygiene_status": "PASS",
  "free_space_status": "PASS",
  "status": "PASS",
  "graphics_experiments_run": false,
  "wine_app_launched": false,
  "system_exit_zero_cleanup_precedence": true,
  "failure_cleanup_test": "PASS",
  "uncertified_prefix_rejection": "PASS",
  "preserved_prefix_policy": "PASS",
  "prefix_state_evidence": {
    "baseline": {
      "known_prefix_count": 2,
      "known_prefix_paths": [
        "/Users/nima/Library/Caches/FGMetal/prefixes/wine-11.17-mvk142-pristine",
        "/Users/nima/Library/Caches/FGMetalStep11D-R/step11d2-diag-60s-07-submit-reclaim-split-prefix"
      ],
      "preserved_prefix_count": 2,
      "preserved_prefix_paths": [
        "/Users/nima/Library/Caches/FGMetal/prefixes/wine-11.17-mvk142-pristine",
        "/Users/nima/Library/Caches/FGMetalStep11D-R/step11d2-diag-60s-07-submit-reclaim-split-prefix"
      ],
      "uncertified_prefix_count": 0,
      "uncertified_prefix_paths": [],
      "active_lease_count": 0,
      "active_leases": [],
      "leased_prefix_exists": false,
      "leased_prefix_is_symlink": false,
      "leased_prefix_device": null,
      "leased_prefix_inode": null,
      "leased_prefix_has_registry": false
    },
    "during": {
      "known_prefix_count": 3,
      "known_prefix_paths": [
        "/Users/nima/Library/Caches/FGMetal/prefixes/storage-smoke-step11d3-storage-policy-smoke-20261007-f1a36698bb5a4e3c",
        "/Users/nima/Library/Caches/FGMetal/prefixes/wine-11.17-mvk142-pristine",
        "/Users/nima/Library/Caches/FGMetalStep11D-R/step11d2-diag-60s-07-submit-reclaim-split-prefix"
      ],
      "preserved_prefix_count": 2,
      "preserved_prefix_paths": [
        "/Users/nima/Library/Caches/FGMetal/prefixes/wine-11.17-mvk142-pristine",
        "/Users/nima/Library/Caches/FGMetalStep11D-R/step11d2-diag-60s-07-submit-reclaim-split-prefix"
      ],
      "uncertified_prefix_count": 0,
      "uncertified_prefix_paths": [],
      "active_lease_count": 1,
      "active_leases": [
        {
          "experiment_id": "step11d3-storage-policy-smoke-20261007-f1a36698bb5a4e3c",
          "state": "MATERIALIZED",
          "prefix_path": "/Users/nima/Library/Caches/FGMetal/prefixes/storage-smoke-step11d3-storage-policy-smoke-20261007-f1a36698bb5a4e3c",
          "marker_path": "/Users/nima/Library/Caches/FGMetal/prefixes/.active-leases/step11d3-storage-policy-smoke-20261007-f1a36698bb5a4e3c.json"
        }
      ],
      "leased_prefix_exists": true,
      "leased_prefix_is_symlink": false,
      "leased_prefix_device": 16777230,
      "leased_prefix_inode": 93646661,
      "leased_prefix_has_registry": true
    },
    "after_cleanup": {
      "known_prefix_count": 2,
      "known_prefix_paths": [
        "/Users/nima/Library/Caches/FGMetal/prefixes/wine-11.17-mvk142-pristine",
        "/Users/nima/Library/Caches/FGMetalStep11D-R/step11d2-diag-60s-07-submit-reclaim-split-prefix"
      ],
      "preserved_prefix_count": 2,
      "preserved_prefix_paths": [
        "/Users/nima/Library/Caches/FGMetal/prefixes/wine-11.17-mvk142-pristine",
        "/Users/nima/Library/Caches/FGMetalStep11D-R/step11d2-diag-60s-07-submit-reclaim-split-prefix"
      ],
      "uncertified_prefix_count": 0,
      "uncertified_prefix_paths": [],
      "active_lease_count": 0,
      "active_leases": [],
      "leased_prefix_exists": false,
      "leased_prefix_is_symlink": false,
      "leased_prefix_device": null,
      "leased_prefix_inode": null,
      "leased_prefix_has_registry": false
    },
    "controlled_command": {
      "command": [
        "/usr/bin/true"
      ],
      "pid": 98159,
      "returncode": 0,
      "started_at_unix": 1791409260.912818,
      "completed_at_unix": 1791409260.917239,
      "managed_by_prefixlease_wait_process": true,
      "wine_app_launched": false,
      "state_before": {
        "known_prefix_count": 3,
        "known_prefix_paths": [
          "/Users/nima/Library/Caches/FGMetal/prefixes/storage-smoke-step11d3-storage-policy-smoke-20261007-f1a36698bb5a4e3c",
          "/Users/nima/Library/Caches/FGMetal/prefixes/wine-11.17-mvk142-pristine",
          "/Users/nima/Library/Caches/FGMetalStep11D-R/step11d2-diag-60s-07-submit-reclaim-split-prefix"
        ],
        "preserved_prefix_count": 2,
        "preserved_prefix_paths": [
          "/Users/nima/Library/Caches/FGMetal/prefixes/wine-11.17-mvk142-pristine",
          "/Users/nima/Library/Caches/FGMetalStep11D-R/step11d2-diag-60s-07-submit-reclaim-split-prefix"
        ],
        "uncertified_prefix_count": 0,
        "uncertified_prefix_paths": [],
        "active_lease_count": 1,
        "active_leases": [
          {
            "experiment_id": "step11d3-storage-policy-smoke-20261007-f1a36698bb5a4e3c",
            "state": "MATERIALIZED",
            "prefix_path": "/Users/nima/Library/Caches/FGMetal/prefixes/storage-smoke-step11d3-storage-policy-smoke-20261007-f1a36698bb5a4e3c",
            "marker_path": "/Users/nima/Library/Caches/FGMetal/prefixes/.active-leases/step11d3-storage-policy-smoke-20261007-f1a36698bb5a4e3c.json"
          }
        ],
        "leased_prefix_exists": true,
        "leased_prefix_is_symlink": false,
        "leased_prefix_device": 16777230,
        "leased_prefix_inode": 93646661,
        "leased_prefix_has_registry": true
      },
      "state_after": {
        "known_prefix_count": 3,
        "known_prefix_paths": [
          "/Users/nima/Library/Caches/FGMetal/prefixes/storage-smoke-step11d3-storage-policy-smoke-20261007-f1a36698bb5a4e3c",
          "/Users/nima/Library/Caches/FGMetal/prefixes/wine-11.17-mvk142-pristine",
          "/Users/nima/Library/Caches/FGMetalStep11D-R/step11d2-diag-60s-07-submit-reclaim-split-prefix"
        ],
        "preserved_prefix_count": 2,
        "preserved_prefix_paths": [
          "/Users/nima/Library/Caches/FGMetal/prefixes/wine-11.17-mvk142-pristine",
          "/Users/nima/Library/Caches/FGMetalStep11D-R/step11d2-diag-60s-07-submit-reclaim-split-prefix"
        ],
        "uncertified_prefix_count": 0,
        "uncertified_prefix_paths": [],
        "active_lease_count": 1,
        "active_leases": [
          {
            "experiment_id": "step11d3-storage-policy-smoke-20261007-f1a36698bb5a4e3c",
            "state": "MATERIALIZED",
            "prefix_path": "/Users/nima/Library/Caches/FGMetal/prefixes/storage-smoke-step11d3-storage-policy-smoke-20261007-f1a36698bb5a4e3c",
            "marker_path": "/Users/nima/Library/Caches/FGMetal/prefixes/.active-leases/step11d3-storage-policy-smoke-20261007-f1a36698bb5a4e3c.json"
          }
        ],
        "leased_prefix_exists": true,
        "leased_prefix_is_symlink": false,
        "leased_prefix_device": 16777230,
        "leased_prefix_inode": 93646661,
        "leased_prefix_has_registry": true
      }
    },
    "exactly_one_temporary_prefix": true,
    "baseline_restored": true
  },
  "synthetic_policy_suite": {
    "status": "PASS",
    "test_file": "/Users/nima/Documents/Code/FG-Metal/experiments/storage/test_storage_policy.py",
    "sha256": "b98b43c885c6cf127ebb68b17d3071d9fd1d0118a1fba02b8f4b3b3d10d095af",
    "test_count": 78,
    "skipped_count": 0,
    "suite_output_sha256": "abb3ddcf0d5af07f7ac251c7a56b70ecfa7b1610f0aee84276c2faa3cc966fef",
    "tests": [
      "test_normal_cleanup_removes_prefix",
      "test_original_failure_still_runs_and_finishes_cleanup",
      "test_system_exit_zero_cannot_hide_cleanup_failure",
      "test_uncertified_prefix_is_rejected",
      "test_preservation_stays_within_configured_cap",
      "test_full_preserved_cap_leaves_uncertified_prefix_for_gate_block"
    ],
    "focused_gate0_checks": {
      "status": "PASS",
      "test_file": "/Users/nima/Documents/Code/FG-Metal/experiments/storage/test_g0c_checks.py",
      "sha256": "16760afa087779de5823e50071a290c51ecff4846763c96d4ebc3070efc129b1",
      "test_count": 15,
      "skipped_count": 0,
      "suite_output_sha256": "fcd40e318edde324aa11b20c4f9681a760f9c850cce38b19286a7777dc413e95",
      "tests": [
        "test_stale_inventory_hash_rejects_admission",
        "test_stale_cleanup_receipt_hash_rejects_admission",
        "test_stale_control_hash_rejects_admission",
        "test_cleanup_cannot_pass_below_gate0_free_or_project_threshold",
        "test_threshold_cleanup_blocks_signed_gate_for_next_admission",
        "test_smoke_evidence_requires_one_active_prefix_and_baseline_return",
        "test_invalid_signed_gate_is_not_rewritten_during_threshold_failure",
        "test_failed_initial_threshold_observation_cannot_be_overwritten_by_later_sample",
        "test_wait_process_timeout_reaps_child_and_reports_timeout",
        "test_unreaped_timeout_marks_lease_unsafe"
      ]
    }
  }
}
