002c:trace:loaddll:build_module Loaded L"C:\\windows\\system32\\wineboot.exe" at 0000000140000000: builtin
002c:trace:loaddll:build_module Loaded L"C:\\windows\\system32\\kernelbase.dll" at 00006FFFFFC00000: builtin
002c:trace:loaddll:build_module Loaded L"C:\\windows\\system32\\kernel32.dll" at 00006FFFFFEC0000: builtin
002c:trace:loaddll:build_module Loaded L"C:\\windows\\system32\\msvcrt.dll" at 00006FFFFFAF0000: builtin
002c:trace:loaddll:build_module Loaded L"C:\\windows\\system32\\ucrtbase.dll" at 00006FFFFF9D0000: builtin
002c:trace:loaddll:build_module Loaded L"C:\\windows\\system32\\sechost.dll" at 00006FFFFFAC0000: builtin
002c:trace:loaddll:build_module Loaded L"C:\\windows\\system32\\advapi32.dll" at 00006FFFFFBB0000: builtin
002c:trace:loaddll:build_module Loaded L"C:\\windows\\system32\\ws2_32.dll" at 00006FFFFF9A0000: builtin
0034:trace:loaddll:build_module Loaded L"C:\\windows\\system32\\winemenubuilder.exe" at 0000000140000000: builtin
0034:trace:loaddll:build_module Loaded L"C:\\windows\\system32\\kernelbase.dll" at 00006FFFFFC00000: builtin
0034:trace:loaddll:build_module Loaded L"C:\\windows\\system32\\kernel32.dll" at 00006FFFFFEC0000: builtin
0034:trace:loaddll:build_module Loaded L"C:\\windows\\system32\\msvcrt.dll" at 00006FFFFFAF0000: builtin
0034:trace:loaddll:build_module Loaded L"C:\\windows\\system32\\ucrtbase.dll" at 00006FFFFF9D0000: builtin
0034:trace:loaddll:build_module Loaded L"C:\\windows\\system32\\sechost.dll" at 00006FFFFFAC0000: builtin
0034:trace:loaddll:build_module Loaded L"C:\\windows\\system32\\advapi32.dll" at 00006FFFFFBB0000: builtin
0034:trace:loaddll:build_module Loaded L"C:\\windows\\system32\\version.dll" at 00006FFFFF5A0000: builtin
003c:trace:loaddll:build_module Loaded L"C:\\windows\\system32\\services.exe" at 0000000140000000: builtin
0034:trace:loaddll:build_module Loaded L"C:\\windows\\system32\\win32u.dll" at 00006FFFFF560000: builtin
0034:trace:loaddll:build_module Loaded L"C:\\windows\\system32\\user32.dll" at 00006FFFFF5B0000: builtin
0034:trace:loaddll:build_module Loaded L"C:\\windows\\system32\\gdi32.dll" at 00006FFFFF780000: builtin
003c:trace:loaddll:build_module Loaded L"C:\\windows\\system32\\kernelbase.dll" at 00006FFFFFC00000: builtin
003c:trace:loaddll:build_module Loaded L"C:\\windows\\system32\\kernel32.dll" at 00006FFFFFEC0000: builtin
003c:trace:loaddll:build_module Loaded L"C:\\windows\\system32\\msvcrt.dll" at 00006FFFFFAF0000: builtin
0034:trace:loaddll:build_module Loaded L"C:\\windows\\system32\\rpcrt4.dll" at 00006FFFFF4D0000: builtin
0034:trace:loaddll:build_module Loaded L"C:\\windows\\system32\\combase.dll" at 00006FFFFF820000: builtin
003c:trace:loaddll:build_module Loaded L"C:\\windows\\system32\\ucrtbase.dll" at 00006FFFFF9D0000: builtin
003c:trace:loaddll:build_module Loaded L"C:\\windows\\system32\\sechost.dll" at 00006FFFFFAC0000: builtin
003c:trace:loaddll:build_module Loaded L"C:\\windows\\system32\\advapi32.dll" at 00006FFFFFBB0000: builtin
0034:trace:loaddll:build_module Loaded L"C:\\windows\\system32\\ole32.dll" at 00006FFFFF870000: builtin
003c:trace:loaddll:build_module Loaded L"C:\\windows\\system32\\rpcrt4.dll" at 00006FFFFF4D0000: builtin
003c:trace:loaddll:build_module Loaded L"C:\\windows\\system32\\version.dll" at 00006FFFFF5A0000: builtin
003c:trace:loaddll:build_module Loaded L"C:\\windows\\system32\\setupapi.dll" at 00006FFFFEAF0000: builtin
003c:trace:loaddll:build_module Loaded L"C:\\windows\\system32\\userenv.dll" at 00006FFFFEA70000: builtin
0034:trace:loaddll:build_module Loaded L"C:\\windows\\system32\\shcore.dll" at 00006FFFFEA50000: builtin
0034:trace:loaddll:build_module Loaded L"C:\\windows\\system32\\shlwapi.dll" at 00006FFFFEA90000: builtin
0034:trace:loaddll:build_module Loaded L"C:\\windows\\system32\\shell32.dll" at 00006FFFFEB80000: builtin
0034:trace:loaddll:build_module Loaded L"C:\\windows\\system32\\oleaut32.dll" at 00006FFFFE740000: builtin
0034:trace:loaddll:build_module Loaded L"C:\\windows\\system32\\propsys.dll" at 00006FFFFE710000: builtin
0034:trace:loaddll:build_module Loaded L"C:\\windows\\system32\\windowscodecs.dll" at 00006FFFFE880000: builtin
0048:trace:loaddll:build_module Loaded L"C:\\windows\\system32\\winedevice.exe" at 0000000140000000: builtin
0048:trace:loaddll:build_module Loaded L"C:\\windows\\system32\\kernelbase.dll" at 00006FFFFFC00000: builtin
0048:trace:loaddll:build_module Loaded L"C:\\windows\\system32\\kernel32.dll" at 00006FFFFFEC0000: builtin
0048:trace:loaddll:build_module Loaded L"C:\\windows\\system32\\msvcrt.dll" at 00006FFFFFAF0000: builtin
0048:trace:loaddll:build_module Loaded L"C:\\windows\\system32\\ucrtbase.dll" at 00006FFFFF9D0000: builtin
0048:trace:loaddll:build_module Loaded L"C:\\windows\\system32\\sechost.dll" at 00006FFFFFAC0000: builtin
0048:trace:loaddll:build_module Loaded L"C:\\windows\\system32\\advapi32.dll" at 00006FFFFFBB0000: builtin
0048:trace:loaddll:build_module Loaded L"C:\\windows\\system32\\ntoskrnl.exe" at 00006FFFFE6B0000: builtin
0048:trace:loaddll:build_module Loaded L"C:\\windows\\system32\\rpcrt4.dll" at 00006FFFFF4D0000: builtin
0054:trace:loaddll:build_module Loaded L"C:\\windows\\system32\\drivers\\mountmgr.sys" at 00006FFFFE690000: builtin
0054:trace:loaddll:build_module Loaded L"C:\\windows\\system32\\version.dll" at 00006FFFFF5A0000: builtin
0054:trace:loaddll:build_module Loaded L"C:\\windows\\system32\\setupapi.dll" at 00006FFFFEAF0000: builtin
0060:trace:loaddll:build_module Loaded L"C:\\windows\\system32\\win32u.dll" at 00006FFFFF560000: builtin
0060:trace:loaddll:build_module Loaded L"C:\\windows\\system32\\gdi32.dll" at 00006FFFFF780000: builtin
0060:trace:loaddll:build_module Loaded L"C:\\windows\\system32\\user32.dll" at 00006FFFFF5B0000: builtin
0060:trace:loaddll:build_module Loaded L"C:\\windows\\system32\\imm32.dll" at 00006FFFFE670000: builtin
0034:trace:loaddll:build_module Loaded L"C:\\windows\\system32\\imm32.dll" at 00006FFFFE670000: builtin
006c:trace:loaddll:build_module Loaded L"C:\\windows\\system32\\winedevice.exe" at 0000000140000000: builtin
006c:trace:loaddll:build_module Loaded L"C:\\windows\\system32\\kernelbase.dll" at 00006FFFFFC00000: builtin
006c:trace:loaddll:build_module Loaded L"C:\\windows\\system32\\kernel32.dll" at 00006FFFFFEC0000: builtin
006c:trace:loaddll:build_module Loaded L"C:\\windows\\system32\\msvcrt.dll" at 00006FFFFFAF0000: builtin
006c:trace:loaddll:build_module Loaded L"C:\\windows\\system32\\ucrtbase.dll" at 00006FFFFF9D0000: builtin
006c:trace:loaddll:build_module Loaded L"C:\\windows\\system32\\sechost.dll" at 00006FFFFFAC0000: builtin
006c:trace:loaddll:build_module Loaded L"C:\\windows\\system32\\advapi32.dll" at 00006FFFFFBB0000: builtin
006c:trace:loaddll:build_module Loaded L"C:\\windows\\system32\\ntoskrnl.exe" at 00006FFFFE6B0000: builtin
0074:trace:loaddll:build_module Loaded L"C:\\windows\\system32\\explorer.exe" at 0000000140000000: builtin
0074:trace:loaddll:build_module Loaded L"C:\\windows\\system32\\kernelbase.dll" at 00006FFFFFC00000: builtin
0074:trace:loaddll:build_module Loaded L"C:\\windows\\system32\\kernel32.dll" at 00006FFFFFEC0000: builtin
0074:trace:loaddll:build_module Loaded L"C:\\windows\\system32\\msvcrt.dll" at 00006FFFFFAF0000: builtin
0074:trace:loaddll:build_module Loaded L"C:\\windows\\system32\\ucrtbase.dll" at 00006FFFFF9D0000: builtin
0074:trace:loaddll:build_module Loaded L"C:\\windows\\system32\\sechost.dll" at 00006FFFFFAC0000: builtin
0074:trace:loaddll:build_module Loaded L"C:\\windows\\system32\\advapi32.dll" at 00006FFFFFBB0000: builtin
0074:trace:loaddll:build_module Loaded L"C:\\windows\\system32\\version.dll" at 00006FFFFF5A0000: builtin
0074:trace:loaddll:build_module Loaded L"C:\\windows\\system32\\win32u.dll" at 00006FFFFF560000: builtin
0074:trace:loaddll:build_module Loaded L"C:\\windows\\system32\\user32.dll" at 00006FFFFF5B0000: builtin
0074:trace:loaddll:build_module Loaded L"C:\\windows\\system32\\gdi32.dll" at 00006FFFFF780000: builtin
0074:trace:loaddll:build_module Loaded L"C:\\windows\\system32\\rpcrt4.dll" at 00006FFFFF4D0000: builtin
006c:trace:loaddll:build_module Loaded L"C:\\windows\\system32\\rpcrt4.dll" at 00006FFFFF4D0000: builtin
007c:trace:loaddll:build_module Loaded L"C:\\windows\\system32\\drivers\\hidparse.sys" at 00006FFFFE640000: builtin
007c:trace:loaddll:build_module Loaded L"C:\\windows\\system32\\drivers\\winebus.sys" at 00006FFFFE660000: builtin
007c:trace:loaddll:build_module Loaded L"C:\\windows\\system32\\version.dll" at 00006FFFFF5A0000: builtin
007c:trace:loaddll:build_module Loaded L"C:\\windows\\system32\\setupapi.dll" at 00006FFFFEAF0000: builtin
0084:fixme:hid:handle_IRP_MN_QUERY_ID Unhandled type 00000005
0084:trace:loaddll:build_module Loaded L"C:\\windows\\system32\\win32u.dll" at 00006FFFFF560000: builtin
0084:trace:loaddll:build_module Loaded L"C:\\windows\\system32\\gdi32.dll" at 00006FFFFF780000: builtin
0084:trace:loaddll:build_module Loaded L"C:\\windows\\system32\\user32.dll" at 00006FFFFF5B0000: builtin
0084:trace:loaddll:build_module Loaded L"C:\\windows\\system32\\drivers\\hidclass.sys" at 00006FFFFE610000: builtin
0084:trace:loaddll:build_module Loaded L"C:\\windows\\system32\\drivers\\winehid.sys" at 00006FFFFE630000: builtin
0074:trace:loaddll:build_module Loaded L"C:\\windows\\system32\\imm32.dll" at 00006FFFFE670000: builtin
0074:trace:loaddll:build_module Loaded L"C:\\windows\\system32\\winemac.drv" at 00006FFFFE5F0000: builtin
0084:trace:loaddll:build_module Loaded L"C:\\windows\\system32\\imm32.dll" at 00006FFFFE670000: builtin
0084:fixme:hid:handle_IRP_MN_QUERY_ID Unhandled type 00000005
0084:fixme:hid:handle_IRP_MN_QUERY_ID Unhandled type 00000005
0084:fixme:hid:handle_IRP_MN_QUERY_ID Unhandled type 00000005
0090:trace:loaddll:build_module Loaded L"C:\\windows\\system32\\plugplay.exe" at 0000000140000000: builtin
0090:trace:loaddll:build_module Loaded L"C:\\windows\\system32\\kernelbase.dll" at 00006FFFFFC00000: builtin
0090:trace:loaddll:build_module Loaded L"C:\\windows\\system32\\kernel32.dll" at 00006FFFFFEC0000: builtin
0090:trace:loaddll:build_module Loaded L"C:\\windows\\system32\\msvcrt.dll" at 00006FFFFFAF0000: builtin
0090:trace:loaddll:build_module Loaded L"C:\\windows\\system32\\ucrtbase.dll" at 00006FFFFF9D0000: builtin
0090:trace:loaddll:build_module Loaded L"C:\\windows\\system32\\sechost.dll" at 00006FFFFFAC0000: builtin
0090:trace:loaddll:build_module Loaded L"C:\\windows\\system32\\advapi32.dll" at 00006FFFFFBB0000: builtin
0090:trace:loaddll:build_module Loaded L"C:\\windows\\system32\\rpcrt4.dll" at 00006FFFFF4D0000: builtin
0090:trace:loaddll:build_module Loaded L"C:\\windows\\system32\\win32u.dll" at 00006FFFFF560000: builtin
0090:trace:loaddll:build_module Loaded L"C:\\windows\\system32\\gdi32.dll" at 00006FFFFF780000: builtin
0090:trace:loaddll:build_module Loaded L"C:\\windows\\system32\\version.dll" at 00006FFFFF5A0000: builtin
0090:trace:loaddll:build_module Loaded L"C:\\windows\\system32\\user32.dll" at 00006FFFFF5B0000: builtin
0074:trace:loaddll:build_module Loaded L"C:\\windows\\system32\\uxtheme.dll" at 00006FFFFE5A0000: builtin
0090:trace:loaddll:build_module Loaded L"C:\\windows\\system32\\imm32.dll" at 00006FFFFE670000: builtin
0074:trace:loaddll:build_module Loaded L"C:\\windows\\system32\\shcore.dll" at 00006FFFFEA50000: builtin
0074:trace:loaddll:build_module Loaded L"C:\\windows\\system32\\shlwapi.dll" at 00006FFFFEA90000: builtin
0074:trace:loaddll:build_module Loaded L"C:\\windows\\system32\\shell32.dll" at 00006FFFFEB80000: builtin
0074:trace:loaddll:build_module Loaded L"C:\\windows\\system32\\combase.dll" at 00006FFFFF820000: builtin
0074:trace:loaddll:build_module Loaded L"C:\\windows\\system32\\ole32.dll" at 00006FFFFF870000: builtin
0074:trace:loaddll:build_module Loaded L"C:\\windows\\system32\\oleaut32.dll" at 00006FFFFE740000: builtin
0074:trace:loaddll:build_module Loaded L"C:\\windows\\system32\\actxprxy.dll" at 00006FFFFE480000: builtin
00b4:trace:loaddll:build_module Loaded L"C:\\windows\\system32\\svchost.exe" at 0000000140000000: builtin
00b4:trace:loaddll:build_module Loaded L"C:\\windows\\system32\\kernelbase.dll" at 00006FFFFFC00000: builtin
00b4:trace:loaddll:build_module Loaded L"C:\\windows\\system32\\kernel32.dll" at 00006FFFFFEC0000: builtin
00b4:trace:loaddll:build_module Loaded L"C:\\windows\\system32\\msvcrt.dll" at 00006FFFFFAF0000: builtin
00b4:trace:loaddll:build_module Loaded L"C:\\windows\\system32\\ucrtbase.dll" at 00006FFFFF9D0000: builtin
00b4:trace:loaddll:build_module Loaded L"C:\\windows\\system32\\sechost.dll" at 00006FFFFFAC0000: builtin
00b4:trace:loaddll:build_module Loaded L"C:\\windows\\system32\\advapi32.dll" at 00006FFFFFBB0000: builtin
00b4:trace:loaddll:build_module Loaded L"C:\\windows\\system32\\wevtsvc.dll" at 00006FFFFE470000: builtin
00b4:trace:loaddll:build_module Loaded L"C:\\windows\\system32\\rpcrt4.dll" at 00006FFFFF4D0000: builtin
0054:trace:loaddll:build_module Loaded L"C:\\windows\\system32\\drivers\\nsiproxy.sys" at 00006FFFFE460000: builtin
0054:trace:loaddll:build_module Loaded L"C:\\windows\\system32\\dnsapi.dll" at 00006FFFFE3E0000: builtin
0054:trace:loaddll:build_module Loaded L"C:\\windows\\system32\\nsi.dll" at 00006FFFFE3D0000: builtin
0054:trace:loaddll:build_module Loaded L"C:\\windows\\system32\\iphlpapi.dll" at 00006FFFFE400000: builtin
0054:trace:loaddll:build_module Loaded L"C:\\windows\\system32\\drivers\\ndis.sys" at 00006FFFFE440000: builtin
002c:trace:loaddll:build_module Loaded L"C:\\windows\\system32\\version.dll" at 00006FFFFF5A0000: builtin
002c:trace:loaddll:build_module Loaded L"C:\\windows\\system32\\win32u.dll" at 00006FFFFF560000: builtin
002c:trace:loaddll:build_module Loaded L"C:\\windows\\system32\\user32.dll" at 00006FFFFF5B0000: builtin
002c:trace:loaddll:build_module Loaded L"C:\\windows\\system32\\gdi32.dll" at 00006FFFFF780000: builtin
002c:trace:loaddll:build_module Loaded L"C:\\windows\\system32\\shcore.dll" at 00006FFFFEA50000: builtin
002c:trace:loaddll:build_module Loaded L"C:\\windows\\system32\\shlwapi.dll" at 00006FFFFEA90000: builtin
002c:trace:loaddll:build_module Loaded L"C:\\windows\\system32\\shell32.dll" at 00006FFFFEB80000: builtin
00e0:trace:loaddll:build_module Loaded L"C:\\windows\\system32\\rpcss.exe" at 0000000140000000: builtin
00e0:trace:loaddll:build_module Loaded L"C:\\windows\\system32\\kernelbase.dll" at 00006FFFFFC00000: builtin
00e0:trace:loaddll:build_module Loaded L"C:\\windows\\system32\\kernel32.dll" at 00006FFFFFEC0000: builtin
00e0:trace:loaddll:build_module Loaded L"C:\\windows\\system32\\msvcrt.dll" at 00006FFFFFAF0000: builtin
00e0:trace:loaddll:build_module Loaded L"C:\\windows\\system32\\ucrtbase.dll" at 00006FFFFF9D0000: builtin
00e0:trace:loaddll:build_module Loaded L"C:\\windows\\system32\\sechost.dll" at 00006FFFFFAC0000: builtin
00e0:trace:loaddll:build_module Loaded L"C:\\windows\\system32\\advapi32.dll" at 00006FFFFFBB0000: builtin
00e0:trace:loaddll:build_module Loaded L"C:\\windows\\system32\\rpcrt4.dll" at 00006FFFFF4D0000: builtin
0034:trace:loaddll:build_module Loaded L"C:\\windows\\system32\\winemac.drv" at 00006FFFFE5F0000: builtin
002c:trace:loaddll:build_module Loaded L"C:\\windows\\system32\\imm32.dll" at 00006FFFFE670000: builtin
002c:trace:loaddll:build_module Loaded L"C:\\windows\\system32\\rpcrt4.dll" at 00006FFFFF4D0000: builtin
002c:trace:loaddll:build_module Loaded L"C:\\windows\\system32\\combase.dll" at 00006FFFFF820000: builtin
002c:trace:loaddll:build_module Loaded L"C:\\windows\\system32\\ole32.dll" at 00006FFFFF870000: builtin
0024:trace:loaddll:build_module Loaded L"Z:\\Users\\<user>\\Documents\\Code\\FG-Metal\\experiments\\dxmt_framegen\\evidence\\step10b2\\crash-fix-copy-completion\\d3d11_clear_window.exe" at 0000000140000000: native
0024:trace:loaddll:build_module Loaded L"C:\\windows\\system32\\kernelbase.dll" at 00006FFFFFC00000: builtin
0024:trace:loaddll:build_module Loaded L"C:\\windows\\system32\\kernel32.dll" at 00006FFFFFEC0000: builtin
0024:trace:loaddll:build_module Loaded L"C:\\windows\\system32\\msvcrt.dll" at 00006FFFFFAF0000: builtin
0024:trace:loaddll:build_module Loaded L"C:\\windows\\system32\\ucrtbase.dll" at 00006FFFFF9D0000: builtin
0024:trace:loaddll:build_module Loaded L"C:\\windows\\system32\\sechost.dll" at 00006FFFFFAC0000: builtin
0024:trace:loaddll:build_module Loaded L"C:\\windows\\system32\\advapi32.dll" at 00006FFFFFBB0000: builtin
0024:trace:loaddll:build_module Loaded L"C:\\windows\\system32\\version.dll" at 00006FFFFF5A0000: builtin
0024:trace:loaddll:build_module Loaded L"C:\\windows\\system32\\win32u.dll" at 00006FFFFF560000: builtin
0024:trace:loaddll:build_module Loaded L"C:\\windows\\system32\\user32.dll" at 00006FFFFF5B0000: builtin
0024:trace:loaddll:build_module Loaded L"C:\\windows\\system32\\GDI32.dll" at 00006FFFFF780000: builtin
0024:trace:loaddll:build_module Loaded L"C:\\windows\\system32\\winemetal.dll" at 00006FFFFF9A0000: builtin
0024:trace:loaddll:build_module Loaded L"C:\\windows\\system32\\DXGI.DLL" at 00006FFFFC7E0000: builtin
0024:trace:loaddll:build_module Loaded L"C:\\windows\\system32\\d3d11.dll" at 00006FFFFD3A0000: builtin
0034:trace:loaddll:build_module Loaded L"C:\\windows\\system32\\uxtheme.dll" at 00006FFFFE5A0000: builtin
0024:trace:loaddll:build_module Loaded L"C:\\windows\\system32\\imm32.dll" at 00006FFFFE670000: builtin
0024:trace:loaddll:build_module Loaded L"C:\\windows\\system32\\winemac.drv" at 00006FFFFE5F0000: builtin
0024:trace:loaddll:build_module Loaded L"C:\\windows\\system32\\uxtheme.dll" at 00006FFFFE5A0000: builtin
0024:trace:loaddll:build_module Loaded L"C:\\windows\\system32\\rpcrt4.dll" at 00006FFFFF4D0000: builtin
0024:trace:loaddll:build_module Loaded L"C:\\windows\\system32\\combase.dll" at 00006FFFFF820000: builtin
0024:trace:loaddll:build_module Loaded L"C:\\windows\\system32\\ole32.dll" at 00006FFFFF870000: builtin
info:  Maximum supported feature level: D3D_FEATURE_LEVEL_11_1
info:  Using feature level D3D_FEATURE_LEVEL_11_0
*** Terminating app due to uncaught exception 'CAMetalLayerInvalidOperation', reason: '-nextDrawable should not be called when using CAMetalDisplayLink.'
*** First throw call stack:
(
	0   CoreFoundation                      0x00007ff8142be9ea __exceptionPreprocess + 241
	1   libobjc.A.dylib                     0x00007ff813d3b44c objc_exception_throw + 62
	2   CoreFoundation                      0x00007ff8142be890 +[NSException exceptionWithName:reason:userInfo:] + 0
	3   QuartzCore                          0x00007ff81eddee84 -[CAMetalLayer nextDrawable] + 100
	4   winemetal.so                        0x00000002110d88d9 _MetalLayer_nextDrawable + 25
	5   ntdll.so                            0x00000002086d9303 __wine_unix_call_dispatcher_prolog_end + 147
)
libc++abi: terminating due to uncaught exception of type NSException
0100:err:seh:call_stack_handlers invalid frame 00000001001FE7C8 (0000000001562000-0000000001660000)
0100:err:seh:NtRaiseException Exception frame is not in stack limits => unable to dispatch exception.
