This file contains any messages produced by compilers while
running configure, to aid debugging if configure makes a mistake.

It was created by Wine configure 11.17, which was
generated by GNU Autoconf 2.73.  Invocation command line was

  $ /private/tmp/fgmetal-wine-11.17-vkmetal-source/wine-11.17/configure --enable-win64 --disable-tests --without-x --without-gstreamer --without-freetype

## --------- ##
## Platform. ##
## --------- ##

hostname = Nimas-MacBook-Air.local
uname -m = arm64
uname -r = 27.0.0
uname -s = Darwin
uname -v = Darwin Kernel Version 27.0.0: Tue Aug 11 21:05:41 PDT 2026; root:xnu-13432.1.9~1/RELEASE_ARM64_T8122

/usr/bin/uname -p = arm
/bin/uname -X     = unknown

/bin/arch              = unknown
/usr/bin/arch -k       = unknown
/usr/convex/getsysinfo = unknown
/usr/bin/hostinfo      = Mach kernel version:
	 Darwin Kernel Version 27.0.0: Tue Aug 11 21:05:41 PDT 2026; root:xnu-13432.1.9~1/RELEASE_ARM64_T8122
Kernel configured for up to 8 processors.
8 processors are physically available.
8 processors are logically available.
Processor type: arm64e (ARM64E)
Processors active: 0 1 2 3 4 5 6 7
Primary memory available: 16.00 gigabytes
Default processor set: 773 tasks, 3790 threads, 8 processors
Load average: 4.27, Mach factor: 3.72
/bin/machine           = unknown
/usr/bin/oslevel       = unknown
/bin/universe          = unknown

PATH: /private/tmp/fgmetal-bison-prefix/bin/
PATH: /opt/homebrew/bin/
PATH: /usr/bin/
PATH: /bin/


## ----------- ##
## Core tests. ##
## ----------- ##

configure:4042: looking for aux files: config.guess config.sub
configure:4055:  trying /private/tmp/fgmetal-wine-11.17-vkmetal-source/wine-11.17/tools/
configure:4084:   /private/tmp/fgmetal-wine-11.17-vkmetal-source/wine-11.17/tools/config.guess found
configure:4084:   /private/tmp/fgmetal-wine-11.17-vkmetal-source/wine-11.17/tools/config.sub found
configure:4627: checking build system type
configure:4643: result: aarch64-apple-darwin27.0.0
configure:4663: checking host system type
configure:4678: result: aarch64-apple-darwin27.0.0
configure:4822: checking for gcc
configure:4855: result: clang -arch x86_64
configure:5214: checking for C compiler version
configure:5223: clang -arch x86_64 --version >&5
Apple clang version 21.0.0 (clang-2100.3.34.2)
Target: x86_64-apple-darwin27.0.0
Thread model: posix
InstalledDir: /Applications/Xcode.app/Contents/Developer/Toolchains/XcodeDefault.xctoolchain/usr/bin
configure:5234: $? = 0
configure:5223: clang -arch x86_64 -v >&5
Apple clang version 21.0.0 (clang-2100.3.34.2)
Target: x86_64-apple-darwin27.0.0
Thread model: posix
InstalledDir: /Applications/Xcode.app/Contents/Developer/Toolchains/XcodeDefault.xctoolchain/usr/bin
configure:5234: $? = 0
configure:5223: clang -arch x86_64 -V >&5
clang: error: argument to '-V' is missing (expected 1 value)
clang: error: no input files
configure:5234: $? = 1
configure:5223: clang -arch x86_64 -qversion >&5
clang: error: unknown argument '-qversion'; did you mean '--version'?
clang: error: no input files
configure:5234: $? = 1
configure:5223: clang -arch x86_64 -version >&5
clang: error: unknown argument '-version'; did you mean '--version'?
clang: error: no input files
configure:5234: $? = 1
configure:5254: checking whether the C compiler works
configure:5276: clang -arch x86_64  -I/Users/nima/Library/Caches/FGMetalStep11C1R/DXVK-MacOS/include/vulkan/include -L/Users/nima/Library/Caches/FGMetalStep11C1R/moltenvk-loader-override conftest.c  >&5
configure:5280: $? = 0
configure:5331: result: yes
configure:5335: checking for C compiler default output file name
configure:5337: result: a.out
configure:5343: checking for suffix of executables
configure:5350: clang -arch x86_64 -o conftest  -I/Users/nima/Library/Caches/FGMetalStep11C1R/DXVK-MacOS/include/vulkan/include -L/Users/nima/Library/Caches/FGMetalStep11C1R/moltenvk-loader-override conftest.c  >&5
configure:5354: $? = 0
configure:5378: result: 
configure:5402: checking whether we are cross compiling
configure:5410: clang -arch x86_64 -o conftest  -I/Users/nima/Library/Caches/FGMetalStep11C1R/DXVK-MacOS/include/vulkan/include -L/Users/nima/Library/Caches/FGMetalStep11C1R/moltenvk-loader-override conftest.c  >&5
configure:5414: $? = 0
configure:5421: ./conftest
configure:5425: $? = 0
configure:5440: result: no
configure:5446: checking for suffix of object files
configure:5469: clang -arch x86_64 -c  -I/Users/nima/Library/Caches/FGMetalStep11C1R/DXVK-MacOS/include/vulkan/include conftest.c >&5
configure:5473: $? = 0
configure:5497: result: o
configure:5501: checking whether the compiler supports GNU C
configure:5521: clang -arch x86_64 -c  -I/Users/nima/Library/Caches/FGMetalStep11C1R/DXVK-MacOS/include/vulkan/include conftest.c >&5
configure:5521: $? = 0
configure:5533: result: yes
configure:5544: checking whether clang -arch x86_64 accepts -g
configure:5565: clang -arch x86_64 -c -g -I/Users/nima/Library/Caches/FGMetalStep11C1R/DXVK-MacOS/include/vulkan/include conftest.c >&5
configure:5565: $? = 0
configure:5612: result: yes
configure:5632: checking for clang -arch x86_64 option to enable C23 features
configure:5647: clang -arch x86_64  -c -g -O2 -I/Users/nima/Library/Caches/FGMetalStep11C1R/DXVK-MacOS/include/vulkan/include conftest.c >&5
conftest.c:14:3: error: "Compiler advertises conformance to C17 or earlier"
   14 | # error "Compiler advertises conformance to C17 or earlier"
      |   ^
conftest.c:18:23: error: expected function body after function declarator
   18 | char alignas (double) c23_aligned_as_double;
      |                       ^
conftest.c:19:15: error: expected parameter declarator
   19 | char alignas (0) c23_no_special_alignment;
      |               ^
conftest.c:19:15: error: expected ')'
conftest.c:19:14: note: to match this '('
   19 | char alignas (0) c23_no_special_alignment;
      |              ^
conftest.c:19:18: error: expected function body after function declarator
   19 | char alignas (0) c23_no_special_alignment;
      |                  ^
conftest.c:21:15: error: expected parameter declarator
   21 | char alignas (0) alignas (int) c23_aligned_as_int;
      |               ^
conftest.c:21:15: error: expected ')'
conftest.c:21:14: note: to match this '('
   21 | char alignas (0) alignas (int) c23_aligned_as_int;
      |              ^
conftest.c:21:18: error: expected function body after function declarator
   21 | char alignas (0) alignas (int) c23_aligned_as_int;
      |                  ^
conftest.c:26:23: error: call to undeclared function 'alignof'; ISO C99 and later do not support implicit function declarations [-Wimplicit-function-declaration]
   26 |   c23_int_alignment = alignof (int),
      |                       ^
conftest.c:26:32: error: expected expression
   26 |   c23_int_alignment = alignof (int),
      |                                ^
conftest.c:27:38: error: expected expression
   27 |   c23_int_array_alignment = alignof (int[100]),
      |                                      ^
conftest.c:28:33: error: expected expression
   28 |   c23_char_alignment = alignof (char)
      |                                 ^
conftest.c:30:16: error: expected parameter declarator
   30 | static_assert (0 < -alignof (int), "alignof is signed");
      |                ^
conftest.c:30:16: error: expected ')'
conftest.c:30:15: note: to match this '('
   30 | static_assert (0 < -alignof (int), "alignof is signed");
      |               ^
conftest.c:30:1: error: type specifier missing, defaults to 'int'; ISO C99 and later do not support implicit int [-Wimplicit-int]
   30 | static_assert (0 < -alignof (int), "alignof is signed");
      | ^
      | int
conftest.c:32:41: warning: omitting the parameter name in a function definition is a C23 extension [-Wc23-extensions]
   32 | int function_with_unnamed_parameter (int) { return 0; }
      |                                         ^
conftest.c:38:1: error: unknown type name 'bool'
   38 | bool use_u8 = (!sizeof u8"\xFF") == (!u8'x');
      | ^
conftest.c:38:39: error: use of undeclared identifier 'u8'
   38 | bool use_u8 = (!sizeof u8"\xFF") == (!u8'x');
      |                                       ^~
conftest.c:40:1: error: unknown type name 'bool'
   40 | bool check_that_bool_works = true | false | !nullptr;
      | ^
conftest.c:40:30: error: use of undeclared identifier 'true'
   40 | bool check_that_bool_works = true | false | !nullptr;
      |                              ^~~~
fatal error: too many errors emitted, stopping now [-ferror-limit=]
1 warning and 20 errors generated.
configure:5647: $? = 1
configure: failed program was:
| /* confdefs.h */
| #define PACKAGE_NAME "Wine"
| #define PACKAGE_TARNAME "wine"
| #define PACKAGE_VERSION "11.17"
| #define PACKAGE_STRING "Wine 11.17"
| #define PACKAGE_BUGREPORT "wine-devel@winehq.org"
| #define PACKAGE_URL "https://www.winehq.org"
| /* end confdefs.h.  */
| 
| /* Does the compiler advertise conformance to C17 or earlier?
|    Although GCC 14 does not do that, even with -std=gnu23,
|    it is close enough, and defines __STDC_VERSION == 202000L.  */
| #if !defined __STDC_VERSION__ || __STDC_VERSION__ <= 201710L
| # error "Compiler advertises conformance to C17 or earlier"
| #endif
| 
| // Check alignas.
| char alignas (double) c23_aligned_as_double;
| char alignas (0) c23_no_special_alignment;
| extern char c23_aligned_as_int;
| char alignas (0) alignas (int) c23_aligned_as_int;
| 
| // Check alignof.
| enum
| {
|   c23_int_alignment = alignof (int),
|   c23_int_array_alignment = alignof (int[100]),
|   c23_char_alignment = alignof (char)
| };
| static_assert (0 < -alignof (int), "alignof is signed");
| 
| int function_with_unnamed_parameter (int) { return 0; }
| 
| void c23_noreturn ();
| 
| /* Test parsing of string and char UTF-8 literals (including hex escapes).
|    The parens pacify GCC 15.  */
| bool use_u8 = (!sizeof u8"\xFF") == (!u8'x');
| 
| bool check_that_bool_works = true | false | !nullptr;
| #if !true
| # error "true does not work in #if"
| #endif
| #if false
| #elifdef __STDC_VERSION__
| #else
| # error "#elifdef does not work"
| #endif
| 
| #ifndef __has_c_attribute
| # error "__has_c_attribute not defined"
| #endif
| 
| #ifndef __has_include
| # error "__has_include not defined"
| #endif
| 
| #define LPAREN() (
| #define FORTY_TWO(x) 42
| #define VA_OPT_TEST(r, x, ...) __VA_OPT__ (FORTY_TWO r x))
| static_assert (VA_OPT_TEST (LPAREN (), 0, <:-) == 42);
| 
| static_assert (0b101010 == 42);
| static_assert (0B101010 == 42);
| static_assert (0xDEAD'BEEF == 3'735'928'559);
| static_assert (0.500'000'000 == 0.5);
| 
| enum unsignedish : unsigned int { uione = 1 };
| static_assert (0 < -uione);
| 
| #include <stddef.h>
| constexpr nullptr_t null_pointer = nullptr;
| 
| static typeof (1 + 1L) two () { return 2; }
| static long int three () { return 3; }
| 
| 
| int
| main (int, char **)
| {
|   int ok = 0;
|   
|   {
|     label_before_declaration:
|       int arr[10] = {};
|       if (arr[0])
|         goto label_before_declaration;
|       if (!arr[0])
|         goto label_at_end_of_block;
|     label_at_end_of_block:
|   }
|   ok |= !null_pointer;
|   ok |= two != three;
| 
|   return ok;
| }
| 
configure:5647: clang -arch x86_64 -std=gnu23 -c -g -O2 -I/Users/nima/Library/Caches/FGMetalStep11C1R/DXVK-MacOS/include/vulkan/include conftest.c >&5
conftest.c:40:46: warning: implicit conversion of nullptr constant to 'bool' [-Wnull-conversion]
   40 | bool check_that_bool_works = true | false | !nullptr;
      |                                             ~^~~~~~~
      |                                              0
conftest.c:92:10: warning: implicit conversion of nullptr constant to 'bool' [-Wnull-conversion]
   92 |   ok |= !null_pointer;
      |         ~^~~~~~~~~~~~
      |          0
2 warnings generated.
configure:5647: $? = 0
configure:5669: result: -std=gnu23
configure:5957: checking for C++ compiler version
configure:5966: clang++ -arch x86_64 --version >&5
Apple clang version 21.0.0 (clang-2100.3.34.2)
Target: x86_64-apple-darwin27.0.0
Thread model: posix
InstalledDir: /Applications/Xcode.app/Contents/Developer/Toolchains/XcodeDefault.xctoolchain/usr/bin
configure:5977: $? = 0
configure:5966: clang++ -arch x86_64 -v >&5
Apple clang version 21.0.0 (clang-2100.3.34.2)
Target: x86_64-apple-darwin27.0.0
Thread model: posix
InstalledDir: /Applications/Xcode.app/Contents/Developer/Toolchains/XcodeDefault.xctoolchain/usr/bin
configure:5977: $? = 0
configure:5966: clang++ -arch x86_64 -V >&5
clang++: error: argument to '-V' is missing (expected 1 value)
clang++: error: no input files
configure:5977: $? = 1
configure:5966: clang++ -arch x86_64 -qversion >&5
clang++: error: unknown argument '-qversion'; did you mean '--version'?
clang++: error: no input files
configure:5977: $? = 1
configure:5981: checking whether the compiler supports GNU C++
configure:6001: clang++ -arch x86_64 -c  -I/Users/nima/Library/Caches/FGMetalStep11C1R/DXVK-MacOS/include/vulkan/include conftest.cpp >&5
configure:6001: $? = 0
configure:6013: result: yes
configure:6024: checking whether clang++ -arch x86_64 accepts -g
configure:6045: clang++ -arch x86_64 -c -g -I/Users/nima/Library/Caches/FGMetalStep11C1R/DXVK-MacOS/include/vulkan/include conftest.cpp >&5
configure:6045: $? = 0
configure:6092: result: yes
configure:6164: checking for cpp
configure:6185: found /usr/bin/cpp
configure:6197: result: cpp
configure:6271: checking for ld
configure:6292: found /usr/bin/ld
configure:6304: result: ld
configure:6494: checking for the directory containing the Wine tools
configure:6512: result: none needed
configure:6530: checking for flex
configure:6551: found /usr/bin/flex
configure:6563: result: flex
configure:6579: checking whether flex is recent enough
configure:6599: result: yes
configure:6607: checking for bison
configure:6628: found /private/tmp/fgmetal-bison-prefix/bin/bison
configure:6640: result: bison
configure:6656: checking whether bison is recent enough
configure:6675: result: yes
configure:6728: checking for strip
configure:6749: found /usr/bin/strip
configure:6761: result: strip
configure:6783: checking whether ln -s works
configure:6787: result: yes
configure:6798: checking for pkg-config
configure:6819: found /opt/homebrew/bin/pkg-config
configure:6831: result: pkg-config
configure:7171: checking for msgfmt
configure:7192: found /opt/homebrew/bin/msgfmt
configure:7204: result: msgfmt
configure:7218: checking whether msgfmt supports contexts
configure:7238: result: yes
configure:7339: checking for aarch64-w64-mingw32-clang
configure:7375: result: no
configure:7339: checking for aarch64-w64-mingw32-gcc
configure:7375: result: no
configure:7339: checking for clang
configure:7360: found /usr/bin/clang
configure:7372: result: clang
configure:7664: checking whether clang supports -target aarch64-windows -fuse-ld=lld -Wl,-subsystem:console -Wl,-WX --no-default-config
configure:7683: clang -o conftest.exe -g -O2 -nostdlib -nodefaultlibs -target aarch64-windows -fuse-ld=lld -Wl,-subsystem:console -Wl,-WX --no-default-config   conftest.c  >&5
clang: error: unable to execute command: posix_spawn failed: No such file or directory
clang: error: linker command failed with exit code 1 (use -v to see invocation)
configure:7683: $? = 1
configure: failed program was:
| /* confdefs.h */
| #define PACKAGE_NAME "Wine"
| #define PACKAGE_TARNAME "wine"
| #define PACKAGE_VERSION "11.17"
| #define PACKAGE_STRING "Wine 11.17"
| #define PACKAGE_BUGREPORT "wine-devel@winehq.org"
| #define PACKAGE_URL "https://www.winehq.org"
| #define EXEEXT ""
| /* end confdefs.h.  */
| void *__os_arm64x_dispatch_ret = 0;
| const unsigned int _load_config_used[0x50] = { sizeof(_load_config_used) };
| #if defined(__clang_major__) && defined(MIN_CLANG_VERSION) && __clang_major__ < MIN_CLANG_VERSION
| #error Too old clang version
| #endif
| int __cdecl mainCRTStartup(void) { return 0; }
configure:7697: result: no
configure:7705: checking whether clang supports -target aarch64-windows -fuse-ld=lld -Wl,-subsystem:console -Wl,-WX
configure:7724: clang -o conftest.exe -g -O2 -nostdlib -nodefaultlibs -target aarch64-windows -fuse-ld=lld -Wl,-subsystem:console -Wl,-WX   conftest.c  >&5
clang: error: unable to execute command: posix_spawn failed: No such file or directory
clang: error: linker command failed with exit code 1 (use -v to see invocation)
configure:7724: $? = 1
configure: failed program was:
| /* confdefs.h */
| #define PACKAGE_NAME "Wine"
| #define PACKAGE_TARNAME "wine"
| #define PACKAGE_VERSION "11.17"
| #define PACKAGE_STRING "Wine 11.17"
| #define PACKAGE_BUGREPORT "wine-devel@winehq.org"
| #define PACKAGE_URL "https://www.winehq.org"
| #define EXEEXT ""
| /* end confdefs.h.  */
| void *__os_arm64x_dispatch_ret = 0;
| const unsigned int _load_config_used[0x50] = { sizeof(_load_config_used) };
| #if defined(__clang_major__) && defined(MIN_CLANG_VERSION) && __clang_major__ < MIN_CLANG_VERSION
| #error Too old clang version
| #endif
| int __cdecl mainCRTStartup(void) { return 0; }
configure:7738: result: no
configure:7760: checking whether clang works
configure:7777: clang -c -g -O2  conftest.c >&5
configure:7777: $? = 0
configure:7788: result: yes
configure:7805: error: aarch64 PE compiler not found.
Please install mingw-w64, clang/llvm-dlltool/lld, or llvm-mingw.

## ---------------- ##
## Cache variables. ##
## ---------------- ##

ac_cv_aarch64_cflags__target_aarch64_windows__fuse_ld_lld__Wl__subsystem_console__Wl__WX=no
ac_cv_aarch64_cflags__target_aarch64_windows__fuse_ld_lld__Wl__subsystem_console__Wl__WX___no_default_config=no
ac_cv_build=aarch64-apple-darwin27.0.0
ac_cv_c_compiler_gnu=yes
ac_cv_cxx_compiler_gnu=yes
ac_cv_env_ALSA_CFLAGS_set=
ac_cv_env_ALSA_CFLAGS_value=
ac_cv_env_ALSA_LIBS_set=
ac_cv_env_ALSA_LIBS_value=
ac_cv_env_CAPI20_CFLAGS_set=
ac_cv_env_CAPI20_CFLAGS_value=
ac_cv_env_CAPI20_LIBS_set=
ac_cv_env_CAPI20_LIBS_value=
ac_cv_env_CAPSTONE_PE_CFLAGS_set=
ac_cv_env_CAPSTONE_PE_CFLAGS_value=
ac_cv_env_CAPSTONE_PE_LIBS_set=
ac_cv_env_CAPSTONE_PE_LIBS_value=
ac_cv_env_CCC_set=
ac_cv_env_CCC_value=
ac_cv_env_CC_set=set
ac_cv_env_CC_value='clang -arch x86_64'
ac_cv_env_CFLAGS_set=
ac_cv_env_CFLAGS_value=
ac_cv_env_CPPFLAGS_set=set
ac_cv_env_CPPFLAGS_value=-I/Users/nima/Library/Caches/FGMetalStep11C1R/DXVK-MacOS/include/vulkan/include
ac_cv_env_CPP_set=
ac_cv_env_CPP_value=
ac_cv_env_CUPS_CFLAGS_set=
ac_cv_env_CUPS_CFLAGS_value=
ac_cv_env_CUPS_LIBS_set=
ac_cv_env_CUPS_LIBS_value=
ac_cv_env_CXXABI_PE_CFLAGS_set=
ac_cv_env_CXXABI_PE_CFLAGS_value=
ac_cv_env_CXXABI_PE_LIBS_set=
ac_cv_env_CXXABI_PE_LIBS_value=
ac_cv_env_CXXFLAGS_set=
ac_cv_env_CXXFLAGS_value=
ac_cv_env_CXX_PE_CFLAGS_set=
ac_cv_env_CXX_PE_CFLAGS_value=
ac_cv_env_CXX_PE_LIBS_set=
ac_cv_env_CXX_PE_LIBS_value=
ac_cv_env_CXX_set=set
ac_cv_env_CXX_value='clang++ -arch x86_64'
ac_cv_env_DBUS_CFLAGS_set=
ac_cv_env_DBUS_CFLAGS_value=
ac_cv_env_DBUS_LIBS_set=
ac_cv_env_DBUS_LIBS_value=
ac_cv_env_EGL_CFLAGS_set=
ac_cv_env_EGL_CFLAGS_value=
ac_cv_env_EGL_LIBS_set=
ac_cv_env_EGL_LIBS_value=
ac_cv_env_FAUDIO_PE_CFLAGS_set=
ac_cv_env_FAUDIO_PE_CFLAGS_value=
ac_cv_env_FAUDIO_PE_LIBS_set=
ac_cv_env_FAUDIO_PE_LIBS_value=
ac_cv_env_FFMPEG_CFLAGS_set=
ac_cv_env_FFMPEG_CFLAGS_value=
ac_cv_env_FFMPEG_LIBS_set=
ac_cv_env_FFMPEG_LIBS_value=
ac_cv_env_FFMPEG_PE_CFLAGS_set=
ac_cv_env_FFMPEG_PE_CFLAGS_value=
ac_cv_env_FFMPEG_PE_LIBS_set=
ac_cv_env_FFMPEG_PE_LIBS_value=
ac_cv_env_FLUIDSYNTH_PE_CFLAGS_set=
ac_cv_env_FLUIDSYNTH_PE_CFLAGS_value=
ac_cv_env_FLUIDSYNTH_PE_LIBS_set=
ac_cv_env_FLUIDSYNTH_PE_LIBS_value=
ac_cv_env_FONTCONFIG_CFLAGS_set=
ac_cv_env_FONTCONFIG_CFLAGS_value=
ac_cv_env_FONTCONFIG_LIBS_set=
ac_cv_env_FONTCONFIG_LIBS_value=
ac_cv_env_FREETYPE_CFLAGS_set=
ac_cv_env_FREETYPE_CFLAGS_value=
ac_cv_env_FREETYPE_LIBS_set=
ac_cv_env_FREETYPE_LIBS_value=
ac_cv_env_GNUTLS_CFLAGS_set=
ac_cv_env_GNUTLS_CFLAGS_value=
ac_cv_env_GNUTLS_LIBS_set=
ac_cv_env_GNUTLS_LIBS_value=
ac_cv_env_GPHOTO2_CFLAGS_set=
ac_cv_env_GPHOTO2_CFLAGS_value=
ac_cv_env_GPHOTO2_LIBS_set=
ac_cv_env_GPHOTO2_LIBS_value=
ac_cv_env_GPHOTO2_PORT_CFLAGS_set=
ac_cv_env_GPHOTO2_PORT_CFLAGS_value=
ac_cv_env_GPHOTO2_PORT_LIBS_set=
ac_cv_env_GPHOTO2_PORT_LIBS_value=
ac_cv_env_GSM_PE_CFLAGS_set=
ac_cv_env_GSM_PE_CFLAGS_value=
ac_cv_env_GSM_PE_LIBS_set=
ac_cv_env_GSM_PE_LIBS_value=
ac_cv_env_GSSAPI_CFLAGS_set=
ac_cv_env_GSSAPI_CFLAGS_value=
ac_cv_env_GSSAPI_LIBS_set=
ac_cv_env_GSSAPI_LIBS_value=
ac_cv_env_GSTREAMER_CFLAGS_set=
ac_cv_env_GSTREAMER_CFLAGS_value=
ac_cv_env_GSTREAMER_LIBS_set=
ac_cv_env_GSTREAMER_LIBS_value=
ac_cv_env_HWLOC_CFLAGS_set=
ac_cv_env_HWLOC_CFLAGS_value=
ac_cv_env_HWLOC_LIBS_set=
ac_cv_env_HWLOC_LIBS_value=
ac_cv_env_ICUCOMMON_PE_CFLAGS_set=
ac_cv_env_ICUCOMMON_PE_CFLAGS_value=
ac_cv_env_ICUCOMMON_PE_LIBS_set=
ac_cv_env_ICUCOMMON_PE_LIBS_value=
ac_cv_env_ICUI18N_PE_CFLAGS_set=
ac_cv_env_ICUI18N_PE_CFLAGS_value=
ac_cv_env_ICUI18N_PE_LIBS_set=
ac_cv_env_ICUI18N_PE_LIBS_value=
ac_cv_env_INOTIFY_CFLAGS_set=
ac_cv_env_INOTIFY_CFLAGS_value=
ac_cv_env_INOTIFY_LIBS_set=
ac_cv_env_INOTIFY_LIBS_value=
ac_cv_env_JPEG_PE_CFLAGS_set=
ac_cv_env_JPEG_PE_CFLAGS_value=
ac_cv_env_JPEG_PE_LIBS_set=
ac_cv_env_JPEG_PE_LIBS_value=
ac_cv_env_JXR_PE_CFLAGS_set=
ac_cv_env_JXR_PE_CFLAGS_value=
ac_cv_env_JXR_PE_LIBS_set=
ac_cv_env_JXR_PE_LIBS_value=
ac_cv_env_KRB5_CFLAGS_set=
ac_cv_env_KRB5_CFLAGS_value=
ac_cv_env_KRB5_LIBS_set=
ac_cv_env_KRB5_LIBS_value=
ac_cv_env_LCMS2_PE_CFLAGS_set=
ac_cv_env_LCMS2_PE_CFLAGS_value=
ac_cv_env_LCMS2_PE_LIBS_set=
ac_cv_env_LCMS2_PE_LIBS_value=
ac_cv_env_LDAP_PE_CFLAGS_set=
ac_cv_env_LDAP_PE_CFLAGS_value=
ac_cv_env_LDAP_PE_LIBS_set=
ac_cv_env_LDAP_PE_LIBS_value=
ac_cv_env_LDFLAGS_set=set
ac_cv_env_LDFLAGS_value=-L/Users/nima/Library/Caches/FGMetalStep11C1R/moltenvk-loader-override
ac_cv_env_LIBS_set=
ac_cv_env_LIBS_value=
ac_cv_env_MPG123_PE_CFLAGS_set=
ac_cv_env_MPG123_PE_CFLAGS_value=
ac_cv_env_MPG123_PE_LIBS_set=
ac_cv_env_MPG123_PE_LIBS_value=
ac_cv_env_MUSL_PE_CFLAGS_set=
ac_cv_env_MUSL_PE_CFLAGS_value=
ac_cv_env_MUSL_PE_LIBS_set=
ac_cv_env_MUSL_PE_LIBS_value=
ac_cv_env_NETAPI_CFLAGS_set=
ac_cv_env_NETAPI_CFLAGS_value=
ac_cv_env_NETAPI_LIBS_set=
ac_cv_env_NETAPI_LIBS_value=
ac_cv_env_OPENCL_CFLAGS_set=
ac_cv_env_OPENCL_CFLAGS_value=
ac_cv_env_OPENCL_LIBS_set=
ac_cv_env_OPENCL_LIBS_value=
ac_cv_env_PCAP_CFLAGS_set=
ac_cv_env_PCAP_CFLAGS_value=
ac_cv_env_PCAP_LIBS_set=
ac_cv_env_PCAP_LIBS_value=
ac_cv_env_PCSCLITE_CFLAGS_set=
ac_cv_env_PCSCLITE_CFLAGS_value=
ac_cv_env_PCSCLITE_LIBS_set=
ac_cv_env_PCSCLITE_LIBS_value=
ac_cv_env_PNG_PE_CFLAGS_set=
ac_cv_env_PNG_PE_CFLAGS_value=
ac_cv_env_PNG_PE_LIBS_set=
ac_cv_env_PNG_PE_LIBS_value=
ac_cv_env_PULSE_CFLAGS_set=
ac_cv_env_PULSE_CFLAGS_value=
ac_cv_env_PULSE_LIBS_set=
ac_cv_env_PULSE_LIBS_value=
ac_cv_env_SANE_CFLAGS_set=
ac_cv_env_SANE_CFLAGS_value=
ac_cv_env_SANE_LIBS_set=
ac_cv_env_SANE_LIBS_value=
ac_cv_env_SDL2_CFLAGS_set=
ac_cv_env_SDL2_CFLAGS_value=
ac_cv_env_SDL2_LIBS_set=
ac_cv_env_SDL2_LIBS_value=
ac_cv_env_SQLITE3_PE_CFLAGS_set=
ac_cv_env_SQLITE3_PE_CFLAGS_value=
ac_cv_env_SQLITE3_PE_LIBS_set=
ac_cv_env_SQLITE3_PE_LIBS_value=
ac_cv_env_SYMCRYPT_PE_CFLAGS_set=
ac_cv_env_SYMCRYPT_PE_CFLAGS_value=
ac_cv_env_SYMCRYPT_PE_LIBS_set=
ac_cv_env_SYMCRYPT_PE_LIBS_value=
ac_cv_env_TIFF_PE_CFLAGS_set=
ac_cv_env_TIFF_PE_CFLAGS_value=
ac_cv_env_TIFF_PE_LIBS_set=
ac_cv_env_TIFF_PE_LIBS_value=
ac_cv_env_UDEV_CFLAGS_set=
ac_cv_env_UDEV_CFLAGS_value=
ac_cv_env_UDEV_LIBS_set=
ac_cv_env_UDEV_LIBS_value=
ac_cv_env_UNWIND_PE_CFLAGS_set=
ac_cv_env_UNWIND_PE_CFLAGS_value=
ac_cv_env_UNWIND_PE_LIBS_set=
ac_cv_env_UNWIND_PE_LIBS_value=
ac_cv_env_USB_CFLAGS_set=
ac_cv_env_USB_CFLAGS_value=
ac_cv_env_USB_LIBS_set=
ac_cv_env_USB_LIBS_value=
ac_cv_env_VA_CFLAGS_set=
ac_cv_env_VA_CFLAGS_value=
ac_cv_env_VA_LIBS_set=
ac_cv_env_VA_LIBS_value=
ac_cv_env_VKD3D_PE_CFLAGS_set=
ac_cv_env_VKD3D_PE_CFLAGS_value=
ac_cv_env_VKD3D_PE_LIBS_set=
ac_cv_env_VKD3D_PE_LIBS_value=
ac_cv_env_WAYLAND_CLIENT_CFLAGS_set=
ac_cv_env_WAYLAND_CLIENT_CFLAGS_value=
ac_cv_env_WAYLAND_CLIENT_LIBS_set=
ac_cv_env_WAYLAND_CLIENT_LIBS_value=
ac_cv_env_WAYLAND_EGL_CFLAGS_set=
ac_cv_env_WAYLAND_EGL_CFLAGS_value=
ac_cv_env_WAYLAND_EGL_LIBS_set=
ac_cv_env_WAYLAND_EGL_LIBS_value=
ac_cv_env_XKBCOMMON_CFLAGS_set=
ac_cv_env_XKBCOMMON_CFLAGS_value=
ac_cv_env_XKBCOMMON_LIBS_set=
ac_cv_env_XKBCOMMON_LIBS_value=
ac_cv_env_XKBREGISTRY_CFLAGS_set=
ac_cv_env_XKBREGISTRY_CFLAGS_value=
ac_cv_env_XKBREGISTRY_LIBS_set=
ac_cv_env_XKBREGISTRY_LIBS_value=
ac_cv_env_XMKMF_set=
ac_cv_env_XMKMF_value=
ac_cv_env_XML2_PE_CFLAGS_set=
ac_cv_env_XML2_PE_CFLAGS_value=
ac_cv_env_XML2_PE_LIBS_set=
ac_cv_env_XML2_PE_LIBS_value=
ac_cv_env_XSLT_PE_CFLAGS_set=
ac_cv_env_XSLT_PE_CFLAGS_value=
ac_cv_env_XSLT_PE_LIBS_set=
ac_cv_env_XSLT_PE_LIBS_value=
ac_cv_env_ZLIB_PE_CFLAGS_set=
ac_cv_env_ZLIB_PE_CFLAGS_value=
ac_cv_env_ZLIB_PE_LIBS_set=
ac_cv_env_ZLIB_PE_LIBS_value=
ac_cv_env_build_alias_set=
ac_cv_env_build_alias_value=
ac_cv_env_host_alias_set=
ac_cv_env_host_alias_value=
ac_cv_env_target_alias_set=
ac_cv_env_target_alias_value=
ac_cv_host=aarch64-apple-darwin27.0.0
ac_cv_objext=o
ac_cv_prog_BISON=bison
ac_cv_prog_FLEX=flex
ac_cv_prog_MSGFMT=msgfmt
ac_cv_prog_PKG_CONFIG=pkg-config
ac_cv_prog_aarch64_CC=clang
ac_cv_prog_ac_ct_CC='clang -arch x86_64'
ac_cv_prog_ac_ct_CPPBIN=cpp
ac_cv_prog_ac_ct_LD=ld
ac_cv_prog_ac_ct_STRIP=strip
ac_cv_prog_cc_c23=-std=gnu23
ac_cv_prog_cc_g=yes
ac_cv_prog_cc_stdc=-std=gnu23
ac_cv_prog_cxx_g=yes
as_wine_cv_crosscc=wine_cv_aarch64_crosscc
wine_cv_aarch64_crosscc=yes
wine_cv_msgfmt_contexts=yes
wine_cv_recent_bison=yes
wine_cv_recent_flex=yes

## ----------------- ##
## Output variables. ##
## ----------------- ##

ALSA_CFLAGS=''
ALSA_LIBS=''
ANDROID_HOME=''
APPKIT_LIBS=''
APPLICATIONSERVICES_LIBS=''
BISON='bison'
CAPI20_CFLAGS=''
CAPI20_LIBS=''
CAPSTONE_PE_CFLAGS=''
CAPSTONE_PE_LIBS=''
CC='clang'
CFLAGS='-g -O2'
CONFIGURE_TARGETS=''
CONVERT=''
COREAUDIO_LIBS=''
COREFOUNDATION_LIBS=''
CORESERVICES_LIBS=''
CORETEXT_LIBS=''
CPP=''
CPPBIN='cpp'
CPPFLAGS=''
CUPS_CFLAGS=''
CUPS_LIBS=''
CXX='clang'
CXXABI_PE_CFLAGS=''
CXXABI_PE_LIBS=''
CXXFLAGS='-g -O2'
CXX_PE_CFLAGS=''
CXX_PE_LIBS=''
DBUS_CFLAGS=''
DBUS_LIBS=''
DEFS=''
DISABLED_SUBDIRS=''
DISKARBITRATION_LIBS=''
DLLEXT=''
DLLFLAGS=''
ECHO_C='\c'
ECHO_N=''
ECHO_T=''
EGL_CFLAGS=''
EGL_LIBS=''
EXEEXT=''
EXTERNAL_SUBDIRS=''
EXTRACFLAGS=''
FAUDIO_PE_CFLAGS=''
FAUDIO_PE_LIBS=''
FFMPEG_CFLAGS=''
FFMPEG_LIBS=''
FFMPEG_PE_CFLAGS=''
FFMPEG_PE_LIBS=''
FLEX='flex'
FLUIDSYNTH_PE_CFLAGS=''
FLUIDSYNTH_PE_LIBS=''
FONTCONFIG_CFLAGS=''
FONTCONFIG_LIBS=''
FONTFORGE=''
FREETYPE_CFLAGS=''
FREETYPE_LIBS=''
GETTEXTPO_LIBS=''
GNUTLS_CFLAGS=''
GNUTLS_LIBS=''
GPHOTO2_CFLAGS=''
GPHOTO2_LIBS=''
GPHOTO2_PORT_CFLAGS=''
GPHOTO2_PORT_LIBS=''
GRADLE=''
GSM_PE_CFLAGS=''
GSM_PE_LIBS=''
GSSAPI_CFLAGS=''
GSSAPI_LIBS=''
GSTREAMER_CFLAGS=''
GSTREAMER_LIBS=''
HOST_ARCH='aarch64'
HWLOC_CFLAGS=''
HWLOC_LIBS=''
I386_LIBS=''
ICOTOOL=''
ICUCOMMON_PE_CFLAGS=''
ICUCOMMON_PE_LIBS=''
ICUI18N_PE_CFLAGS=''
ICUI18N_PE_LIBS=''
INOTIFY_CFLAGS=''
INOTIFY_LIBS=''
IOKIT_LIBS=''
JPEG_PE_CFLAGS=''
JPEG_PE_LIBS=''
JXR_PE_CFLAGS=''
JXR_PE_LIBS=''
KRB5_CFLAGS=''
KRB5_LIBS=''
LCMS2_PE_CFLAGS=''
LCMS2_PE_LIBS=''
LD='ld'
LDAP_PE_CFLAGS=''
LDAP_PE_LIBS=''
LDD=''
LDDLLFLAGS=''
LDEXECFLAGS=''
LDFLAGS=''
LIBOBJS=''
LIBS=''
LN_S='ln -s'
LTLIBOBJS=''
MINGW_PKG_CONFIG=''
MPG123_PE_CFLAGS=''
MPG123_PE_LIBS=''
MSGFMT='msgfmt'
MSVCRTFLAGS=''
MUSL_PE_CFLAGS=''
MUSL_PE_LIBS=''
NASM=''
NETAPI_CFLAGS=''
NETAPI_LIBS=''
OBJEXT='o'
OPENCL_CFLAGS=''
OPENCL_LIBS=''
OPENGL_LIBS=''
OSS4_CFLAGS=''
OSS4_LIBS=''
OTOOL=''
PACKAGE_BUGREPORT='wine-devel@winehq.org'
PACKAGE_NAME='Wine'
PACKAGE_STRING='Wine 11.17'
PACKAGE_TARNAME='wine'
PACKAGE_URL='https://www.winehq.org'
PACKAGE_VERSION='11.17'
PATH_SEPARATOR=':'
PCAP_CFLAGS=''
PCAP_LIBS=''
PCSCLITE_CFLAGS=''
PCSCLITE_LIBS=''
PE_ARCHS=''
PKG_CONFIG='pkg-config'
PNG_PE_CFLAGS=''
PNG_PE_LIBS=''
PROCSTAT_LIBS=''
PTHREAD_LIBS=''
PULSE_CFLAGS=''
PULSE_LIBS=''
READELF=''
RESOLV_LIBS=''
RSVG=''
RT_LIBS=''
RUNTESTFLAGS='-q -P wine'
SANE_CFLAGS=''
SANE_LIBS=''
SARIF_CONVERTER=''
SDL2_CFLAGS=''
SDL2_LIBS=''
SECURITY_LIBS=''
SED_CMD='LC_ALL=C sed -e '\''s,@bindir@,${bindir},g'\'' -e '\''s,@PACKAGE_STRING@,Wine 11.17,g'\'' -e '\''s,@PACKAGE_VERSION@,11.17,g'\'''
SHELL='/bin/sh'
SQLITE3_PE_CFLAGS=''
SQLITE3_PE_LIBS=''
STRIP='strip'
SUBDIRS=''
SYMCRYPT_PE_CFLAGS=''
SYMCRYPT_PE_LIBS=''
SYSTEMCONFIGURATION_LIBS=''
TAGSFLAGS=''
TARGETFLAGS=''
TIFF_PE_CFLAGS=''
TIFF_PE_LIBS=''
TOP_INSTALL_DEV=''
TOP_INSTALL_LIB=''
UDEV_CFLAGS=''
UDEV_LIBS=''
UNIXDLLFLAGS=''
UNIXLDFLAGS=''
UNWIND_PE_CFLAGS=''
UNWIND_PE_LIBS=''
USB_CFLAGS=''
USB_LIBS=''
VA_CFLAGS=''
VA_LIBS=''
VKD3D_PE_CFLAGS=''
VKD3D_PE_LIBS=''
WAYLAND_CLIENT_CFLAGS=''
WAYLAND_CLIENT_LIBS=''
WAYLAND_EGL_CFLAGS=''
WAYLAND_EGL_LIBS=''
WAYLAND_SCANNER=''
WINELOADER_DEPENDS=''
WINELOADER_LDFLAGS=''
WINELOADER_PROGRAMS=''
WINEPRELOADER_LDFLAGS=''
XKBCOMMON_CFLAGS=''
XKBCOMMON_LIBS=''
XKBREGISTRY_CFLAGS=''
XKBREGISTRY_LIBS=''
XMKMF=''
XML2_PE_CFLAGS=''
XML2_PE_LIBS=''
XSLT_PE_CFLAGS=''
XSLT_PE_LIBS=''
X_CFLAGS=''
X_LIBS=''
ZLIB_PE_CFLAGS=''
ZLIB_PE_LIBS=''
aarch64_CC='clang'
aarch64_CFLAGS='-g -O2'
aarch64_CXX='clang'
aarch64_CXXFLAGS='-g -O2'
aarch64_DEBUG=''
aarch64_DELAYLOADFLAG=''
aarch64_DISABLED_SUBDIRS=''
aarch64_EXTRACFLAGS='-D__WINE_PE_BUILD -Wall'
aarch64_EXTRACXXFLAGS=''
aarch64_LDFLAGS=''
aarch64_STRIP=''
aarch64_TARGET=''
ac_ct_CC='clang -arch x86_64'
ac_ct_CXX=''
arm64ec_CC=''
arm64ec_CFLAGS=''
arm64ec_CXX=''
arm64ec_CXXFLAGS=''
arm64ec_DEBUG=''
arm64ec_DELAYLOADFLAG=''
arm64ec_DISABLED_SUBDIRS=''
arm64ec_EXTRACFLAGS=''
arm64ec_EXTRACXXFLAGS=''
arm64ec_LDFLAGS=''
arm64ec_STRIP=''
arm64ec_TARGET=''
arm_CC=''
arm_CFLAGS=''
arm_CXX=''
arm_CXXFLAGS=''
arm_DEBUG=''
arm_DELAYLOADFLAG=''
arm_DISABLED_SUBDIRS=''
arm_EXTRACFLAGS=''
arm_EXTRACXXFLAGS=''
arm_LDFLAGS=''
arm_STRIP=''
arm_TARGET=''
bindir='${exec_prefix}/bin'
build='aarch64-apple-darwin27.0.0'
build_alias=''
build_cpu='aarch64'
build_os='darwin27.0.0'
build_vendor='apple'
datadir='${datarootdir}'
datarootdir='${prefix}/share'
docdir='${datarootdir}/doc/${PACKAGE_TARNAME}'
dvidir='${docdir}'
exec_prefix='NONE'
host='aarch64-apple-darwin27.0.0'
host_alias=''
host_cpu='aarch64'
host_os='darwin27.0.0'
host_vendor='apple'
htmldir='${docdir}'
i386_CC=''
i386_CFLAGS=''
i386_CXX=''
i386_CXXFLAGS=''
i386_DEBUG=''
i386_DELAYLOADFLAG=''
i386_DISABLED_SUBDIRS=''
i386_EXTRACFLAGS=''
i386_EXTRACXXFLAGS=''
i386_LDFLAGS=''
i386_STRIP=''
i386_TARGET=''
includedir='${prefix}/include'
infodir='${datarootdir}/info'
libdir='${exec_prefix}/lib'
libexecdir='${exec_prefix}/libexec'
localedir='${datarootdir}/locale'
localstatedir='${prefix}/var'
mandir='${datarootdir}/man'
oldincludedir='/usr/include'
pdfdir='${docdir}'
prefix='NONE'
program_transform_name='s,x,x,'
psdir='${docdir}'
runstatedir='${localstatedir}/run'
sbindir='${exec_prefix}/sbin'
sharedstatedir='${prefix}/com'
srcdir='/private/tmp/fgmetal-wine-11.17-vkmetal-source/wine-11.17'
sysconfdir='${prefix}/etc'
system_dllpath=''
target_alias=''
toolsdir=''
toolsext=''
wine64dir=''
x86_64_CC=''
x86_64_CFLAGS=''
x86_64_CXX=''
x86_64_CXXFLAGS=''
x86_64_DEBUG=''
x86_64_DELAYLOADFLAG=''
x86_64_DISABLED_SUBDIRS=''
x86_64_EXTRACFLAGS=''
x86_64_EXTRACXXFLAGS=''
x86_64_LDFLAGS=''
x86_64_STRIP=''
x86_64_TARGET=''

## ----------- ##
## confdefs.h. ##
## ----------- ##

/* confdefs.h */
#define PACKAGE_NAME "Wine"
#define PACKAGE_TARNAME "wine"
#define PACKAGE_VERSION "11.17"
#define PACKAGE_STRING "Wine 11.17"
#define PACKAGE_BUGREPORT "wine-devel@winehq.org"
#define PACKAGE_URL "https://www.winehq.org"
#define EXEEXT ""

configure: exit 
