info:  Maximum supported feature level: D3D_FEATURE_LEVEL_11_1
info:  Using feature level D3D_FEATURE_LEVEL_11_0
info:  DXMT framegen enablement inputs changed: requested=1 occluded=0 source_supported=1 layer_owner=0 source_sequence=0
info:  DXMT framegen session reactivation: enabled=1 layer_owner=1 source_sequence=1
info:  DXMT framegen enablement inputs changed: requested=1 occluded=0 source_supported=1 layer_owner=1 source_sequence=2
err:   DXMT framegen could not quiesce layer ownership; ordinary nextDrawable is forbidden
info:  DXMT framegen enablement inputs changed: requested=1 occluded=0 source_supported=1 layer_owner=0 source_sequence=1369
info:  DXMT framegen session reactivation: enabled=1 layer_owner=1 source_sequence=1369
info:  DXMT framegen enablement inputs changed: requested=1 occluded=0 source_supported=1 layer_owner=1 source_sequence=1370
info:  DXMT framegen enablement inputs changed: requested=1 occluded=0 source_supported=1 layer_owner=0 source_sequence=1374
info:  DXMT framegen session reactivation: enabled=1 layer_owner=1 source_sequence=1374
info:  DXMT framegen enablement inputs changed: requested=1 occluded=0 source_supported=1 layer_owner=1 source_sequence=1375
info:  DXMT framegen enablement inputs changed: requested=1 occluded=0 source_supported=1 layer_owner=0 source_sequence=1379
info:  DXMT framegen session reactivation: enabled=1 layer_owner=1 source_sequence=1379
info:  DXMT framegen enablement inputs changed: requested=1 occluded=0 source_supported=1 layer_owner=1 source_sequence=1380
info:  DXMT framegen enablement inputs changed: requested=1 occluded=0 source_supported=1 layer_owner=0 source_sequence=1384
info:  DXMT framegen session reactivation: enabled=1 layer_owner=1 source_sequence=1384
info:  DXMT framegen enablement inputs changed: requested=1 occluded=0 source_supported=1 layer_owner=1 source_sequence=1385
info:  DXMT framegen enablement inputs changed: requested=1 occluded=0 source_supported=1 layer_owner=0 source_sequence=1389
info:  DXMT framegen session reactivation: enabled=1 layer_owner=1 source_sequence=1389
info:  DXMT framegen enablement inputs changed: requested=1 occluded=0 source_supported=1 layer_owner=1 source_sequence=1390
info:  DXMT framegen enablement inputs changed: requested=1 occluded=0 source_supported=1 layer_owner=0 source_sequence=1394
info:  DXMT framegen session reactivation: enabled=1 layer_owner=1 source_sequence=1394
info:  DXMT framegen enablement inputs changed: requested=1 occluded=0 source_supported=1 layer_owner=1 source_sequence=1395
info:  DXMT framegen enablement inputs changed: requested=1 occluded=0 source_supported=1 layer_owner=0 source_sequence=1399
info:  DXMT framegen session reactivation: enabled=1 layer_owner=1 source_sequence=1399
info:  DXMT framegen enablement inputs changed: requested=1 occluded=0 source_supported=1 layer_owner=1 source_sequence=1400
info:  DXMT framegen enablement inputs changed: requested=1 occluded=0 source_supported=1 layer_owner=0 source_sequence=1404
info:  DXMT framegen session reactivation: enabled=1 layer_owner=1 source_sequence=1404
info:  DXMT framegen enablement inputs changed: requested=1 occluded=0 source_supported=1 layer_owner=1 source_sequence=1405
info:  DXMT framegen enablement inputs changed: requested=1 occluded=0 source_supported=1 layer_owner=0 source_sequence=1409
info:  DXMT framegen session reactivation: enabled=1 layer_owner=1 source_sequence=1409
info:  DXMT framegen enablement inputs changed: requested=1 occluded=0 source_supported=1 layer_owner=1 source_sequence=1410
info:  DXMT framegen enablement inputs changed: requested=1 occluded=0 source_supported=1 layer_owner=0 source_sequence=1414
info:  DXMT framegen session reactivation: enabled=1 layer_owner=1 source_sequence=1414
info:  DXMT framegen enablement inputs changed: requested=1 occluded=0 source_supported=1 layer_owner=1 source_sequence=1415
info:  DXMT framegen enablement inputs changed: requested=1 occluded=0 source_supported=1 layer_owner=0 source_sequence=1419
info:  DXMT framegen session reactivation: enabled=1 layer_owner=1 source_sequence=1419
info:  DXMT framegen enablement inputs changed: requested=1 occluded=0 source_supported=1 layer_owner=1 source_sequence=1420
info:  DXMT framegen enablement inputs changed: requested=1 occluded=0 source_supported=1 layer_owner=0 source_sequence=1424
info:  DXMT framegen session reactivation: enabled=1 layer_owner=1 source_sequence=1424
info:  DXMT framegen enablement inputs changed: requested=1 occluded=0 source_supported=1 layer_owner=1 source_sequence=1425
info:  DXMT framegen enablement inputs changed: requested=1 occluded=0 source_supported=1 layer_owner=0 source_sequence=1429
info:  DXMT framegen session reactivation: enabled=1 layer_owner=1 source_sequence=1429
info:  DXMT framegen enablement inputs changed: requested=1 occluded=0 source_supported=1 layer_owner=1 source_sequence=1430
info:  DXMT framegen enablement inputs changed: requested=1 occluded=0 source_supported=1 layer_owner=0 source_sequence=1434
info:  DXMT framegen session reactivation: enabled=1 layer_owner=1 source_sequence=1434
info:  DXMT framegen enablement inputs changed: requested=1 occluded=0 source_supported=1 layer_owner=1 source_sequence=1435
info:  DXMT framegen enablement inputs changed: requested=1 occluded=0 source_supported=1 layer_owner=0 source_sequence=1439
info:  DXMT framegen session reactivation: enabled=1 layer_owner=1 source_sequence=1439
info:  DXMT framegen enablement inputs changed: requested=1 occluded=0 source_supported=1 layer_owner=1 source_sequence=1440
info:  DXMT framegen enablement inputs changed: requested=1 occluded=0 source_supported=1 layer_owner=0 source_sequence=1444
info:  DXMT framegen session reactivation: enabled=1 layer_owner=1 source_sequence=1444
info:  DXMT framegen enablement inputs changed: requested=1 occluded=0 source_supported=1 layer_owner=1 source_sequence=1445
info:  DXMT framegen enablement inputs changed: requested=1 occluded=0 source_supported=1 layer_owner=0 source_sequence=1449
info:  DXMT framegen session reactivation: enabled=1 layer_owner=1 source_sequence=1449
info:  DXMT framegen enablement inputs changed: requested=1 occluded=0 source_supported=1 layer_owner=1 source_sequence=1450
err:   DXMT framegen could not quiesce layer ownership; ordinary nextDrawable is forbidden
err:   DXMT framegen could not quiesce layer ownership; ordinary nextDrawable is forbidden
err:   DXMT framegen could not quiesce layer ownership; ordinary nextDrawable is forbidden
err:   DXMT framegen could not quiesce layer ownership; ordinary nextDrawable is forbidden
err:   DXMT framegen could not quiesce layer ownership; ordinary nextDrawable is forbidden
