start dxgi_module=00006fffff070000 dxgi_path_chars=100 dxgi_path=Z:\var\folders\4l\yp39dwhd7rg2y9xscgvhkyqw0000gn\T\fg-step8d1-fail-commandlist_reset.oaYaAL\dxgi.dll
call=CreateDXGIFactory hr=0x00000000 factory=000000000080b430
call=CreateDXGIFactory1 hr=0x00000000 factory=000000000080b430
call=CreateDXGIFactory2 hr=0x00000000 factory=000000000080b430
adapter_interface version=4 hr=0x00000000 adapter=0000000000812650
adapter_interface_matrix adapter0=1 adapter1=1 adapter2=1 adapter3=1 adapter4=1
com_identity factory_qi_iunknown=1 adapter_getparent_factory=1 result=PASS
adapter_enum_output_zero hr=0x00000000 output=0000000000812ea0
output_interface version=6 hr=0x00000000 output=0000000000812ea0
com_identity output_getparent_adapter hr=0x00000000 same_adapter=1
interface name=IDXGIFactory hr=0x00000000 ptr=000000000080b430
interface name=IDXGIFactory1 hr=0x00000000 ptr=000000000080b430
interface name=IDXGIFactory2 hr=0x00000000 ptr=000000000080b430
interface name=IDXGIFactory3 hr=0x00000000 ptr=000000000080b430
interface name=IDXGIFactory4 hr=0x00000000 ptr=000000000080b430
interface name=IDXGIFactory5 hr=0x00000000 ptr=000000000080b430
interface name=IDXGIFactory6 hr=0x00000000 ptr=000000000080b430
interface name=IDXGIFactory7 hr=0x00000000 ptr=000000000080b430
interface name=IDXGIFactoryMedia hr=0x80004002 ptr=0000000000000000
call=D3D12CreateDevice hr=0x00000000 device=00007f91e2017810
call=CreateCommandQueue hr=0x00000000 queue=00007f91e298ce10
call=CreateSwapChainForHwnd hr=0x00000000 swapchain=0000000000812ee0
call=QueryInterface_IDXGISwapChain3 hr=0x00000000 swapchain3=0000000000812ee0
com_identity swapchain_getparent_factory hr=0x00000000 same_factory=1
interface name=IDXGISwapChainMedia hr=0x80004002 ptr=0000000000000000
interface name=IDXGISwapChain hr=0x00000000 ptr=0000000000812ee0
interface name=IDXGISwapChain1 hr=0x00000000 ptr=0000000000812ee0
interface name=IDXGISwapChain2 hr=0x00000000 ptr=0000000000812ee0
interface name=IDXGISwapChain3 hr=0x00000000 ptr=0000000000812ee0
interface name=IDXGISwapChain4 hr=0x00000000 ptr=0000000000812ee0
test_case=A frames=15 target_fps=0 source_index_policy=GetCurrentBackBufferIndex_each_frame allocator_policy=per_backbuffer
timing qpc_frequency=10000000 target_fps=0
present frame=0 source_index=0 allocator_index=0 expected_next=1 observed_next=1 qpc=3106350987939 duration_ticks=20190 hr=0x00000000
present frame=1 source_index=1 allocator_index=1 expected_next=2 observed_next=2 qpc=3106351012947 duration_ticks=1133 hr=0x00000000
present frame=2 source_index=2 allocator_index=2 expected_next=0 observed_next=0 qpc=3106351014257 duration_ticks=1446 hr=0x00000000
present frame=3 source_index=0 allocator_index=0 expected_next=1 observed_next=1 qpc=3106351067883 duration_ticks=5061 hr=0x00000000
present frame=4 source_index=1 allocator_index=1 expected_next=2 observed_next=2 qpc=3106351073273 duration_ticks=3129 hr=0x00000000
present frame=5 source_index=2 allocator_index=2 expected_next=0 observed_next=0 qpc=3106351076662 duration_ticks=2460 hr=0x00000000
present frame=6 source_index=0 allocator_index=0 expected_next=1 observed_next=1 qpc=3106351079413 duration_ticks=1858 hr=0x00000000
present frame=7 source_index=1 allocator_index=1 expected_next=2 observed_next=2 qpc=3106351081498 duration_ticks=1602 hr=0x00000000
present frame=8 source_index=2 allocator_index=2 expected_next=0 observed_next=0 qpc=3106351083327 duration_ticks=1605 hr=0x00000000
present frame=9 source_index=0 allocator_index=0 expected_next=1 observed_next=1 qpc=3106351085094 duration_ticks=5980 hr=0x00000000
present frame=10 source_index=1 allocator_index=1 expected_next=2 observed_next=2 qpc=3106351091233 duration_ticks=1557 hr=0x00000000
present frame=11 source_index=2 allocator_index=2 expected_next=0 observed_next=0 qpc=3106351092987 duration_ticks=1323 hr=0x00000000
present frame=12 source_index=0 allocator_index=0 expected_next=1 observed_next=1 qpc=3106351094586 duration_ticks=1350 hr=0x00000000
present frame=13 source_index=1 allocator_index=1 expected_next=2 observed_next=2 qpc=3106351096150 duration_ticks=4624 hr=0x00000000
present frame=14 source_index=2 allocator_index=2 expected_next=0 observed_next=0 qpc=3106351101014 duration_ticks=3116 hr=0x00000000
complete frames=15 elapsed_ticks=123244
frame_statistics hr=0x00000000 present_count=15 present_refresh=15 sync_refresh=15
last_present_count hr=0x00000000 count=15
memory_sample hr=0x00000000 current_working_set=85475328 current_private=44394369024 max_sampled_working_set=85475328 max_sampled_private=44394369024 sample_interval_frames=30
bookkeeping_result case=A invariant_mismatches=0 result=PASS
