start dxgi_module=00006fffff070000 dxgi_path_chars=100 dxgi_path=Z:\var\folders\4l\yp39dwhd7rg2y9xscgvhkyqw0000gn\T\fg-step8d1-fail-commandlist_close.gQSbD6\dxgi.dll
call=CreateDXGIFactory hr=0x00000000 factory=000000000080b430
call=CreateDXGIFactory1 hr=0x00000000 factory=000000000080b430
call=CreateDXGIFactory2 hr=0x00000000 factory=000000000080b430
adapter_interface version=4 hr=0x00000000 adapter=0000000000812d50
adapter_interface_matrix adapter0=1 adapter1=1 adapter2=1 adapter3=1 adapter4=1
com_identity factory_qi_iunknown=1 adapter_getparent_factory=1 result=PASS
adapter_enum_output_zero hr=0x00000000 output=0000000000812ea0
output_interface version=6 hr=0x00000000 output=0000000000812ea0
com_identity output_getparent_adapter hr=0x00000000 same_adapter=1
interface name=IDXGIFactory hr=0x00000000 ptr=000000000080b430
interface name=IDXGIFactory1 hr=0x00000000 ptr=000000000080b430
interface name=IDXGIFactory2 hr=0x00000000 ptr=000000000080b430
interface name=IDXGIFactory3 hr=0x00000000 ptr=000000000080b430
interface name=IDXGIFactory4 hr=0x00000000 ptr=000000000080b430
interface name=IDXGIFactory5 hr=0x00000000 ptr=000000000080b430
interface name=IDXGIFactory6 hr=0x00000000 ptr=000000000080b430
interface name=IDXGIFactory7 hr=0x00000000 ptr=000000000080b430
interface name=IDXGIFactoryMedia hr=0x80004002 ptr=0000000000000000
call=D3D12CreateDevice hr=0x00000000 device=00007f905904d610
call=CreateCommandQueue hr=0x00000000 queue=00007f905907fc10
call=CreateSwapChainForHwnd hr=0x00000000 swapchain=0000000000812ee0
call=QueryInterface_IDXGISwapChain3 hr=0x00000000 swapchain3=0000000000812ee0
com_identity swapchain_getparent_factory hr=0x00000000 same_factory=1
interface name=IDXGISwapChainMedia hr=0x80004002 ptr=0000000000000000
interface name=IDXGISwapChain hr=0x00000000 ptr=0000000000812ee0
interface name=IDXGISwapChain1 hr=0x00000000 ptr=0000000000812ee0
interface name=IDXGISwapChain2 hr=0x00000000 ptr=0000000000812ee0
interface name=IDXGISwapChain3 hr=0x00000000 ptr=0000000000812ee0
interface name=IDXGISwapChain4 hr=0x00000000 ptr=0000000000812ee0
test_case=A frames=15 target_fps=0 source_index_policy=GetCurrentBackBufferIndex_each_frame allocator_policy=per_backbuffer
timing qpc_frequency=10000000 target_fps=0
present frame=0 source_index=0 allocator_index=0 expected_next=1 observed_next=1 qpc=3106357007182 duration_ticks=25777 hr=0x00000000
present frame=1 source_index=1 allocator_index=1 expected_next=2 observed_next=2 qpc=3106357036090 duration_ticks=2654 hr=0x00000000
present frame=2 source_index=2 allocator_index=2 expected_next=0 observed_next=0 qpc=3106357039058 duration_ticks=3114 hr=0x00000000
present frame=3 source_index=0 allocator_index=0 expected_next=1 observed_next=1 qpc=3106357096827 duration_ticks=4925 hr=0x00000000
present frame=4 source_index=1 allocator_index=1 expected_next=2 observed_next=2 qpc=3106357102192 duration_ticks=3077 hr=0x00000000
present frame=5 source_index=2 allocator_index=2 expected_next=0 observed_next=0 qpc=3106357105522 duration_ticks=2507 hr=0x00000000
present frame=6 source_index=0 allocator_index=0 expected_next=1 observed_next=1 qpc=3106357108238 duration_ticks=2922 hr=0x00000000
present frame=7 source_index=1 allocator_index=1 expected_next=2 observed_next=2 qpc=3106357111361 duration_ticks=1839 hr=0x00000000
present frame=8 source_index=2 allocator_index=2 expected_next=0 observed_next=0 qpc=3106357113414 duration_ticks=2134 hr=0x00000000
present frame=9 source_index=0 allocator_index=0 expected_next=1 observed_next=1 qpc=3106357115867 duration_ticks=1741 hr=0x00000000
present frame=10 source_index=1 allocator_index=1 expected_next=2 observed_next=2 qpc=3106357117813 duration_ticks=4790 hr=0x00000000
present frame=11 source_index=2 allocator_index=2 expected_next=0 observed_next=0 qpc=3106357122783 duration_ticks=2028 hr=0x00000000
present frame=12 source_index=0 allocator_index=0 expected_next=1 observed_next=1 qpc=3106357124962 duration_ticks=1615 hr=0x00000000
present frame=13 source_index=1 allocator_index=1 expected_next=2 observed_next=2 qpc=3106357126722 duration_ticks=2477 hr=0x00000000
present frame=14 source_index=2 allocator_index=2 expected_next=0 observed_next=0 qpc=3106357129494 duration_ticks=1806 hr=0x00000000
complete frames=15 elapsed_ticks=132981
frame_statistics hr=0x00000000 present_count=15 present_refresh=15 sync_refresh=15
last_present_count hr=0x00000000 count=15
memory_sample hr=0x00000000 current_working_set=89899008 current_private=44379500544 max_sampled_working_set=89899008 max_sampled_private=44379500544 sample_interval_frames=30
bookkeeping_result case=A invariant_mismatches=0 result=PASS
